Component: Arm Compiler for Embedded 6.22 Tool: armlink [5ee90200]

==============================================================================

Section Cross References

    startup_stm32f407xx.o(STACK) refers (Special) to heapauxi.o(.text) for __use_two_region_memory
    startup_stm32f407xx.o(HEAP) refers (Special) to heapauxi.o(.text) for __use_two_region_memory
    startup_stm32f407xx.o(RESET) refers (Special) to heapauxi.o(.text) for __use_two_region_memory
    startup_stm32f407xx.o(RESET) refers to startup_stm32f407xx.o(STACK) for __initial_sp
    startup_stm32f407xx.o(RESET) refers to startup_stm32f407xx.o(.text) for Reset_Handler
    startup_stm32f407xx.o(RESET) refers to stm32f4xx_it.o(.text.NMI_Handler) for NMI_Handler
    startup_stm32f407xx.o(RESET) refers to stm32f4xx_it.o(.text.HardFault_Handler) for HardFault_Handler
    startup_stm32f407xx.o(RESET) refers to stm32f4xx_it.o(.text.MemManage_Handler) for MemManage_Handler
    startup_stm32f407xx.o(RESET) refers to stm32f4xx_it.o(.text.BusFault_Handler) for BusFault_Handler
    startup_stm32f407xx.o(RESET) refers to stm32f4xx_it.o(.text.UsageFault_Handler) for UsageFault_Handler
    startup_stm32f407xx.o(RESET) refers to stm32f4xx_it.o(.text.SVC_Handler) for SVC_Handler
    startup_stm32f407xx.o(RESET) refers to stm32f4xx_it.o(.text.DebugMon_Handler) for DebugMon_Handler
    startup_stm32f407xx.o(RESET) refers to stm32f4xx_it.o(.text.PendSV_Handler) for PendSV_Handler
    startup_stm32f407xx.o(RESET) refers to stm32f4xx_it.o(.text.SysTick_Handler) for SysTick_Handler
    startup_stm32f407xx.o(RESET) refers to stm32f4xx_it.o(.text.DMA1_Stream1_IRQHandler) for DMA1_Stream1_IRQHandler
    startup_stm32f407xx.o(RESET) refers to stm32f4xx_it.o(.text.DMA1_Stream3_IRQHandler) for DMA1_Stream3_IRQHandler
    startup_stm32f407xx.o(RESET) refers to stm32f4xx_it.o(.text.TIM3_IRQHandler) for TIM3_IRQHandler
    startup_stm32f407xx.o(RESET) refers to stm32f4xx_it.o(.text.USART1_IRQHandler) for USART1_IRQHandler
    startup_stm32f407xx.o(RESET) refers to stm32f4xx_it.o(.text.USART3_IRQHandler) for USART3_IRQHandler
    startup_stm32f407xx.o(RESET) refers to stm32f4xx_it.o(.text.TIM6_DAC_IRQHandler) for TIM6_DAC_IRQHandler
    startup_stm32f407xx.o(.text) refers (Special) to heapauxi.o(.text) for __use_two_region_memory
    startup_stm32f407xx.o(.text) refers to system_stm32f4xx.o(.text.SystemInit) for SystemInit
    startup_stm32f407xx.o(.text) refers to __main.o(!!!main) for __main
    startup_stm32f407xx.o(.text) refers to startup_stm32f407xx.o(HEAP) for Heap_Mem
    startup_stm32f407xx.o(.text) refers to startup_stm32f407xx.o(STACK) for Stack_Mem
    main.o(.text.main) refers to stm32f4xx_hal.o(.text.HAL_Init) for HAL_Init
    main.o(.text.main) refers to main.o(.text.SystemClock_Config) for SystemClock_Config
    main.o(.text.main) refers to gpio.o(.text.MX_GPIO_Init) for MX_GPIO_Init
    main.o(.text.main) refers to dma.o(.text.MX_DMA_Init) for MX_DMA_Init
    main.o(.text.main) refers to usart.o(.text.MX_USART3_UART_Init) for MX_USART3_UART_Init
    main.o(.text.main) refers to tim.o(.text.MX_TIM2_Init) for MX_TIM2_Init
    main.o(.text.main) refers to tim.o(.text.MX_TIM3_Init) for MX_TIM3_Init
    main.o(.text.main) refers to usart.o(.text.MX_USART1_UART_Init) for MX_USART1_UART_Init
    main.o(.text.main) refers to tim.o(.text.MX_TIM6_Init) for MX_TIM6_Init
    main.o(.text.main) refers to tim.o(.text.MX_TIM4_Init) for MX_TIM4_Init
    main.o(.text.main) refers to key.o(.text.Key_Init) for Key_Init
    main.o(.text.main) refers to serial.o(.text.Serial_Init) for Serial_Init
    main.o(.text.main) refers to motor.o(.text.Motor_Init) for Motor_Init
    main.o(.text.main) refers to control.o(.text.Control_Init) for Control_Init
    main.o(.text.main) refers to mainpp.o(.text.setup) for setup
    main.o(.text.main) refers to tim.o(.bss.htim6) for htim6
    main.o(.text.main) refers to stm32f4xx_hal_tim.o(.text.HAL_TIM_Base_Start_IT) for HAL_TIM_Base_Start_IT
    main.o(.ARM.exidx.text.main) refers to main.o(.text.main) for [Anonymous Symbol]
    main.o(.text.SystemClock_Config) refers to rt_memclr_w.o(.text) for __aeabi_memclr4
    main.o(.text.SystemClock_Config) refers to stm32f4xx_hal_rcc.o(.text.HAL_RCC_OscConfig) for HAL_RCC_OscConfig
    main.o(.text.SystemClock_Config) refers to stm32f4xx_hal_rcc.o(.text.HAL_RCC_ClockConfig) for HAL_RCC_ClockConfig
    main.o(.ARM.exidx.text.SystemClock_Config) refers to main.o(.text.SystemClock_Config) for [Anonymous Symbol]
    main.o(.ARM.exidx.text.Error_Handler) refers to main.o(.text.Error_Handler) for [Anonymous Symbol]
    main.o(.text.HAL_TIM_PeriodElapsedCallback) refers to main.o(.bss.HAL_TIM_PeriodElapsedCallback.task_scheduler_counter) for HAL_TIM_PeriodElapsedCallback.task_scheduler_counter
    main.o(.text.HAL_TIM_PeriodElapsedCallback) refers to control.o(.text.Control_Loop) for Control_Loop
    main.o(.text.HAL_TIM_PeriodElapsedCallback) refers to mainpp.o(.text.loop) for loop
[...]
    [Anonymous Symbol]                       0x08004fe0   Section        0  mainpp.o(.text.setup)
    $v0                                      0x0800503c   Number         0  d2f.o(x$fpl$d2f)
    x$fpl$d2f                                0x0800503c   Section       98  d2f.o(x$fpl$d2f)
    $v0                                      0x0800509e   Number         0  dflt_clz.o(x$fpl$dflt)
    x$fpl$dflt                               0x0800509e   Section       46  dflt_clz.o(x$fpl$dflt)
    $v0                                      0x080050cc   Number         0  dnaninf.o(x$fpl$dnaninf)
    x$fpl$dnaninf                            0x080050cc   Section      156  dnaninf.o(x$fpl$dnaninf)
    $v0                                      0x08005168   Number         0  dretinf.o(x$fpl$dretinf)
    x$fpl$dretinf                            0x08005168   Section       12  dretinf.o(x$fpl$dretinf)
    $v0                                      0x08005174   Number         0  f2d.o(x$fpl$f2d)
    x$fpl$f2d                                0x08005174   Section       86  f2d.o(x$fpl$f2d)
    $v0                                      0x080051ca   Number         0  fnaninf.o(x$fpl$fnaninf)
    x$fpl$fnaninf                            0x080051ca   Section      140  fnaninf.o(x$fpl$fnaninf)
    $v0                                      0x08005256   Number         0  fpinit.o(x$fpl$fpinit)
    x$fpl$fpinit                             0x08005256   Section       26  fpinit.o(x$fpl$fpinit)
    $v0                                      0x08005270   Number         0  fretinf.o(x$fpl$fretinf)
    x$fpl$fretinf                            0x08005270   Section       10  fretinf.o(x$fpl$fretinf)
    x$fpl$usenofp                            0x0800527a   Section        0  usenofp.o(x$fpl$usenofp)
    rosserial_msgs::REQUESTPARAM             0x08005292   Data          28  mainpp.o(.rodata._ZN14rosserial_msgsL12REQUESTPARAME)
    [Anonymous Symbol]                       0x08005292   Section        0  mainpp.o(.rodata._ZN14rosserial_msgsL12REQUESTPARAME)
    DMA_CalcBaseAndBitshift.flagBitshiftOffset 0x0800539c   Data           8  stm32f4xx_hal_dma.o(.rodata.cst8)
    [Anonymous Symbol]                       0x0800539c   Section        0  stm32f4xx_hal_dma.o(.rodata.cst8)
    .L.str.17                                0x080053a4   Data          33  mainpp.o(.rodata.str1.1)
    [Anonymous Symbol]                       0x080053a4   Section        0  mainpp.o(.rodata.str1.1)
    .L.str.16                                0x080053d8   Data          20  mainpp.o(.rodata.str1.1)
    .L.str.5                                 0x080053eb   Data           1  mainpp.o(.rodata.str1.1)
    .L_MergedGlobals                         0x20000000   Data          96  mainpp.o(.data..L_MergedGlobals)
    [Anonymous Symbol]                       0x20000000   Section        0  mainpp.o(.data..L_MergedGlobals)
    .L_MergedGlobals                         0x20000060   Data           8  stm32f4xx_hal.o(.data..L_MergedGlobals)
    [Anonymous Symbol]                       0x20000060   Section        0  stm32f4xx_hal.o(.data..L_MergedGlobals)
    .bss                                     0x20000e00   Section       96  libspace.o(.bss)
    .L_MergedGlobals                         0x20000e60   Data          88  control.o(.bss..L_MergedGlobals)
    [Anonymous Symbol]                       0x20000e60   Section        0  control.o(.bss..L_MergedGlobals)
    .L_MergedGlobals                         0x20000eb8   Data           2  serial.o(.bss..L_MergedGlobals)
    [Anonymous Symbol]                       0x20000eb8   Section        0  serial.o(.bss..L_MergedGlobals)
    .L_MergedGlobals.22                      0x20000ebc   Data           8  mainpp.o(.bss..L_MergedGlobals.22)
    [Anonymous Symbol]                       0x20000ebc   Section        0  mainpp.o(.bss..L_MergedGlobals.22)
    HAL_TIM_PeriodElapsedCallback.task_scheduler_counter 0x20000ec4   Data           2  main.o(.bss.HAL_TIM_PeriodElapsedCallback.task_scheduler_counter)
    [Anonymous Symbol]                       0x20000ec4   Section        0  main.o(.bss.HAL_TIM_PeriodElapsedCallback.task_scheduler_counter)
    Heap_Mem                                 0x20001148   Data        1024  startup_stm32f407xx.o(HEAP)
    HEAP                                     0x20001148   Section     1024  startup_stm32f407xx.o(HEAP)
    Stack_Mem                                0x20001548   Data        4096  startup_stm32f407xx.o(STACK)
    STACK                                    0x20001548   Section     4096  startup_stm32f407xx.o(STACK)
    __initial_sp                             0x20002548   Data           0  startup_stm32f407xx.o(STACK)

    Global Symbols

    Symbol Name                              Value     Ov Type        Size  Object(Section)

    BuildAttributes$$THM_ISAv4$E$P$D$K$B$S$7EM$VFPi3$EXTD16$VFPS$VFMA$PE$A:L22UL41UL21$X:L11$S22US41US21$IEEE1$IW$~IW$USESV6$~STKCKD$USESV7$~SHL$OTIME$ROPI$IEEEJ$EBA8$UX$STANDARDLIB$REQ8$PRES8$EABIv2 0x00000000   Number         0  anon$$obj.o ABSOLUTE
    _printf_flags                            0x00000000   Number         0  printf_stubs.o ABSOLUTE
    _printf_return_value                     0x00000000   Number         0  printf_stubs.o ABSOLUTE
    _printf_sizespec                         0x00000000   Number         0  printf_stubs.o ABSOLUTE
    _printf_widthprec                        0x00000000   Number         0  printf_stubs.o ABSOLUTE
    __ARM_exceptions_init                     - Undefined Weak Reference
    __alloca_initialize                       - Undefined Weak Reference
    __arm_preinit_                            - Undefined Weak Reference
    __arm_relocate_pie_                       - Undefined Weak Reference
    __cpp_initialize__aeabi_                  - Undefined Weak Reference
    __cxa_finalize                            - Undefined Weak Reference
    __sigvec_lookup                           - Undefined Weak Reference
    __user_heap_extent                        - Undefined Weak Reference
    _atexit_init                              - Undefined Weak Reference
    _call_atexit_fns                          - Undefined Weak Reference
    _clock_init                               - Undefined Weak Reference
    _fp_trap_init                             - Undefined Weak Reference
    _fp_trap_shutdown                         - Undefined Weak Reference
    _get_lc_collate                           - Undefined Weak Reference
    _get_lc_monetary                          - Undefined Weak Reference
    _get_lc_time                              - Undefined Weak Reference
    _getenv_init                              - Undefined Weak Reference
    _handle_redirection                       - Undefined Weak Reference
    _initio                                   - Undefined Weak Reference
    _mutex_acquire                            - Undefined Weak Reference
    _mutex_free                               - Undefined Weak Reference
    _mutex_release                            - Undefined Weak Reference
    _printf_mbtowc                            - Undefined Weak Reference
    _printf_wc                                - Undefined Weak Reference
    _rand_init                                - Undefined Weak Reference
    _signal_finish                            - Undefined Weak Reference
    _signal_init                              - Undefined Weak Reference
    _terminateio                              - Undefined Weak Reference
    __Vectors_Size                           0x00000188   Number         0  startup_stm32f407xx.o ABSOLUTE
    __Vectors                                0x08000000   Data           4  startup_stm32f407xx.o(RESET)
    __Vectors_End                            0x08000188   Data           0  startup_stm32f407xx.o(RESET)
    __main                                   0x08000189   Thumb Code     8  __main.o(!!!main)
    __scatterload                            0x08000191   Thumb Code     0  __scatter.o(!!!scatter)
    __scatterload_rt2                        0x08000191   Thumb Code    84  __scatter.o(!!!scatter)
    __scatterload_rt2_thumb_only             0x08000191   Thumb Code     0  __scatter.o(!!!scatter)
    __scatterload_loop                       0x0800019b   Thumb Code     0  __scatter.o(!!!scatter)
    __decompress                             0x080001ed   Thumb Code    58  __dczerorl.o(!!dczerorl)
    __decompress0                            0x080001ed   Thumb Code     0  __dczerorl.o(!!dczerorl)
    __scatterload_null                       0x08000229   Thumb Code     2  __scatter.o(!!handler_null)
    __scatterload_zeroinit                   0x0800022d   Thumb Code    28  __scatter_zi.o(!!handler_zi)
    __rt_lib_init                            0x08000249   Thumb Code     0  libinit.o(.ARM.Collect$$libinit$$00000000)
    __rt_lib_init_fp_1                       0x0800024b   Thumb Code     0  libinit2.o(.ARM.Collect$$libinit$$00000001)
    __rt_lib_init_heap_2                     0x0800024f   Thumb Code     0  libinit2.o(.ARM.Collect$$libinit$$00000007)
    __rt_lib_init_preinit_1                  0x0800024f   Thumb Code     0  libinit2.o(.ARM.Collect$$libinit$$00000006)
    __rt_lib_init_relocate_pie_1             0x0800024f   Thumb Code     0  libinit2.o(.ARM.Collect$$libinit$$00000004)
    __rt_lib_init_alloca_1                   0x08000257   Thumb Code     0  libinit2.o(.ARM.Collect$$libinit$$00000030)
    __rt_lib_init_argv_1                     0x08000257   Thumb Code     0  libinit2.o(.ARM.Collect$$libinit$$0000002E)
    __rt_lib_init_atexit_1                   0x08000257   Thumb Code     0  libinit2.o(.ARM.Collect$$libinit$$0000001D)
    __rt_lib_init_clock_1                    0x08000257   Thumb Code     0  libinit2.o(.ARM.Collect$$libinit$$00000023)
    __rt_lib_init_cpp_1                      0x08000257   Thumb Code     0  libinit2.o(.ARM.Collect$$libinit$$00000034)
    __rt_lib_init_exceptions_1               0x08000257   Thumb Code     0  libinit2.o(.ARM.Collect$$libinit$$00000032)
    __rt_lib_init_fp_trap_1                  0x08000257   Thumb Code     0  libinit2.o(.ARM.Collect$$libinit$$00000021)
    __rt_lib_init_getenv_1                   0x08000257   Thumb Code     0  libinit2.o(.ARM.Collect$$libinit$$00000025)
    __rt_lib_init_heap_1                     0x08000257   Thumb Code     0  libinit2.o(.ARM.Collect$$libinit$$0000000C)
    __rt_lib_init_lc_collate_1               0x08000257   Thumb Code     0  libinit2.o(.ARM.Collect$$libinit$$00000013)
    __rt_lib_init_lc_ctype_1                 0x08000257   Thumb Code     0  libinit2.o(.ARM.Collect$$libinit$$00000015)
    __rt_lib_init_lc_monetary_1              0x08000257   Thumb Code     0  libinit2.o(.ARM.Collect$$libinit$$00000017)
    __rt_lib_init_lc_numeric_1               0x08000257   Thumb Code     0  libinit2.o(.ARM.Collect$$libinit$$00000019)
    __rt_lib_init_lc_time_1                  0x08000257   Thumb Code     0  libinit2.o(.ARM.Collect$$libinit$$0000001B)
    __rt_lib_init_rand_1                     0x08000257   Thumb Code     0  libinit2.o(.ARM.Collect$$libinit$$00000010)
    __rt_lib_init_return                     0x08000257   Thumb Code     0  libinit2.o(.ARM.Collect$$libinit$$00000035)
    __rt_lib_init_signal_1                   0x08000257   Thumb Code     0  libinit2.o(.ARM.Collect$$libinit$$0000001F)
    __rt_lib_init_stdio_1                    0x08000257   Thumb Code     0  libinit2.o(.ARM.Collect$$libinit$$00000027)
    __rt_lib_init_user_alloc_1               0x08000257   Thumb Code     0  libinit2.o(.ARM.Collect$$libinit$$0000000E)
    __rt_lib_shutdown                        0x08000259   Thumb Code     0  libshutdown.o(.ARM.Collect$$libshutdown$$00000000)
    __rt_lib_shutdown_cpp_1                  0x0800025b   Thumb Code     0  libshutdown2.o(.ARM.Collect$$libshutdown$$00000002)
    __rt_lib_shutdown_fp_trap_1              0x0800025b   Thumb Code     0  libshutdown2.o(.ARM.Collect$$libshutdown$$00000007)
    __rt_lib_shutdown_heap_1                 0x0800025b   Thumb Code     0  libshutdown2.o(.ARM.Collect$$libshutdown$$0000000F)
    __rt_lib_shutdown_return                 0x0800025b   Thumb Code     0  libshutdown2.o(.ARM.Collect$$libshutdown$$00000010)
    __rt_lib_shutdown_signal_1               0x0800025b   Thumb Code     0  libshutdown2.o(.ARM.Collect$$libshutdown$$0000000A)
    __rt_lib_shutdown_stdio_1                0x0800025b   Thumb Code     0  libshutdown2.o(.ARM.Collect$$libshutdown$$00000004)
    __rt_lib_shutdown_user_alloc_1           0x0800025b   Thumb Code     0  libshutdown2.o(.ARM.Collect$$libshutdown$$0000000C)
    __rt_entry                               0x0800025d   Thumb Code     0  __rtentry.o(.ARM.Collect$$rtentry$$00000000)
    __rt_entry_presh_1                       0x0800025d   Thumb Code     0  __rtentry2.o(.ARM.Collect$$rtentry$$00000002)
    __rt_entry_sh                            0x0800025d   Thumb Code     0  __rtentry4.o(.ARM.Collect$$rtentry$$00000004)
    __rt_entry_li                            0x08000263   Thumb Code     0  __rtentry2.o(.ARM.Collect$$rtentry$$0000000A)
    __rt_entry_postsh_1                      0x08000263   Thumb Code     0  __rtentry2.o(.ARM.Collect$$rtentry$$00000009)
    __rt_entry_main                          0x08000267   Thumb Code     0  __rtentry2.o(.ARM.Collect$$rtentry$$0000000D)
    __rt_entry_postli_1                      0x08000267   Thumb Code     0  __rtentry2.o(.ARM.Collect$$rtentry$$0000000C)
    __rt_exit                                0x0800026f   Thumb Code     0  rtexit.o(.ARM.Collect$$rtexit$$00000000)
    __rt_exit_ls                             0x08000271   Thumb Code     0  rtexit2.o(.ARM.Collect$$rtexit$$00000003)
    __rt_exit_prels_1                        0x08000271   Thumb Code     0  rtexit2.o(.ARM.Collect$$rtexit$$00000002)
    __rt_exit_exit                           0x08000275   Thumb Code     0  rtexit2.o(.ARM.Collect$$rtexit$$00000004)
    Reset_Handler                            0x0800027d   Thumb Code     8  startup_stm32f407xx.o(.text)
    ADC_IRQHandler                           0x08000297   Thumb Code     0  startup_stm32f407xx.o(.text)
    CAN1_RX0_IRQHandler                      0x08000297   Thumb Code     0  startup_stm32f407xx.o(.text)
    CAN1_RX1_IRQHandler                      0x08000297   Thumb Code     0  startup_stm32f407xx.o(.text)
    CAN1_SCE_IRQHandler                      0x08000297   Thumb Code     0  startup_stm32f407xx.o(.text)
    CAN1_TX_IRQHandler                       0x08000297   Thumb Code     0  startup_stm32f407xx.o(.text)
    CAN2_RX0_IRQHandler                      0x08000297   Thumb Code     0  startup_stm32f407xx.o(.text)
    CAN2_RX1_IRQHandler                      0x08000297   Thumb Code     0  startup_stm32f407xx.o(.text)
    CAN2_SCE_IRQHandler                      0x08000297   Thumb Code     0  startup_stm32f407xx.o(.text)
    CAN2_TX_IRQHandler                       0x08000297   Thumb Code     0  startup_stm32f407xx.o(.text)
    DCMI_IRQHandler                          0x08000297   Thumb Code     0  startup_stm32f407xx.o(.text)
    DMA1_Stream0_IRQHandler                  0x08000297   Thumb Code     0  startup_stm32f407xx.o(.text)
    DMA1_Stream2_IRQHandler                  0x08000297   Thumb Code     0  startup_stm32f407xx.o(.text)
    DMA1_Stream4_IRQHandler                  0x08000297   Thumb Code     0  startup_stm32f407xx.o(.text)
    DMA1_Stream5_IRQHandler                  0x08000297   Thumb Code     0  startup_stm32f407xx.o(.text)
    DMA1_Stream6_IRQHandler                  0x08000297   Thumb Code     0  startup_stm32f407xx.o(.text)
    DMA1_Stream7_IRQHandler                  0x08000297   Thumb Code     0  startup_stm32f407xx.o(.text)
    DMA2_Stream0_IRQHandler                  0x08000297   Thumb Code     0  startup_stm32f407xx.o(.text)
    DMA2_Stream1_IRQHandler                  0x08000297   Thumb Code     0  startup_stm32f407xx.o(.text)
    DMA2_Stream2_IRQHandler                  0x08000297   Thumb Code     0  startup_stm32f407xx.o(.text)
    DMA2_Stream3_IRQHandler                  0x08000297   Thumb Code     0  startup_stm32f407xx.o(.text)
    DMA2_Stream4_IRQHandler                  0x08000297   Thumb Code     0  startup_stm32f407xx.o(.text)
    DMA2_Stream5_IRQHandler                  0x08000297   Thumb Code     0  startup_stm32f407xx.o(.text)
    DMA2_Stream6_IRQHandler                  0x08000297   Thumb Code     0  startup_stm32f407xx.o(.text)
    DMA2_Stream7_IRQHandler                  0x08000297   Thumb Code     0  startup_stm32f407xx.o(.text)
    ETH_IRQHandler                           0x08000297   Thumb Code     0  startup_stm32f407xx.o(.text)
    ETH_WKUP_IRQHandler                      0x08000297   Thumb Code     0  startup_stm32f407xx.o(.text)
    EXTI0_IRQHandler                         0x08000297   Thumb Code     0  startup_stm32f407xx.o(.text)
    EXTI15_10_IRQHandler                     0x08000297   Thumb Code     0  startup_stm32f407xx.o(.text)
    EXTI1_IRQHandler                         0x08000297   Thumb Code     0  startup_stm32f407xx.o(.text)
    EXTI2_IRQHandler                         0x08000297   Thumb Code     0  startup_stm32f407xx.o(.text)
    EXTI3_IRQHandler                         0x08000297   Thumb Code     0  startup_stm32f407xx.o(.text)
    EXTI4_IRQHandler                         0x08000297   Thumb Code     0  startup_stm32f407xx.o(.text)
    EXTI9_5_IRQHandler                       0x08000297   Thumb Code     0  startup_stm32f407xx.o(.text)
    FLASH_IRQHandler                         0x08000297   Thumb Code     0  startup_stm32f407xx.o(.text)
    FMC_IRQHandler                           0x08000297   Thumb Code     0  startup_stm32f407xx.o(.text)
    FPU_IRQHandler                           0x08000297   Thumb Code     0  startup_stm32f407xx.o(.text)
    HASH_RNG_IRQHandler                      0x08000297   Thumb Code     0  startup_stm32f407xx.o(.text)
    I2C1_ER_IRQHandler                       0x08000297   Thumb Code     0  startup_stm32f407xx.o(.text)
    I2C1_EV_IRQHandler                       0x08000297   Thumb Code     0  startup_stm32f407xx.o(.text)
    I2C2_ER_IRQHandler                       0x08000297   Thumb Code     0  startup_stm32f407xx.o(.text)
    I2C2_EV_IRQHandler                       0x08000297   Thumb Code     0  startup_stm32f407xx.o(.text)
    I2C3_ER_IRQHandler                       0x08000297   Thumb Code     0  startup_stm32f407xx.o(.text)
    I2C3_EV_IRQHandler                       0x08000297   Thumb Code     0  startup_stm32f407xx.o(.text)
    OTG_FS_IRQHandler                        0x08000297   Thumb Code     0  startup_stm32f407xx.o(.text)
    OTG_FS_WKUP_IRQHandler                   0x08000297   Thumb Code     0  startup_stm32f407xx.o(.text)
    OTG_HS_EP1_IN_IRQHandler                 0x08000297   Thumb Code     0  startup_stm32f407xx.o(.text)
    OTG_HS_EP1_OUT_IRQHandler                0x08000297   Thumb Code     0  startup_stm32f407xx.o(.text)
    OTG_HS_IRQHandler                        0x08000297   Thumb Code     0  startup_stm32f407xx.o(.text)
    OTG_HS_WKUP_IRQHandler                   0x08000297   Thumb Code     0  startup_stm32f407xx.o(.text)
    PVD_IRQHandler                           0x08000297   Thumb Code     0  startup_stm32f407xx.o(.text)
    RCC_IRQHandler                           0x08000297   Thumb Code     0  startup_stm32f407xx.o(.text)
    RTC_Alarm_IRQHandler                     0x08000297   Thumb Code     0  startup_stm32f407xx.o(.text)
    RTC_WKUP_IRQHandler                      0x08000297   Thumb Code     0  startup_stm32f407xx.o(.text)
    SDIO_IRQHandler                          0x08000297   Thumb Code     0  startup_stm32f407xx.o(.text)
    SPI1_IRQHandler                          0x08000297   Thumb Code     0  startup_stm32f407xx.o(.text)
    SPI2_IRQHandler                          0x08000297   Thumb Code     0  startup_stm32f407xx.o(.text)
    SPI3_IRQHandler                          0x08000297   Thumb Code     0  startup_stm32f407xx.o(.text)
    TAMP_STAMP_IRQHandler                    0x08000297   Thumb Code     0  startup_stm32f407xx.o(.text)
    TIM1_BRK_TIM9_IRQHandler                 0x08000297   Thumb Code     0  startup_stm32f407xx.o(.text)
    TIM1_CC_IRQHandler                       0x08000297   Thumb Code     0  startup_stm32f407xx.o(.text)
    TIM1_TRG_COM_TIM11_IRQHandler            0x08000297   Thumb Code     0  startup_stm32f407xx.o(.text)
    TIM1_UP_TIM10_IRQHandler                 0x08000297   Thumb Code     0  startup_stm32f407xx.o(.text)
    TIM2_IRQHandler                          0x08000297   Thumb Code     0  startup_stm32f407xx.o(.text)
    TIM4_IRQHandler                          0x08000297   Thumb Code     0  startup_stm32f407xx.o(.text)
    TIM5_IRQHandler                          0x08000297   Thumb Code     0  startup_stm32f407xx.o(.text)
    TIM7_IRQHandler                          0x08000297   Thumb Code     0  startup_stm32f407xx.o(.text)
    TIM8_BRK_TIM12_IRQHandler                0x08000297   Thumb Code     0  startup_stm32f407xx.o(.text)
    TIM8_CC_IRQHandler                       0x08000297   Thumb Code     0  startup_stm32f407xx.o(.text)
    TIM8_TRG_COM_TIM14_IRQHandler            0x08000297   Thumb Code     0  startup_stm32f407xx.o(.text)
    TIM8_UP_TIM13_IRQHandler                 0x08000297   Thumb Code     0  startup_stm32f407xx.o(.text)
    UART4_IRQHandler                         0x08000297   Thumb Code     0  startup_stm32f407xx.o(.text)
    UART5_IRQHandler                         0x08000297   Thumb Code     0  startup_stm32f407xx.o(.text)
    USART2_IRQHandler                        0x08000297   Thumb Code     0  startup_stm32f407xx.o(.text)
    USART6_IRQHandler                        0x08000297   Thumb Code     0  startup_stm32f407xx.o(.text)
    WWDG_IRQHandler                          0x08000297   Thumb Code     0  startup_stm32f407xx.o(.text)
    __user_initial_stackheap                 0x08000299   Thumb Code     0  startup_stm32f407xx.o(.text)
    realloc                                  0x080002bd   Thumb Code   196  h1_realloc.o(.text)
    __aeabi_uldivmod                         0x08000381   Thumb Code     0  lludivv7m.o(.text)
    _ll_udiv                                 0x08000381   Thumb Code   240  lludivv7m.o(.text)
    strlen                                   0x08000471   Thumb Code    62  strlen.o(.text)
    __aeabi_memcpy                           0x080004af   Thumb Code     0  rt_memcpy_v6.o(.text)
    __rt_memcpy                              0x080004af   Thumb Code   138  rt_memcpy_v6.o(.text)
    _memcpy_lastbytes                        0x08000515   Thumb Code     0  rt_memcpy_v6.o(.text)
    __aeabi_memmove                          0x08000539   Thumb Code     0  rt_memmove_v6.o(.text)
    __rt_memmove                             0x08000539   Thumb Code   132  rt_memmove_v6.o(.text)
    __memmove_lastfew                        0x08000599   Thumb Code     0  rt_memmove_v6.o(.text)
    __aeabi_memclr4                          0x080005bd   Thumb Code     0  rt_memclr_w.o(.text)
    __aeabi_memclr8                          0x080005bd   Thumb Code     0  rt_memclr_w.o(.text)
    __rt_memclr_w                            0x080005bd   Thumb Code     0  rt_memclr_w.o(.text)
    _memset_w                                0x080005c1   Thumb Code    74  rt_memclr_w.o(.text)
    __use_two_region_memory                  0x0800060b   Thumb Code     2  heapauxi.o(.text)
    __rt_heap_escrow                         0x0800060d   Thumb Code     2  heapauxi.o(.text)
    __rt_heap_expand                         0x0800060f   Thumb Code     2  heapauxi.o(.text)
    __rt_heap_descriptor                     0x08000611   Thumb Code     8  rt_heap_descriptor_intlibspace.o(.text)
    __use_no_heap                            0x08000619   Thumb Code     2  hguard.o(.text)
    __heap$guard                             0x0800061b   Thumb Code     2  hguard.o(.text)
    _terminate_user_alloc                    0x0800061d   Thumb Code     2  init_alloc.o(.text)
    _init_user_alloc                         0x0800061f   Thumb Code     2  init_alloc.o(.text)
    __Heap_Full                              0x08000621   Thumb Code    34  init_alloc.o(.text)
    __Heap_Broken                            0x08000643   Thumb Code     6  init_alloc.o(.text)
    _init_alloc                              0x08000649   Thumb Code    94  init_alloc.o(.text)
    malloc                                   0x080006a7   Thumb Code    94  h1_alloc.o(.text)
    free                                     0x08000705   Thumb Code    78  h1_free.o(.text)
    __aeabi_memcpy4                          0x08000753   Thumb Code     0  rt_memcpy_w.o(.text)
    __aeabi_memcpy8                          0x08000753   Thumb Code     0  rt_memcpy_w.o(.text)
    __rt_memcpy_w                            0x08000753   Thumb Code   100  rt_memcpy_w.o(.text)
    _memcpy_lastbytes_aligned                0x0800079b   Thumb Code     0  rt_memcpy_w.o(.text)
    __aeabi_memmove4                         0x080007b7   Thumb Code     0  rt_memmove_w.o(.text)
    __aeabi_memmove8                         0x080007b7   Thumb Code     0  rt_memmove_w.o(.text)
    __rt_memmove_w                           0x080007b7   Thumb Code   122  rt_memmove_w.o(.text)
    __memmove_aligned                        0x080007dd   Thumb Code     0  rt_memmove_w.o(.text)
    __memmove_lastfew_aligned                0x08000815   Thumb Code     0  rt_memmove_w.o(.text)
    __user_libspace                          0x08000831   Thumb Code     8  libspace.o(.text)
    __user_perproc_libspace                  0x08000831   Thumb Code     0  libspace.o(.text)
    __user_perthread_libspace                0x08000831   Thumb Code     0  libspace.o(.text)
    __Heap_Initialize                        0x08000839   Thumb Code     8  h1_init.o(.text)
    _maybe_terminate_alloc                   0x08000839   Thumb Code     0  maybetermalloc1.o(.text)
    __Heap_DescSize                          0x08000841   Thumb Code     4  h1_init.o(.text)
    __Heap_ProvideMemory                     0x08000845   Thumb Code    52  h1_extend.o(.text)
    __rt_SIGRTMEM                            0x08000879   Thumb Code    14  defsig_rtmem_outer.o(.text)
    __user_setup_stackheap                   0x08000887   Thumb Code    74  sys_stackheap_outer.o(.text)
    exit                                     0x080008d1   Thumb Code    18  exit.o(.text)
    __sig_exit                               0x080008e3   Thumb Code    10  defsig_exit.o(.text)
    __rt_SIGRTMEM_inner                      0x080008ed   Thumb Code    22  defsig_rtmem_inner.o(.text)
    _sys_exit                                0x0800093d   Thumb Code     8  sys_exit.o(.text)
    __I$use$semihosting                      0x08000949   Thumb Code     0  use_no_semi.o(.text)
    __use_no_semihosting_swi                 0x08000949   Thumb Code     2  use_no_semi.o(.text)
    __default_signal_display                 0x0800094b   Thumb Code    50  defsig_general.o(.text)
    __semihosting_library_function           0x0800094b   Thumb Code     0  indicate_semi.o(.text)
    _ttywrch                                 0x0800097d   Thumb Code    14  sys_wrch.o(.text)
    BusFault_Handler                         0x0800098d   Thumb Code     2  stm32f4xx_it.o(.text.BusFault_Handler)
    Control_Init                             0x08000991   Thumb Code    92  control.o(.text.Control_Init)
    Control_Loop                             0x080009f9   Thumb Code   220  control.o(.text.Control_Loop)
    DMA1_Stream1_IRQHandler                  0x08000ae9   Thumb Code    12  stm32f4xx_it.o(.text.DMA1_Stream1_IRQHandler)
    DMA1_Stream3_IRQHandler                  0x08000af5   Thumb Code    12  stm32f4xx_it.o(.text.DMA1_Stream3_IRQHandler)
    DebugMon_Handler                         0x08000b01   Thumb Code     2  stm32f4xx_it.o(.text.DebugMon_Handler)
    Encoder_Get_Left                         0x08000b05   Thumb Code    18  encoder.o(.text.Encoder_Get_Left)
    Encoder_Get_Right                        0x08000b19   Thumb Code    20  encoder.o(.text.Encoder_Get_Right)
    Error_Handler                            0x08000b2d   Thumb Code     6  main.o(.text.Error_Handler)
    HAL_DMA_Abort                            0x08000b35   Thumb Code   142  stm32f4xx_hal_dma.o(.text.HAL_DMA_Abort)
    HAL_DMA_Abort_IT                         0x08000bc5   Thumb Code    36  stm32f4xx_hal_dma.o(.text.HAL_DMA_Abort_IT)
    HAL_DMA_IRQHandler                       0x08000be9   Thumb Code   452  stm32f4xx_hal_dma.o(.text.HAL_DMA_IRQHandler)
    HAL_DMA_Init                             0x08000dad   Thumb Code   354  stm32f4xx_hal_dma.o(.text.HAL_DMA_Init)
    HAL_DMA_Start_IT                         0x08000f11   Thumb Code   162  stm32f4xx_hal_dma.o(.text.HAL_DMA_Start_IT)
    HAL_GPIO_Init                            0x08000fb5   Thumb Code   414  stm32f4xx_hal_gpio.o(.text.HAL_GPIO_Init)
    HAL_GPIO_WritePin                        0x08001155   Thumb Code    10  stm32f4xx_hal_gpio.o(.text.HAL_GPIO_WritePin)
    HAL_GetTick                              0x08001161   Thumb Code    12  stm32f4xx_hal.o(.text.HAL_GetTick)
    HAL_IncTick                              0x0800116d   Thumb Code    26  stm32f4xx_hal.o(.text.HAL_IncTick)
    HAL_Init                                 0x08001189   Thumb Code    54  stm32f4xx_hal.o(.text.HAL_Init)
    HAL_InitTick                             0x080011c1   Thumb Code    72  stm32f4xx_hal.o(.text.HAL_InitTick)
    HAL_MspInit                              0x08001209   Thumb Code    56  stm32f4xx_hal_msp.o(.text.HAL_MspInit)
    HAL_NVIC_EnableIRQ                       0x08001241   Thumb Code    34  stm32f4xx_hal_cortex.o(.text.HAL_NVIC_EnableIRQ)
    HAL_NVIC_SetPriority                     0x08001265   Thumb Code    86  stm32f4xx_hal_cortex.o(.text.HAL_NVIC_SetPriority)
    HAL_NVIC_SetPriorityGrouping             0x080012bd   Thumb Code    32  stm32f4xx_hal_cortex.o(.text.HAL_NVIC_SetPriorityGrouping)
    HAL_RCC_ClockConfig                      0x080012dd   Thumb Code   356  stm32f4xx_hal_rcc.o(.text.HAL_RCC_ClockConfig)
    HAL_RCC_GetPCLK1Freq                     0x08001441   Thumb Code    38  stm32f4xx_hal_rcc.o(.text.HAL_RCC_GetPCLK1Freq)
    HAL_RCC_GetPCLK2Freq                     0x08001469   Thumb Code    38  stm32f4xx_hal_rcc.o(.text.HAL_RCC_GetPCLK2Freq)
    HAL_RCC_GetSysClockFreq                  0x08001491   Thumb Code   108  stm32f4xx_hal_rcc.o(.text.HAL_RCC_GetSysClockFreq)
    HAL_RCC_OscConfig                        0x080014fd   Thumb Code   940  stm32f4xx_hal_rcc.o(.text.HAL_RCC_OscConfig)
    HAL_SYSTICK_Config                       0x080018a9   Thumb Code    44  stm32f4xx_hal_cortex.o(.text.HAL_SYSTICK_Config)
    HAL_TIMEx_BreakCallback                  0x080018d5   Thumb Code     2  stm32f4xx_hal_tim_ex.o(.text.HAL_TIMEx_BreakCallback)
    HAL_TIMEx_CommutCallback                 0x080018d9   Thumb Code     2  stm32f4xx_hal_tim_ex.o(.text.HAL_TIMEx_CommutCallback)
    HAL_TIMEx_MasterConfigSynchronization    0x080018dd   Thumb Code   186  stm32f4xx_hal_tim_ex.o(.text.HAL_TIMEx_MasterConfigSynchronization)
    HAL_TIM_Base_Init                        0x08001999   Thumb Code    90  stm32f4xx_hal_tim.o(.text.HAL_TIM_Base_Init)
    HAL_TIM_Base_MspInit                     0x080019f5   Thumb Code    72  tim.o(.text.HAL_TIM_Base_MspInit)
    HAL_TIM_Base_Start_IT                    0x08001a3d   Thumb Code   170  stm32f4xx_hal_tim.o(.text.HAL_TIM_Base_Start_IT)
    HAL_TIM_Encoder_Init                     0x08001ae9   Thumb Code   178  stm32f4xx_hal_tim.o(.text.HAL_TIM_Encoder_Init)
    HAL_TIM_Encoder_MspInit                  0x08001b9d   Thumb Code   228  tim.o(.text.HAL_TIM_Encoder_MspInit)
    HAL_TIM_Encoder_Start                    0x08001c81   Thumb Code   188  stm32f4xx_hal_tim.o(.text.HAL_TIM_Encoder_Start)
    HAL_TIM_IC_CaptureCallback               0x08001d3d   Thumb Code     2  stm32f4xx_hal_tim.o(.text.HAL_TIM_IC_CaptureCallback)
    HAL_TIM_IRQHandler                       0x08001d41   Thumb Code   334  stm32f4xx_hal_tim.o(.text.HAL_TIM_IRQHandler)
    HAL_TIM_OC_DelayElapsedCallback          0x08001e91   Thumb Code     2  stm32f4xx_hal_tim.o(.text.HAL_TIM_OC_DelayElapsedCallback)
    HAL_TIM_PWM_ConfigChannel                0x08001e95   Thumb Code   544  stm32f4xx_hal_tim.o(.text.HAL_TIM_PWM_ConfigChannel)
    HAL_TIM_PWM_Init                         0x080020b5   Thumb Code    90  stm32f4xx_hal_tim.o(.text.HAL_TIM_PWM_Init)
    HAL_TIM_PWM_MspInit                      0x08002111   Thumb Code    72  tim.o(.text.HAL_TIM_PWM_MspInit)
    HAL_TIM_PWM_PulseFinishedCallback        0x08002159   Thumb Code     2  stm32f4xx_hal_tim.o(.text.HAL_TIM_PWM_PulseFinishedCallback)
    HAL_TIM_PWM_Start                        0x0800215d   Thumb Code   270  stm32f4xx_hal_tim.o(.text.HAL_TIM_PWM_Start)
    HAL_TIM_PeriodElapsedCallback            0x0800226d   Thumb Code    86  main.o(.text.HAL_TIM_PeriodElapsedCallback)
    HAL_TIM_TriggerCallback                  0x080022c5   Thumb Code     2  stm32f4xx_hal_tim.o(.text.HAL_TIM_TriggerCallback)
    HAL_UARTEx_RxEventCallback               0x080022c9   Thumb Code     2  stm32f4xx_hal_uart.o(.text.HAL_UARTEx_RxEventCallback)
    HAL_UART_ErrorCallback                   0x080022cd   Thumb Code     2  stm32f4xx_hal_uart.o(.text.HAL_UART_ErrorCallback)
    HAL_UART_IRQHandler                      0x080022d1   Thumb Code  1428  stm32f4xx_hal_uart.o(.text.HAL_UART_IRQHandler)
    HAL_UART_Init                            0x08002865   Thumb Code    96  stm32f4xx_hal_uart.o(.text.HAL_UART_Init)
    HAL_UART_MspInit                         0x080028c5   Thumb Code   366  usart.o(.text.HAL_UART_MspInit)
    HAL_UART_Receive_DMA                     0x08002a35   Thumb Code   384  stm32f4xx_hal_uart.o(.text.HAL_UART_Receive_DMA)
    HAL_UART_Receive_IT                      0x08002bb5   Thumb Code    84  stm32f4xx_hal_uart.o(.text.HAL_UART_Receive_IT)
    HAL_UART_RxCpltCallback                  0x08002c09   Thumb Code    42  serial.o(.text.HAL_UART_RxCpltCallback)
    HAL_UART_RxHalfCpltCallback              0x08002c35   Thumb Code     2  stm32f4xx_hal_uart.o(.text.HAL_UART_RxHalfCpltCallback)
    HAL_UART_Transmit                        0x08002c39   Thumb Code   402  stm32f4xx_hal_uart.o(.text.HAL_UART_Transmit)
    HAL_UART_TxCpltCallback                  0x08002dcd   Thumb Code     2  serial.o(.text.HAL_UART_TxCpltCallback)
    HardFault_Handler                        0x08002dd1   Thumb Code     2  stm32f4xx_it.o(.text.HardFault_Handler)
    Key_Init                                 0x08002dd5   Thumb Code     2  key.o(.text.Key_Init)
    MX_DMA_Init                              0x08002dd9   Thumb Code    72  dma.o(.text.MX_DMA_Init)
    MX_GPIO_Init                             0x08002e21   Thumb Code   286  gpio.o(.text.MX_GPIO_Init)
    MX_TIM2_Init                             0x08002f41   Thumb Code   100  tim.o(.text.MX_TIM2_Init)
    MX_TIM3_Init                             0x08002fa5   Thumb Code   224  tim.o(.text.MX_TIM3_Init)
    MX_TIM4_Init                             0x08003085   Thumb Code   104  tim.o(.text.MX_TIM4_Init)
    MX_TIM6_Init                             0x080030ed   Thumb Code    80  tim.o(.text.MX_TIM6_Init)
    MX_USART1_UART_Init                      0x0800313d   Thumb Code    60  usart.o(.text.MX_USART1_UART_Init)
    MX_USART3_UART_Init                      0x08003179   Thumb Code    60  usart.o(.text.MX_USART3_UART_Init)
    MemManage_Handler                        0x080031b5   Thumb Code     2  stm32f4xx_it.o(.text.MemManage_Handler)
    Motor_Init                               0x080031b9   Thumb Code    58  motor.o(.text.Motor_Init)
    Motor_SetSpeed_Left                      0x080031f5   Thumb Code    88  motor.o(.text.Motor_SetSpeed_Left)
    Motor_SetSpeed_Right                     0x0800324d   Thumb Code    94  motor.o(.text.Motor_SetSpeed_Right)
    NMI_Handler                              0x080032ad   Thumb Code     2  stm32f4xx_it.o(.text.NMI_Handler)
    PID_Init                                 0x080032b1   Thumb Code    32  pid.o(.text.PID_Init)
    PID_Update                               0x080032d1   Thumb Code   172  pid.o(.text.PID_Update)
    PendSV_Handler                           0x08003381   Thumb Code     2  stm32f4xx_it.o(.text.PendSV_Handler)
    SVC_Handler                              0x08003385   Thumb Code     2  stm32f4xx_it.o(.text.SVC_Handler)
    Serial_Init                              0x08003389   Thumb Code    22  serial.o(.text.Serial_Init)
    SysTick_Handler                          0x080033a1   Thumb Code     4  stm32f4xx_it.o(.text.SysTick_Handler)
    SystemClock_Config                       0x080033a5   Thumb Code   172  main.o(.text.SystemClock_Config)
    SystemInit                               0x08003451   Thumb Code    18  system_stm32f4xx.o(.text.SystemInit)
    TIM3_IRQHandler                          0x08003465   Thumb Code    12  stm32f4xx_it.o(.text.TIM3_IRQHandler)
    TIM6_DAC_IRQHandler                      0x08003471   Thumb Code    12  stm32f4xx_it.o(.text.TIM6_DAC_IRQHandler)
    TIM_Base_SetConfig                       0x0800347d   Thumb Code   314  stm32f4xx_hal_tim.o(.text.TIM_Base_SetConfig)
    USART1_IRQHandler                        0x08003aa1   Thumb Code    12  stm32f4xx_it.o(.text.USART1_IRQHandler)
    USART3_IRQHandler                        0x08003aad   Thumb Code    56  stm32f4xx_it.o(.text.USART3_IRQHandler)
    UsageFault_Handler                       0x08003ae5   Thumb Code     2  stm32f4xx_it.o(.text.UsageFault_Handler)
    cmd_vel_cb(geometry_msgs::Twist const&)  0x08003ae9   Thumb Code    48  mainpp.o(.text._Z10cmd_vel_cbRKN13geometry_msgs5TwistE)
    geometry_msgs::Vector3Stamped::deserialize(unsigned char*) 0x08003b19   Thumb Code    42  mainpp.o(.text._ZN13geometry_msgs14Vector3Stamped11deserializeEPh)
    geometry_msgs::Vector3Stamped::getMD5()  0x08003b45   Thumb Code     4  mainpp.o(.text._ZN13geometry_msgs14Vector3Stamped6getMD5Ev)
    geometry_msgs::Vector3Stamped::getType() 0x08003b6d   Thumb Code     4  mainpp.o(.text._ZN13geometry_msgs14Vector3Stamped7getTypeEv)
    geometry_msgs::Twist::deserialize(unsigned char*) 0x08003b91   Thumb Code    54  mainpp.o(.text._ZN13geometry_msgs5Twist11deserializeEPh)
    geometry_msgs::Twist::getMD5()           0x08003bc9   Thumb Code    10  mainpp.o(.text._ZN13geometry_msgs5Twist6getMD5Ev)
    geometry_msgs::Twist::getType()          0x08003bd5   Thumb Code    10  mainpp.o(.text._ZN13geometry_msgs5Twist7getTypeEv)
    geometry_msgs::Vector3::deserialize(unsigned char*) 0x08003be1   Thumb Code    30  mainpp.o(.text._ZN13geometry_msgs7Vector311deserializeEPh)
    geometry_msgs::Vector3::getMD5()         0x08003c01   Thumb Code     4  mainpp.o(.text._ZN13geometry_msgs7Vector36getMD5Ev)
    geometry_msgs::Vector3::getType()        0x08003c29   Thumb Code     4  mainpp.o(.text._ZN13geometry_msgs7Vector37getTypeEv)
    rosserial_msgs::RequestParamResponse::deserialize(unsigned char*) 0x08003c45   Thumb Code   378  mainpp.o(.text._ZN14rosserial_msgs20RequestParamResponse11deserializeEPh)
    rosserial_msgs::RequestParamResponse::getMD5() 0x08003dc1   Thumb Code     4  mainpp.o(.text._ZN14rosserial_msgs20RequestParamResponse6getMD5Ev)
    rosserial_msgs::RequestParamResponse::getType() 0x08003de9   Thumb Code    10  mainpp.o(.text._ZN14rosserial_msgs20RequestParamResponse7getTypeEv)
    rosserial_msgs::Log::deserialize(unsigned char*) 0x08003df5   Thumb Code    88  mainpp.o(.text._ZN14rosserial_msgs3Log11deserializeEPh)
    rosserial_msgs::Log::getMD5()            0x08003e4d   Thumb Code     4  mainpp.o(.text._ZN14rosserial_msgs3Log6getMD5Ev)
    rosserial_msgs::Log::getType()           0x08003e75   Thumb Code     4  mainpp.o(.text._ZN14rosserial_msgs3Log7getTypeEv)
    rosserial_msgs::TopicInfo::deserialize(unsigned char*) 0x08003e8d   Thumb Code   386  mainpp.o(.text._ZN14rosserial_msgs9TopicInfo11deserializeEPh)
    rosserial_msgs::TopicInfo::getMD5()      0x08004011   Thumb Code     4  mainpp.o(.text._ZN14rosserial_msgs9TopicInfo6getMD5Ev)
    rosserial_msgs::TopicInfo::getType()     0x08004039   Thumb Code     4  mainpp.o(.text._ZN14rosserial_msgs9TopicInfo7getTypeEv)
    ros::Subscriber<geometry_msgs::Twist, void>::getMsgType() 0x08004059   Thumb Code    10  mainpp.o(.text._ZN3ros10SubscriberIN13geometry_msgs5TwistEvE10getMsgTypeEv)
    ros::Subscriber<geometry_msgs::Twist, void>::getEndpointType() 0x08004065   Thumb Code     4  mainpp.o(.text._ZN3ros10SubscriberIN13geometry_msgs5TwistEvE15getEndpointTypeEv)
    ros::Subscriber<geometry_msgs::Twist, void>::callback(unsigned char*) 0x08004069   Thumb Code    24  mainpp.o(.text._ZN3ros10SubscriberIN13geometry_msgs5TwistEvE8callbackEPh)
    ros::Subscriber<geometry_msgs::Twist, void>::getMsgMD5() 0x08004081   Thumb Code    10  mainpp.o(.text._ZN3ros10SubscriberIN13geometry_msgs5TwistEvE9getMsgMD5Ev)
    ros::NodeHandle_<STM32Hardware, 25, 25, 1024, 1024>::negotiateTopics() 0x0800408d   Thumb Code   224  mainpp.o(.text._ZN3ros11NodeHandle_I13STM32HardwareLi25ELi25ELi1024ELi1024EE15negotiateTopicsEv)
    ros::NodeHandle_<STM32Hardware, 25, 25, 1024, 1024>::publish(int, ros::Msg const*) 0x0800416d   Thumb Code   316  mainpp.o(.text._ZN3ros11NodeHandle_I13STM32HardwareLi25ELi25ELi1024ELi1024EE7publishEiPKNS_3MsgE)
    ros::NodeHandle_<STM32Hardware, 25, 25, 1024, 1024>::spinOnce() 0x080042e5   Thumb Code   858  mainpp.o(.text._ZN3ros11NodeHandle_I13STM32HardwareLi25ELi25ELi1024ELi1024EE8spinOnceEv)
    ros::NodeHandle_<STM32Hardware, 25, 25, 1024, 1024>::advertise(ros::Publisher&) 0x08004641   Thumb Code   320  mainpp.o(.text._ZN3ros11NodeHandle_I13STM32HardwareLi25ELi25ELi1024ELi1024EE9advertiseERNS_9PublisherE)
    ros::NodeHandle_<STM32Hardware, 25, 25, 1024, 1024>::connected() 0x08004781   Thumb Code     6  mainpp.o(.text._ZN3ros11NodeHandle_I13STM32HardwareLi25ELi25ELi1024ELi1024EE9connectedEv)
    ros::NodeHandle_<STM32Hardware, 25, 25, 1024, 1024>::subscribe(ros::Subscriber_&) 0x08004789   Thumb Code   320  mainpp.o(.text._ZN3ros11NodeHandle_I13STM32HardwareLi25ELi25ELi1024ELi1024EE9subscribeERNS_11Subscriber_E)
    ros::normalizeSecNSec(unsigned int&, unsigned int&) 0x080048c9   Thumb Code    48  time.o(.text._ZN3ros16normalizeSecNSecERjS0_)
    std_msgs::Time::deserialize(unsigned char*) 0x080048f9   Thumb Code    62  mainpp.o(.text._ZN8std_msgs4Time11deserializeEPh)
    std_msgs::Time::getMD5()                 0x08004939   Thumb Code     4  mainpp.o(.text._ZN8std_msgs4Time6getMD5Ev)
    std_msgs::Time::getType()                0x08004961   Thumb Code     4  mainpp.o(.text._ZN8std_msgs4Time7getTypeEv)
    std_msgs::Header::deserialize(unsigned char*) 0x08004975   Thumb Code   172  mainpp.o(.text._ZN8std_msgs6Header11deserializeEPh)
    std_msgs::Header::getMD5()               0x08004a21   Thumb Code     4  mainpp.o(.text._ZN8std_msgs6Header6getMD5Ev)
    std_msgs::Header::getType()              0x08004a49   Thumb Code     4  mainpp.o(.text._ZN8std_msgs6Header7getTypeEv)
    geometry_msgs::Vector3Stamped::serialize(unsigned char*) const 0x08004a5d   Thumb Code   202  mainpp.o(.text._ZNK13geometry_msgs14Vector3Stamped9serializeEPh)
    geometry_msgs::Twist::serialize(unsigned char*) const 0x08004b29   Thumb Code   270  mainpp.o(.text._ZNK13geometry_msgs5Twist9serializeEPh)
    geometry_msgs::Vector3::serialize(unsigned char*) const 0x08004c39   Thumb Code   124  mainpp.o(.text._ZNK13geometry_msgs7Vector39serializeEPh)
    rosserial_msgs::RequestParamResponse::serialize(unsigned char*) const 0x08004cb5   Thumb Code   226  mainpp.o(.text._ZNK14rosserial_msgs20RequestParamResponse9serializeEPh)
    rosserial_msgs::Log::serialize(unsigned char*) const 0x08004d99   Thumb Code    36  mainpp.o(.text._ZNK14rosserial_msgs3Log9serializeEPh)
    rosserial_msgs::TopicInfo::serialize(unsigned char*) const 0x08004dbd   Thumb Code   100  mainpp.o(.text._ZNK14rosserial_msgs9TopicInfo9serializeEPh)
    std_msgs::Time::serialize(unsigned char*) const 0x08004e21   Thumb Code    40  mainpp.o(.text._ZNK8std_msgs4Time9serializeEPh)
    std_msgs::Header::serialize(unsigned char*) const 0x08004e49   Thumb Code    88  mainpp.o(.text._ZNK8std_msgs6Header9serializeEPh)
    loop                                     0x08004ea1   Thumb Code   240  mainpp.o(.text.loop)
    main                                     0x08004f91   Thumb Code    74  main.o(.text.main)
    rosserial_idle_cb                        0x08004fdd   Thumb Code     2  mainpp.o(.text.rosserial_idle_cb)
    setup                                    0x08004fe1   Thumb Code    90  mainpp.o(.text.setup)
    __aeabi_d2f                              0x0800503d   Thumb Code     0  d2f.o(x$fpl$d2f)
    _d2f                                     0x0800503d   Thumb Code    98  d2f.o(x$fpl$d2f)
    __aeabi_i2d                              0x0800509f   Thumb Code     0  dflt_clz.o(x$fpl$dflt)
    _dflt                                    0x0800509f   Thumb Code    46  dflt_clz.o(x$fpl$dflt)
    __fpl_dnaninf                            0x080050cd   Thumb Code   156  dnaninf.o(x$fpl$dnaninf)
    __fpl_dretinf                            0x08005169   Thumb Code    12  dretinf.o(x$fpl$dretinf)
    __aeabi_f2d                              0x08005175   Thumb Code     0  f2d.o(x$fpl$f2d)
    _f2d                                     0x08005175   Thumb Code    86  f2d.o(x$fpl$f2d)
    __fpl_fnaninf                            0x080051cb   Thumb Code   140  fnaninf.o(x$fpl$fnaninf)
    _fp_init                                 0x08005257   Thumb Code    26  fpinit.o(x$fpl$fpinit)
    __fplib_config_fpu_vfp                   0x0800526f   Thumb Code     0  fpinit.o(x$fpl$fpinit)
    __fplib_config_pureend_doubles           0x0800526f   Thumb Code     0  fpinit.o(x$fpl$fpinit)
    __fpl_fretinf                            0x08005271   Thumb Code    10  fretinf.o(x$fpl$fretinf)
    AHBPrescTable                            0x0800527a   Data          16  system_stm32f4xx.o(.rodata.AHBPrescTable)
    __I$use$fp                               0x0800527a   Number         0  usenofp.o(x$fpl$usenofp)
    APBPrescTable                            0x0800528a   Data           8  system_stm32f4xx.o(.rodata.APBPrescTable)
    vtable for geometry_msgs::Vector3Stamped 0x080052b0   Data          24  mainpp.o(.rodata._ZTVN13geometry_msgs14Vector3StampedE)
    vtable for geometry_msgs::Twist          0x080052c8   Data          24  mainpp.o(.rodata._ZTVN13geometry_msgs5TwistE)
    vtable for geometry_msgs::Vector3        0x080052e0   Data          24  mainpp.o(.rodata._ZTVN13geometry_msgs7Vector3E)
    vtable for rosserial_msgs::RequestParamResponse 0x080052f8   Data          24  mainpp.o(.rodata._ZTVN14rosserial_msgs20RequestParamResponseE)
    vtable for rosserial_msgs::Log           0x08005310   Data          24  mainpp.o(.rodata._ZTVN14rosserial_msgs3LogE)
    vtable for rosserial_msgs::TopicInfo     0x08005328   Data          24  mainpp.o(.rodata._ZTVN14rosserial_msgs9TopicInfoE)
    vtable for ros::Subscriber<geometry_msgs::Twist, void> 0x08005340   Data          24  mainpp.o(.rodata._ZTVN3ros10SubscriberIN13geometry_msgs5TwistEvEE)
    vtable for ros::NodeHandle_<STM32Hardware, 25, 25, 1024, 1024> 0x08005358   Data          20  mainpp.o(.rodata._ZTVN3ros11NodeHandle_I13STM32HardwareLi25ELi25ELi1024ELi1024EEE)
    vtable for std_msgs::Time                0x0800536c   Data          24  mainpp.o(.rodata._ZTVN8std_msgs4TimeE)
    vtable for std_msgs::Header              0x08005384   Data          24  mainpp.o(.rodata._ZTVN8std_msgs6HeaderE)
    Region$$Table$$Base                      0x080053ec   Number         0  anon$$obj.o(Region$$Table)
    Region$$Table$$Limit                     0x0800540c   Number         0  anon$$obj.o(Region$$Table)
    debug_frame                              0x20000000   Data          16  mainpp.o(.data..L_MergedGlobals)
    pid_debug_pub                            0x20000010   Data          20  mainpp.o(.data..L_MergedGlobals)
    pid_debug_msg                            0x20000028   Data          56  mainpp.o(.data..L_MergedGlobals)
    uwTickFreq                               0x20000060   Data           1  stm32f4xx_hal.o(.data..L_MergedGlobals)
    uwTickPrio                               0x20000064   Data           4  stm32f4xx_hal.o(.data..L_MergedGlobals)
    SystemCoreClock                          0x20000068   Data           4  system_stm32f4xx.o(.data.SystemCoreClock)
    nh                                       0x2000006c   Data        3380  mainpp.o(.data.nh)
    sub_cmd_vel                              0x20000da0   Data          96  mainpp.o(.data.sub_cmd_vel)
    __libspace_start                         0x20000e00   Data          96  libspace.o(.bss)
    __temporary_stack_top$libspace           0x20000e60   Data           0  libspace.o(.bss)
    pid_speed_left                           0x20000e60   Data          44  control.o(.bss..L_MergedGlobals)
    pid_speed_right                          0x20000e8c   Data          44  control.o(.bss..L_MergedGlobals)
    Serial_RxData                            0x20000eb8   Data           1  serial.o(.bss..L_MergedGlobals)
    Serial_RxFlag                            0x20000eb9   Data           1  serial.o(.bss..L_MergedGlobals)
    linear_velocity_x                        0x20000ebc   Data           4  mainpp.o(.bss..L_MergedGlobals.22)
    angular_velocity_z                       0x20000ec0   Data           4  mainpp.o(.bss..L_MergedGlobals.22)
    g_current_speed_left_cmps_debug          0x20000ec8   Data           4  control.o(.bss.g_current_speed_left_cmps_debug)
    g_pwm_out_left_debug                     0x20000ecc   Data           2  control.o(.bss.g_pwm_out_left_debug)
    g_target_speed_left_cmps_debug           0x20000ed0   Data           4  control.o(.bss.g_target_speed_left_cmps_debug)
    hdma_usart3_rx                           0x20000ed4   Data          96  usart.o(.bss.hdma_usart3_rx)
    hdma_usart3_tx                           0x20000f34   Data          96  usart.o(.bss.hdma_usart3_tx)
    htim2                                    0x20000f94   Data          72  tim.o(.bss.htim2)
    htim3                                    0x20000fdc   Data          72  tim.o(.bss.htim3)
    htim4                                    0x20001024   Data          72  tim.o(.bss.htim4)
    htim6                                    0x2000106c   Data          72  tim.o(.bss.htim6)
    huart1                                   0x200010b4   Data          72  usart.o(.bss.huart1)
    huart3                                   0x200010fc   Data          72  usart.o(.bss.huart3)
    uwTick                                   0x20001144   Data           4  stm32f4xx_hal.o(.bss.uwTick)



==============================================================================

Memory Map of the image

  Image Entry point : 0x08000189

  Load Region LR_IROM1 (Base: 0x08000000, Size: 0x00006210, Max: 0x00100000, ABSOLUTE, COMPRESSED[0x00005490])

    Execution Region ER_IROM1 (Exec base: 0x08000000, Load base: 0x08000000, Size: 0x0000540c, Max: 0x00100000, ABSOLUTE)

    Exec Addr    Load Addr    Size         Type   Attr      Idx    E Section Name        Object

    0x08000000   0x08000000   0x00000188   Data   RO            3    RESET               startup_stm32f407xx.o
    0x08000188   0x08000188   0x00000008   Code   RO         1333  * !!!main             c_w.l(__main.o)
    0x08000190   0x08000190   0x0000005c   Code   RO         1764    !!!scatter          c_w.l(__scatter.o)
    0x080001ec   0x080001ec   0x0000003a   Code   RO         1762    !!dczerorl          c_w.l(__dczerorl.o)
    0x08000226   0x08000226   0x00000002   PAD
    0x08000228   0x08000228   0x00000002   Code   RO         1765    !!handler_null      c_w.l(__scatter.o)
    0x0800022a   0x0800022a   0x00000002   PAD
    0x0800022c   0x0800022c   0x0000001c   Code   RO         1768    !!handler_zi        c_w.l(__scatter_zi.o)
    0x08000248   0x08000248   0x00000002   Code   RO         1675    .ARM.Collect$$libinit$$00000000  c_w.l(libinit.o)
    0x0800024a   0x0800024a   0x00000004   Code   RO         1560    .ARM.Collect$$libinit$$00000001  c_w.l(libinit2.o)
    0x0800024e   0x0800024e   0x00000000   Code   RO         1563    .ARM.Collect$$libinit$$00000004  c_w.l(libinit2.o)
    0x0800024e   0x0800024e   0x00000000   Code   RO         1565    .ARM.Collect$$libinit$$00000006  c_w.l(libinit2.o)
    0x0800024e   0x0800024e   0x00000008   Code   RO         1566    .ARM.Collect$$libinit$$00000007  c_w.l(libinit2.o)
    0x08000256   0x08000256   0x00000000   Code   RO         1568    .ARM.Collect$$libinit$$0000000C  c_w.l(libinit2.o)
    0x08000256   0x08000256   0x00000000   Code   RO         1570    .ARM.Collect$$libinit$$0000000E  c_w.l(libinit2.o)
    0x08000256   0x08000256   0x00000000   Code   RO         1572    .ARM.Collect$$libinit$$00000010  c_w.l(libinit2.o)
    0x08000256   0x08000256   0x00000000   Code   RO         1575    .ARM.Collect$$libinit$$00000013  c_w.l(libinit2.o)
    0x08000256   0x08000256   0x00000000   Code   RO         1577    .ARM.Collect$$libinit$$00000015  c_w.l(libinit2.o)
    0x08000256   0x08000256   0x00000000   Code   RO         1579    .ARM.Collect$$libinit$$00000017  c_w.l(libinit2.o)
    0x08000256   0x08000256   0x00000000   Code   RO         1581    .ARM.Collect$$libinit$$00000019  c_w.l(libinit2.o)
    0x08000256   0x08000256   0x00000000   Code   RO         1583    .ARM.Collect$$libinit$$0000001B  c_w.l(libinit2.o)
    0x08000256   0x08000256   0x00000000   Code   RO         1585    .ARM.Collect$$libinit$$0000001D  c_w.l(libinit2.o)
    0x08000256   0x08000256   0x00000000   Code   RO         1587    .ARM.Collect$$libinit$$0000001F  c_w.l(libinit2.o)
    0x08000256   0x08000256   0x00000000   Code   RO         1589    .ARM.Collect$$libinit$$00000021  c_w.l(libinit2.o)
    0x08000256   0x08000256   0x00000000   Code   RO         1591    .ARM.Collect$$libinit$$00000023  c_w.l(libinit2.o)
    0x08000256   0x08000256   0x00000000   Code   RO         1593    .ARM.Collect$$libinit$$00000025  c_w.l(libinit2.o)
    0x08000256   0x08000256   0x00000000   Code   RO         1595    .ARM.Collect$$libinit$$00000027  c_w.l(libinit2.o)
    0x08000256   0x08000256   0x00000000   Code   RO         1599    .ARM.Collect$$libinit$$0000002E  c_w.l(libinit2.o)
    0x08000256   0x08000256   0x00000000   Code   RO         1601    .ARM.Collect$$libinit$$00000030  c_w.l(libinit2.o)
    0x08000256   0x08000256   0x00000000   Code   RO         1603    .ARM.Collect$$libinit$$00000032  c_w.l(libinit2.o)
    0x08000256   0x08000256   0x00000000   Code   RO         1605    .ARM.Collect$$libinit$$00000034  c_w.l(libinit2.o)
    0x08000256   0x08000256   0x00000002   Code   RO         1606    .ARM.Collect$$libinit$$00000035  c_w.l(libinit2.o)
    0x08000258   0x08000258   0x00000002   Code   RO         1759    .ARM.Collect$$libshutdown$$00000000  c_w.l(libshutdown.o)
    0x0800025a   0x0800025a   0x00000000   Code   RO         1713    .ARM.Collect$$libshutdown$$00000002  c_w.l(libshutdown2.o)
    0x0800025a   0x0800025a   0x00000000   Code   RO         1715    .ARM.Collect$$libshutdown$$00000004  c_w.l(libshutdown2.o)
    0x0800025a   0x0800025a   0x00000000   Code   RO         1718    .ARM.Collect$$libshutdown$$00000007  c_w.l(libshutdown2.o)
    0x0800025a   0x0800025a   0x00000000   Code   RO         1721    .ARM.Collect$$libshutdown$$0000000A  c_w.l(libshutdown2.o)
    0x0800025a   0x0800025a   0x00000000   Code   RO         1723    .ARM.Collect$$libshutdown$$0000000C  c_w.l(libshutdown2.o)
    0x0800025a   0x0800025a   0x00000000   Code   RO         1726    .ARM.Collect$$libshutdown$$0000000F  c_w.l(libshutdown2.o)
    0x0800025a   0x0800025a   0x00000002   Code   RO         1727    .ARM.Collect$$libshutdown$$00000010  c_w.l(libshutdown2.o)
    0x0800025c   0x0800025c   0x00000000   Code   RO         1353    .ARM.Collect$$rtentry$$00000000  c_w.l(__rtentry.o)
    0x0800025c   0x0800025c   0x00000000   Code   RO         1505    .ARM.Collect$$rtentry$$00000002  c_w.l(__rtentry2.o)
    0x0800025c   0x0800025c   0x00000006   Code   RO         1517    .ARM.Collect$$rtentry$$00000004  c_w.l(__rtentry4.o)
    0x08000262   0x08000262   0x00000000   Code   RO         1507    .ARM.Collect$$rtentry$$00000009  c_w.l(__rtentry2.o)
    0x08000262   0x08000262   0x00000004   Code   RO         1508    .ARM.Collect$$rtentry$$0000000A  c_w.l(__rtentry2.o)
    0x08000266   0x08000266   0x00000000   Code   RO         1510    .ARM.Collect$$rtentry$$0000000C  c_w.l(__rtentry2.o)
    0x08000266   0x08000266   0x00000008   Code   RO         1511    .ARM.Collect$$rtentry$$0000000D  c_w.l(__rtentry2.o)
    0x0800026e   0x0800026e   0x00000002   Code   RO         1689    .ARM.Collect$$rtexit$$00000000  c_w.l(rtexit.o)
    0x08000270   0x08000270   0x00000000   Code   RO         1733    .ARM.Collect$$rtexit$$00000002  c_w.l(rtexit2.o)
    0x08000270   0x08000270   0x00000004   Code   RO         1734    .ARM.Collect$$rtexit$$00000003  c_w.l(rtexit2.o)
    0x08000274   0x08000274   0x00000006   Code   RO         1735    .ARM.Collect$$rtexit$$00000004  c_w.l(rtexit2.o)
    0x0800027a   0x0800027a   0x00000002   PAD
    0x0800027c   0x0800027c   0x00000040   Code   RO            4    .text               startup_stm32f407xx.o
    0x080002bc   0x080002bc   0x000000c4   Code   RO         1265    .text               c_w.l(h1_realloc.o)
    0x08000380   0x08000380   0x000000f0   Code   RO         1319    .text               c_w.l(lludivv7m.o)
    0x08000470   0x08000470   0x0000003e   Code   RO         1323    .text               c_w.l(strlen.o)
    0x080004ae   0x080004ae   0x0000008a   Code   RO         1325    .text               c_w.l(rt_memcpy_v6.o)
    0x08000538   0x08000538   0x00000084   Code   RO         1327    .text               c_w.l(rt_memmove_v6.o)
    0x080005bc   0x080005bc   0x0000004e   Code   RO         1329    .text               c_w.l(rt_memclr_w.o)
    0x0800060a   0x0800060a   0x00000006   Code   RO         1331    .text               c_w.l(heapauxi.o)
    0x08000610   0x08000610   0x00000008   Code   RO         1361    .text               c_w.l(rt_heap_descriptor_intlibspace.o)
    0x08000618   0x08000618   0x00000004   Code   RO         1363    .text               c_w.l(hguard.o)
    0x0800061c   0x0800061c   0x0000008a   Code   RO         1365    .text               c_w.l(init_alloc.o)
    0x080006a6   0x080006a6   0x0000005e   Code   RO         1373    .text               c_w.l(h1_alloc.o)
    0x08000704   0x08000704   0x0000004e   Code   RO         1375    .text               c_w.l(h1_free.o)
    0x08000752   0x08000752   0x00000064   Code   RO         1480    .text               c_w.l(rt_memcpy_w.o)
    0x080007b6   0x080007b6   0x0000007a   Code   RO         1482    .text               c_w.l(rt_memmove_w.o)
    0x08000830   0x08000830   0x00000008   Code   RO         1501    .text               c_w.l(libspace.o)
    0x08000838   0x08000838   0x00000000   Code   RO         1521    .text               c_w.l(maybetermalloc1.o)
    0x08000838   0x08000838   0x0000000c   Code   RO         1523    .text               c_w.l(h1_init.o)
    0x08000844   0x08000844   0x00000034   Code   RO         1525    .text               c_w.l(h1_extend.o)
    0x08000878   0x08000878   0x0000000e   Code   RO         1551    .text               c_w.l(defsig_rtmem_outer.o)
    0x08000886   0x08000886   0x0000004a   Code   RO         1611    .text               c_w.l(sys_stackheap_outer.o)
    0x080008d0   0x080008d0   0x00000012   Code   RO         1658    .text               c_w.l(exit.o)
    0x080008e2   0x080008e2   0x0000000a   Code   RO         1660    .text               c_w.l(defsig_exit.o)
    0x080008ec   0x080008ec   0x00000050   Code   RO         1666    .text               c_w.l(defsig_rtmem_inner.o)
    0x0800093c   0x0800093c   0x0000000c   Code   RO         1682    .text               c_w.l(sys_exit.o)
    0x08000948   0x08000948   0x00000002   Code   RO         1686    .text               c_w.l(use_no_semi.o)
    0x0800094a   0x0800094a   0x00000000   Code   RO         1688    .text               c_w.l(indicate_semi.o)
    0x0800094a   0x0800094a   0x00000032   Code   RO         1702    .text               c_w.l(defsig_general.o)
    0x0800097c   0x0800097c   0x0000000e   Code   RO         1728    .text               c_w.l(sys_wrch.o)
    0x0800098a   0x0800098a   0x00000002   PAD
    0x0800098c   0x0800098c   0x00000002   Code   RO          111    .text.BusFault_Handler  stm32f4xx_it.o
    0x0800098e   0x0800098e   0x00000002   PAD
    0x08000990   0x08000990   0x00000068   Code   RO          192    .text.Control_Init  control.o
    0x080009f8   0x080009f8   0x000000f0   Code   RO          194    .text.Control_Loop  control.o
    0x08000ae8   0x08000ae8   0x0000000c   Code   RO          123    .text.DMA1_Stream1_IRQHandler  stm32f4xx_it.o
    0x08000af4   0x08000af4   0x0000000c   Code   RO          125    .text.DMA1_Stream3_IRQHandler  stm32f4xx_it.o
    0x08000b00   0x08000b00   0x00000002   Code   RO          117    .text.DebugMon_Handler  stm32f4xx_it.o
    0x08000b02   0x08000b02   0x00000002   PAD
    0x08000b04   0x08000b04   0x00000012   Code   RO          219    .text.Encoder_Get_Left  encoder.o
    0x08000b16   0x08000b16   0x00000002   PAD
    0x08000b18   0x08000b18   0x00000014   Code   RO          217    .text.Encoder_Get_Right  encoder.o
    0x08000b2c   0x08000b2c   0x00000006   Code   RO           15    .text.Error_Handler  main.o
    0x08000b32   0x08000b32   0x00000002   PAD
    0x08000b34   0x08000b34   0x0000008e   Code   RO          896    .text.HAL_DMA_Abort  stm32f4xx_hal_dma.o
    0x08000bc2   0x08000bc2   0x00000002   PAD
    0x08000bc4   0x08000bc4   0x00000024   Code   RO          898    .text.HAL_DMA_Abort_IT  stm32f4xx_hal_dma.o
    0x08000be8   0x08000be8   0x000001c4   Code   RO          902    .text.HAL_DMA_IRQHandler  stm32f4xx_hal_dma.o
    0x08000dac   0x08000dac   0x00000162   Code   RO          888    .text.HAL_DMA_Init  stm32f4xx_hal_dma.o
    0x08000f0e   0x08000f0e   0x00000002   PAD
    0x08000f10   0x08000f10   0x000000a2   Code   RO          894    .text.HAL_DMA_Start_IT  stm32f4xx_hal_dma.o
    0x08000fb2   0x08000fb2   0x00000002   PAD
    0x08000fb4   0x08000fb4   0x0000019e   Code   RO          850    .text.HAL_GPIO_Init  stm32f4xx_hal_gpio.o
    0x08001152   0x08001152   0x00000002   PAD
    0x08001154   0x08001154   0x0000000a   Code   RO          856    .text.HAL_GPIO_WritePin  stm32f4xx_hal_gpio.o
    0x0800115e   0x0800115e   0x00000002   PAD
    0x08001160   0x08001160   0x0000000c   Code   RO         1047    .text.HAL_GetTick   stm32f4xx_hal.o
    0x0800116c   0x0800116c   0x0000001a   Code   RO         1045    .text.HAL_IncTick   stm32f4xx_hal.o
    0x08001186   0x08001186   0x00000002   PAD
    0x08001188   0x08001188   0x00000036   Code   RO         1035    .text.HAL_Init      stm32f4xx_hal.o
    0x080011be   0x080011be   0x00000002   PAD
    0x080011c0   0x080011c0   0x00000048   Code   RO         1037    .text.HAL_InitTick  stm32f4xx_hal.o
    0x08001208   0x08001208   0x00000038   Code   RO          142    .text.HAL_MspInit   stm32f4xx_hal_msp.o
    0x08001240   0x08001240   0x00000022   Code   RO          987    .text.HAL_NVIC_EnableIRQ  stm32f4xx_hal_cortex.o
    0x08001262   0x08001262   0x00000002   PAD
    0x08001264   0x08001264   0x00000056   Code   RO          985    .text.HAL_NVIC_SetPriority  stm32f4xx_hal_cortex.o
    0x080012ba   0x080012ba   0x00000002   PAD
    0x080012bc   0x080012bc   0x00000020   Code   RO          983    .text.HAL_NVIC_SetPriorityGrouping  stm32f4xx_hal_cortex.o
    0x080012dc   0x080012dc   0x00000164   Code   RO          744    .text.HAL_RCC_ClockConfig  stm32f4xx_hal_rcc.o
    0x08001440   0x08001440   0x00000026   Code   RO          756    .text.HAL_RCC_GetPCLK1Freq  stm32f4xx_hal_rcc.o
    0x08001466   0x08001466   0x00000002   PAD
    0x08001468   0x08001468   0x00000026   Code   RO          758    .text.HAL_RCC_GetPCLK2Freq  stm32f4xx_hal_rcc.o
    0x0800148e   0x0800148e   0x00000002   PAD
    0x08001490   0x08001490   0x0000006c   Code   RO          746    .text.HAL_RCC_GetSysClockFreq  stm32f4xx_hal_rcc.o
    0x080014fc   0x080014fc   0x000003ac   Code   RO          742    .text.HAL_RCC_OscConfig  stm32f4xx_hal_rcc.o
    0x080018a8   0x080018a8   0x0000002c   Code   RO          995    .text.HAL_SYSTICK_Config  stm32f4xx_hal_cortex.o
    0x080018d4   0x080018d4   0x00000002   Code   RO          726    .text.HAL_TIMEx_BreakCallback  stm32f4xx_hal_tim_ex.o
    0x080018d6   0x080018d6   0x00000002   PAD
    0x080018d8   0x080018d8   0x00000002   Code   RO          722    .text.HAL_TIMEx_CommutCallback  stm32f4xx_hal_tim_ex.o
    0x080018da   0x080018da   0x00000002   PAD
    0x080018dc   0x080018dc   0x000000ba   Code   RO          716    .text.HAL_TIMEx_MasterConfigSynchronization  stm32f4xx_hal_tim_ex.o
    0x08001996   0x08001996   0x00000002   PAD
    0x08001998   0x08001998   0x0000005a   Code   RO          421    .text.HAL_TIM_Base_Init  stm32f4xx_hal_tim.o
    0x080019f2   0x080019f2   0x00000002   PAD
    0x080019f4   0x080019f4   0x00000048   Code   RO           65    .text.HAL_TIM_Base_MspInit  tim.o
    0x08001a3c   0x08001a3c   0x000000aa   Code   RO          435    .text.HAL_TIM_Base_Start_IT  stm32f4xx_hal_tim.o
    0x08001ae6   0x08001ae6   0x00000002   PAD
    0x08001ae8   0x08001ae8   0x000000b2   Code   RO          535    .text.HAL_TIM_Encoder_Init  stm32f4xx_hal_tim.o
    0x08001b9a   0x08001b9a   0x00000002   PAD
    0x08001b9c   0x08001b9c   0x000000e4   Code   RO           61    .text.HAL_TIM_Encoder_MspInit  tim.o
    0x08001c80   0x08001c80   0x000000bc   Code   RO          543    .text.HAL_TIM_Encoder_Start  stm32f4xx_hal_tim.o
    0x08001d3c   0x08001d3c   0x00000002   Code   RO          557    .text.HAL_TIM_IC_CaptureCallback  stm32f4xx_hal_tim.o
    0x08001d3e   0x08001d3e   0x00000002   PAD
    0x08001d40   0x08001d40   0x0000014e   Code   RO          555    .text.HAL_TIM_IRQHandler  stm32f4xx_hal_tim.o
    0x08001e8e   0x08001e8e   0x00000002   PAD
    0x08001e90   0x08001e90   0x00000002   Code   RO          559    .text.HAL_TIM_OC_DelayElapsedCallback  stm32f4xx_hal_tim.o
    0x08001e92   0x08001e92   0x00000002   PAD
    0x08001e94   0x08001e94   0x00000220   Code   RO          575    .text.HAL_TIM_PWM_ConfigChannel  stm32f4xx_hal_tim.o
    0x080020b4   0x080020b4   0x0000005a   Code   RO          475    .text.HAL_TIM_PWM_Init  stm32f4xx_hal_tim.o
    0x0800210e   0x0800210e   0x00000002   PAD
    0x08002110   0x08002110   0x00000048   Code   RO           63    .text.HAL_TIM_PWM_MspInit  tim.o
    0x08002158   0x08002158   0x00000002   Code   RO          561    .text.HAL_TIM_PWM_PulseFinishedCallback  stm32f4xx_hal_tim.o
    0x0800215a   0x0800215a   0x00000002   PAD
    0x0800215c   0x0800215c   0x0000010e   Code   RO          483    .text.HAL_TIM_PWM_Start  stm32f4xx_hal_tim.o
    0x0800226a   0x0800226a   0x00000002   PAD
    0x0800226c   0x0800226c   0x00000056   Code   RO           17    .text.HAL_TIM_PeriodElapsedCallback  main.o
    0x080022c2   0x080022c2   0x00000002   PAD
    0x080022c4   0x080022c4   0x00000002   Code   RO          565    .text.HAL_TIM_TriggerCallback  stm32f4xx_hal_tim.o
    0x080022c6   0x080022c6   0x00000002   PAD
    0x080022c8   0x080022c8   0x00000002   Code   RO         1211    .text.HAL_UARTEx_RxEventCallback  stm32f4xx_hal_uart.o
    0x080022ca   0x080022ca   0x00000002   PAD
    0x080022cc   0x080022cc   0x00000002   Code   RO         1209    .text.HAL_UART_ErrorCallback  stm32f4xx_hal_uart.o
    0x080022ce   0x080022ce   0x00000002   PAD
    0x080022d0   0x080022d0   0x00000594   Code   RO         1203    .text.HAL_UART_IRQHandler  stm32f4xx_hal_uart.o
    0x08002864   0x08002864   0x00000060   Code   RO         1125    .text.HAL_UART_Init  stm32f4xx_hal_uart.o
    0x080028c4   0x080028c4   0x0000016e   Code   RO           89    .text.HAL_UART_MspInit  usart.o
    0x08002a32   0x08002a32   0x00000002   PAD
    0x08002a34   0x08002a34   0x00000180   Code   RO         1159    .text.HAL_UART_Receive_DMA  stm32f4xx_hal_uart.o
    0x08002bb4   0x08002bb4   0x00000054   Code   RO         1147    .text.HAL_UART_Receive_IT  stm32f4xx_hal_uart.o
    0x08002c08   0x08002c08   0x0000002a   Code   RO          396    .text.HAL_UART_RxCpltCallback  serial.o
    0x08002c32   0x08002c32   0x00000002   PAD
    0x08002c34   0x08002c34   0x00000002   Code   RO         1219    .text.HAL_UART_RxHalfCpltCallback  stm32f4xx_hal_uart.o
    0x08002c36   0x08002c36   0x00000002   PAD
    0x08002c38   0x08002c38   0x00000192   Code   RO         1141    .text.HAL_UART_Transmit  stm32f4xx_hal_uart.o
    0x08002dca   0x08002dca   0x00000002   PAD
    0x08002dcc   0x08002dcc   0x00000002   Code   RO          398    .text.HAL_UART_TxCpltCallback  serial.o
    0x08002dce   0x08002dce   0x00000002   PAD
    0x08002dd0   0x08002dd0   0x00000002   Code   RO          107    .text.HardFault_Handler  stm32f4xx_it.o
    0x08002dd2   0x08002dd2   0x00000002   PAD
    0x08002dd4   0x08002dd4   0x00000002   Code   RO          409    .text.Key_Init      key.o
    0x08002dd6   0x08002dd6   0x00000002   PAD
    0x08002dd8   0x08002dd8   0x00000048   Code   RO           42    .text.MX_DMA_Init   dma.o
    0x08002e20   0x08002e20   0x0000011e   Code   RO           33    .text.MX_GPIO_Init  gpio.o
    0x08002f3e   0x08002f3e   0x00000002   PAD
    0x08002f40   0x08002f40   0x00000064   Code   RO           51    .text.MX_TIM2_Init  tim.o
    0x08002fa4   0x08002fa4   0x000000e0   Code   RO           53    .text.MX_TIM3_Init  tim.o
    0x08003084   0x08003084   0x00000068   Code   RO           57    .text.MX_TIM4_Init  tim.o
    0x080030ec   0x080030ec   0x00000050   Code   RO           59    .text.MX_TIM6_Init  tim.o
    0x0800313c   0x0800313c   0x0000003c   Code   RO           85    .text.MX_USART1_UART_Init  usart.o
    0x08003178   0x08003178   0x0000003c   Code   RO           87    .text.MX_USART3_UART_Init  usart.o
    0x080031b4   0x080031b4   0x00000002   Code   RO          109    .text.MemManage_Handler  stm32f4xx_it.o
    0x080031b6   0x080031b6   0x00000002   PAD
    0x080031b8   0x080031b8   0x0000003a   Code   RO          350    .text.Motor_Init    motor.o
    0x080031f2   0x080031f2   0x00000002   PAD
    0x080031f4   0x080031f4   0x00000058   Code   RO          354    .text.Motor_SetSpeed_Left  motor.o
    0x0800324c   0x0800324c   0x0000005e   Code   RO          352    .text.Motor_SetSpeed_Right  motor.o
    0x080032aa   0x080032aa   0x00000002   PAD
    0x080032ac   0x080032ac   0x00000002   Code   RO          105    .text.NMI_Handler   stm32f4xx_it.o
    0x080032ae   0x080032ae   0x00000002   PAD
    0x080032b0   0x080032b0   0x00000020   Code   RO          364    .text.PID_Init      pid.o
    0x080032d0   0x080032d0   0x000000b0   Code   RO          368    .text.PID_Update    pid.o
    0x08003380   0x08003380   0x00000002   Code   RO          119    .text.PendSV_Handler  stm32f4xx_it.o
    0x08003382   0x08003382   0x00000002   PAD
    0x08003384   0x08003384   0x00000002   Code   RO          115    .text.SVC_Handler   stm32f4xx_it.o
    0x08003386   0x08003386   0x00000002   PAD
    0x08003388   0x08003388   0x00000016   Code   RO          378    .text.Serial_Init   serial.o
    0x0800339e   0x0800339e   0x00000002   PAD
    0x080033a0   0x080033a0   0x00000004   Code   RO          121    .text.SysTick_Handler  stm32f4xx_it.o
    0x080033a4   0x080033a4   0x000000ac   Code   RO           13    .text.SystemClock_Config  main.o
    0x08003450   0x08003450   0x00000012   Code   RO         1247    .text.SystemInit    system_stm32f4xx.o
    0x08003462   0x08003462   0x00000002   PAD
    0x08003464   0x08003464   0x0000000c   Code   RO          127    .text.TIM3_IRQHandler  stm32f4xx_it.o
    0x08003470   0x08003470   0x0000000c   Code   RO          133    .text.TIM6_DAC_IRQHandler  stm32f4xx_it.o
    0x0800347c   0x0800347c   0x0000013a   Code   RO          425    .text.TIM_Base_SetConfig  stm32f4xx_hal_tim.o
    0x080035b6   0x080035b6   0x00000002   PAD
    0x080035b8   0x080035b8   0x0000000a   Code   RO         1207    .text.UART_DMAAbortOnError  stm32f4xx_hal_uart.o
    0x080035c2   0x080035c2   0x00000002   PAD
    0x080035c4   0x080035c4   0x0000017c   Code   RO         1157    .text.UART_DMAError  stm32f4xx_hal_uart.o
    0x08003740   0x08003740   0x0000015e   Code   RO         1235    .text.UART_DMAReceiveCplt  stm32f4xx_hal_uart.o
    0x0800389e   0x0800389e   0x00000002   PAD
    0x080038a0   0x080038a0   0x00000018   Code   RO         1237    .text.UART_DMARxHalfCplt  stm32f4xx_hal_uart.o
    0x080038b8   0x080038b8   0x000000fe   Code   RO         1205    .text.UART_Receive_IT  stm32f4xx_hal_uart.o
    0x080039b6   0x080039b6   0x00000002   PAD
    0x080039b8   0x080039b8   0x000000e6   Code   RO         1129    .text.UART_SetConfig  stm32f4xx_hal_uart.o
    0x08003a9e   0x08003a9e   0x00000002   PAD
    0x08003aa0   0x08003aa0   0x0000000c   Code   RO          129    .text.USART1_IRQHandler  stm32f4xx_it.o
    0x08003aac   0x08003aac   0x00000038   Code   RO          131    .text.USART3_IRQHandler  stm32f4xx_it.o
    0x08003ae4   0x08003ae4   0x00000002   Code   RO          113    .text.UsageFault_Handler  stm32f4xx_it.o
    0x08003ae6   0x08003ae6   0x00000002   PAD
    0x08003ae8   0x08003ae8   0x00000030   Code   RO          231    .text._Z10cmd_vel_cbRKN13geometry_msgs5TwistE  mainpp.o
    0x08003b18   0x08003b18   0x0000002a   Code   RO          263    .text._ZN13geometry_msgs14Vector3Stamped11deserializeEPh  mainpp.o
    0x08003b42   0x08003b42   0x00000002   PAD
    0x08003b44   0x08003b44   0x00000028   Code   RO          267    .text._ZN13geometry_msgs14Vector3Stamped6getMD5Ev  mainpp.o
    0x08003b6c   0x08003b6c   0x00000024   Code   RO          265    .text._ZN13geometry_msgs14Vector3Stamped7getTypeEv  mainpp.o
    0x08003b90   0x08003b90   0x00000036   Code   RO          315    .text._ZN13geometry_msgs5Twist11deserializeEPh  mainpp.o
    0x08003bc6   0x08003bc6   0x00000002   PAD
    0x08003bc8   0x08003bc8   0x0000000a   Code   RO          319    .text._ZN13geometry_msgs5Twist6getMD5Ev  mainpp.o
    0x08003bd2   0x08003bd2   0x00000002   PAD
    0x08003bd4   0x08003bd4   0x0000000a   Code   RO          317    .text._ZN13geometry_msgs5Twist7getTypeEv  mainpp.o
    0x08003bde   0x08003bde   0x00000002   PAD
    0x08003be0   0x08003be0   0x0000001e   Code   RO          279    .text._ZN13geometry_msgs7Vector311deserializeEPh  mainpp.o
    0x08003bfe   0x08003bfe   0x00000002   PAD
    0x08003c00   0x08003c00   0x00000028   Code   RO          283    .text._ZN13geometry_msgs7Vector36getMD5Ev  mainpp.o
    0x08003c28   0x08003c28   0x0000001c   Code   RO          281    .text._ZN13geometry_msgs7Vector37getTypeEv  mainpp.o
    0x08003c44   0x08003c44   0x0000017a   Code   RO          291    .text._ZN14rosserial_msgs20RequestParamResponse11deserializeEPh  mainpp.o
    0x08003dbe   0x08003dbe   0x00000002   PAD
    0x08003dc0   0x08003dc0   0x00000028   Code   RO          295    .text._ZN14rosserial_msgs20RequestParamResponse6getMD5Ev  mainpp.o
    0x08003de8   0x08003de8   0x0000000a   Code   RO          293    .text._ZN14rosserial_msgs20RequestParamResponse7getTypeEv  mainpp.o
    0x08003df2   0x08003df2   0x00000002   PAD
    0x08003df4   0x08003df4   0x00000058   Code   RO          299    .text._ZN14rosserial_msgs3Log11deserializeEPh  mainpp.o
    0x08003e4c   0x08003e4c   0x00000028   Code   RO          303    .text._ZN14rosserial_msgs3Log6getMD5Ev  mainpp.o
    0x08003e74   0x08003e74   0x00000018   Code   RO          301    .text._ZN14rosserial_msgs3Log7getTypeEv  mainpp.o
    0x08003e8c   0x08003e8c   0x00000182   Code   RO          333    .text._ZN14rosserial_msgs9TopicInfo11deserializeEPh  mainpp.o
    0x0800400e   0x0800400e   0x00000002   PAD
    0x08004010   0x08004010   0x00000028   Code   RO          337    .text._ZN14rosserial_msgs9TopicInfo6getMD5Ev  mainpp.o
    0x08004038   0x08004038   0x00000020   Code   RO          335    .text._ZN14rosserial_msgs9TopicInfo7getTypeEv  mainpp.o
    0x08004058   0x08004058   0x0000000a   Code   RO          309    .text._ZN3ros10SubscriberIN13geometry_msgs5TwistEvE10getMsgTypeEv  mainpp.o
    0x08004062   0x08004062   0x00000002   PAD
    0x08004064   0x08004064   0x00000004   Code   RO          307    .text._ZN3ros10SubscriberIN13geometry_msgs5TwistEvE15getEndpointTypeEv  mainpp.o
    0x08004068   0x08004068   0x00000018   Code   RO          305    .text._ZN3ros10SubscriberIN13geometry_msgs5TwistEvE8callbackEPh  mainpp.o
    0x08004080   0x08004080   0x0000000a   Code   RO          311    .text._ZN3ros10SubscriberIN13geometry_msgs5TwistEvE9getMsgMD5Ev  mainpp.o
    0x0800408a   0x0800408a   0x00000002   PAD
    0x0800408c   0x0800408c   0x000000e0   Code   RO          321    .text._ZN3ros11NodeHandle_I13STM32HardwareLi25ELi25ELi1024ELi1024EE15negotiateTopicsEv  mainpp.o
    0x0800416c   0x0800416c   0x00000178   Code   RO          285    .text._ZN3ros11NodeHandle_I13STM32HardwareLi25ELi25ELi1024ELi1024EE7publishEiPKNS_3MsgE  mainpp.o
    0x080042e4   0x080042e4   0x0000035a   Code   RO          259    .text._ZN3ros11NodeHandle_I13STM32HardwareLi25ELi25ELi1024ELi1024EE8spinOnceEv  mainpp.o
    0x0800463e   0x0800463e   0x00000002   PAD
    0x08004640   0x08004640   0x00000140   Code   RO          257    .text._ZN3ros11NodeHandle_I13STM32HardwareLi25ELi25ELi1024ELi1024EE9advertiseERNS_9PublisherE  mainpp.o
    0x08004780   0x08004780   0x00000006   Code   RO          287    .text._ZN3ros11NodeHandle_I13STM32HardwareLi25ELi25ELi1024ELi1024EE9connectedEv  mainpp.o
    0x08004786   0x08004786   0x00000002   PAD
    0x08004788   0x08004788   0x00000140   Code   RO          255    .text._ZN3ros11NodeHandle_I13STM32HardwareLi25ELi25ELi1024ELi1024EE9subscribeERNS_11Subscriber_E  mainpp.o
    0x080048c8   0x080048c8   0x00000030   Code   RO          166    .text._ZN3ros16normalizeSecNSecERjS0_  time.o
    0x080048f8   0x080048f8   0x0000003e   Code   RO          325    .text._ZN8std_msgs4Time11deserializeEPh  mainpp.o
    0x08004936   0x08004936   0x00000002   PAD
    0x08004938   0x08004938   0x00000028   Code   RO          329    .text._ZN8std_msgs4Time6getMD5Ev  mainpp.o
    0x08004960   0x08004960   0x00000014   Code   RO          327    .text._ZN8std_msgs4Time7getTypeEv  mainpp.o
    0x08004974   0x08004974   0x000000ac   Code   RO          271    .text._ZN8std_msgs6Header11deserializeEPh  mainpp.o
    0x08004a20   0x08004a20   0x00000028   Code   RO          275    .text._ZN8std_msgs6Header6getMD5Ev  mainpp.o
    0x08004a48   0x08004a48   0x00000014   Code   RO          273    .text._ZN8std_msgs6Header7getTypeEv  mainpp.o
    0x08004a5c   0x08004a5c   0x000000ca   Code   RO          261    .text._ZNK13geometry_msgs14Vector3Stamped9serializeEPh  mainpp.o
    0x08004b26   0x08004b26   0x00000002   PAD
    0x08004b28   0x08004b28   0x0000010e   Code   RO          313    .text._ZNK13geometry_msgs5Twist9serializeEPh  mainpp.o
    0x08004c36   0x08004c36   0x00000002   PAD
    0x08004c38   0x08004c38   0x0000007c   Code   RO          277    .text._ZNK13geometry_msgs7Vector39serializeEPh  mainpp.o
    0x08004cb4   0x08004cb4   0x000000e2   Code   RO          289    .text._ZNK14rosserial_msgs20RequestParamResponse9serializeEPh  mainpp.o
    0x08004d96   0x08004d96   0x00000002   PAD
    0x08004d98   0x08004d98   0x00000024   Code   RO          297    .text._ZNK14rosserial_msgs3Log9serializeEPh  mainpp.o
    0x08004dbc   0x08004dbc   0x00000064   Code   RO          331    .text._ZNK14rosserial_msgs9TopicInfo9serializeEPh  mainpp.o
    0x08004e20   0x08004e20   0x00000028   Code   RO          323    .text._ZNK8std_msgs4Time9serializeEPh  mainpp.o
    0x08004e48   0x08004e48   0x00000058   Code   RO          269    .text._ZNK8std_msgs6Header9serializeEPh  mainpp.o
    0x08004ea0   0x08004ea0   0x000000f0   Code   RO          239    .text.loop          mainpp.o
    0x08004f90   0x08004f90   0x0000004a   Code   RO           11    .text.main          main.o
    0x08004fda   0x08004fda   0x00000002   PAD
    0x08004fdc   0x08004fdc   0x00000002   Code   RO          229    .text.rosserial_idle_cb  mainpp.o
    0x08004fde   0x08004fde   0x00000002   PAD
    0x08004fe0   0x08004fe0   0x0000005a   Code   RO          237    .text.setup         mainpp.o
    0x0800503a   0x0800503a   0x00000002   PAD
    0x0800503c   0x0800503c   0x00000062   Code   RO         1335    x$fpl$d2f           fz_wm.l(d2f.o)
    0x0800509e   0x0800509e   0x0000002e   Code   RO         1342    x$fpl$dflt          fz_wm.l(dflt_clz.o)
    0x080050cc   0x080050cc   0x0000009c   Code   RO         1484    x$fpl$dnaninf       fz_wm.l(dnaninf.o)
    0x08005168   0x08005168   0x0000000c   Code   RO         1486    x$fpl$dretinf       fz_wm.l(dretinf.o)
    0x08005174   0x08005174   0x00000056   Code   RO         1349    x$fpl$f2d           fz_wm.l(f2d.o)
    0x080051ca   0x080051ca   0x0000008c   Code   RO         1488    x$fpl$fnaninf       fz_wm.l(fnaninf.o)
    0x08005256   0x08005256   0x0000001a   Code   RO         1676    x$fpl$fpinit        fz_wm.l(fpinit.o)
    0x08005270   0x08005270   0x0000000a   Code   RO         1490    x$fpl$fretinf       fz_wm.l(fretinf.o)
    0x0800527a   0x0800527a   0x00000000   Code   RO         1500    x$fpl$usenofp       fz_wm.l(usenofp.o)
    0x0800527a   0x0800527a   0x00000010   Data   RO         1252    .rodata.AHBPrescTable  system_stm32f4xx.o
    0x0800528a   0x0800528a   0x00000008   Data   RO         1253    .rodata.APBPrescTable  system_stm32f4xx.o
    0x08005292   0x08005292   0x0000001c   Data   RO          245    .rodata._ZN14rosserial_msgsL12REQUESTPARAME  mainpp.o
    0x080052ae   0x080052ae   0x00000002   PAD
    0x080052b0   0x080052b0   0x00000018   Data   RO          339    .rodata._ZTVN13geometry_msgs14Vector3StampedE  mainpp.o
    0x080052c8   0x080052c8   0x00000018   Data   RO          346    .rodata._ZTVN13geometry_msgs5TwistE  mainpp.o
    0x080052e0   0x080052e0   0x00000018   Data   RO          341    .rodata._ZTVN13geometry_msgs7Vector3E  mainpp.o
    0x080052f8   0x080052f8   0x00000018   Data   RO          343    .rodata._ZTVN14rosserial_msgs20RequestParamResponseE  mainpp.o
    0x08005310   0x08005310   0x00000018   Data   RO          344    .rodata._ZTVN14rosserial_msgs3LogE  mainpp.o
    0x08005328   0x08005328   0x00000018   Data   RO          348    .rodata._ZTVN14rosserial_msgs9TopicInfoE  mainpp.o
    0x08005340   0x08005340   0x00000018   Data   RO          345    .rodata._ZTVN3ros10SubscriberIN13geometry_msgs5TwistEvEE  mainpp.o
    0x08005358   0x08005358   0x00000014   Data   RO          342    .rodata._ZTVN3ros11NodeHandle_I13STM32HardwareLi25ELi25ELi1024ELi1024EEE  mainpp.o
    0x0800536c   0x0800536c   0x00000018   Data   RO          347    .rodata._ZTVN8std_msgs4TimeE  mainpp.o
    0x08005384   0x08005384   0x00000018   Data   RO          340    .rodata._ZTVN8std_msgs6HeaderE  mainpp.o
    0x0800539c   0x0800539c   0x00000008   Data   RO          912    .rodata.cst8        stm32f4xx_hal_dma.o
    0x080053a4   0x080053a4   0x00000048   Data   RO          242    .rodata.str1.1      mainpp.o
    0x080053ec   0x080053ec   0x00000020   Data   RO         1761    Region$$Table       anon$$obj.o


    Execution Region RW_IRAM1 (Exec base: 0x20000000, Load base: 0x08005410, Size: 0x00002548, Max: 0x0001c000, ABSOLUTE, COMPRESSED[0x00000080])

    Exec Addr    Load Addr    Size         Type   Attr      Idx    E Section Name        Object

    0x20000000   COMPRESSED   0x00000060   Data   RW          246    .data..L_MergedGlobals  mainpp.o
    0x20000060   COMPRESSED   0x00000008   Data   RW         1090    .data..L_MergedGlobals  stm32f4xx_hal.o
    0x20000068   COMPRESSED   0x00000004   Data   RW         1251    .data.SystemCoreClock  system_stm32f4xx.o
    0x2000006c   COMPRESSED   0x00000d34   Data   RW          243    .data.nh            mainpp.o
    0x20000da0   COMPRESSED   0x00000060   Data   RW          244    .data.sub_cmd_vel   mainpp.o
    0x20000e00        -       0x00000060   Zero   RW         1502    .bss                c_w.l(libspace.o)
    0x20000e60        -       0x00000058   Zero   RW          208    .bss..L_MergedGlobals  control.o
    0x20000eb8        -       0x00000002   Zero   RW          400    .bss..L_MergedGlobals  serial.o
    0x20000eba   COMPRESSED   0x00000002   PAD
    0x20000ebc        -       0x00000008   Zero   RW          247    .bss..L_MergedGlobals.22  mainpp.o
    0x20000ec4        -       0x00000002   Zero   RW           21    .bss.HAL_TIM_PeriodElapsedCallback.task_scheduler_counter  main.o
    0x20000ec6   COMPRESSED   0x00000002   PAD
    0x20000ec8        -       0x00000004   Zero   RW          200    .bss.g_current_speed_left_cmps_debug  control.o
    0x20000ecc        -       0x00000002   Zero   RW          201    .bss.g_pwm_out_left_debug  control.o
    0x20000ece   COMPRESSED   0x00000002   PAD
    0x20000ed0        -       0x00000004   Zero   RW          199    .bss.g_target_speed_left_cmps_debug  control.o
    0x20000ed4        -       0x00000060   Zero   RW           95    .bss.hdma_usart3_rx  usart.o
    0x20000f34        -       0x00000060   Zero   RW           96    .bss.hdma_usart3_tx  usart.o
    0x20000f94        -       0x00000048   Zero   RW           73    .bss.htim2          tim.o
    0x20000fdc        -       0x00000048   Zero   RW           74    .bss.htim3          tim.o
    0x20001024        -       0x00000048   Zero   RW           75    .bss.htim4          tim.o
    0x2000106c        -       0x00000048   Zero   RW           76    .bss.htim6          tim.o
    0x200010b4        -       0x00000048   Zero   RW           93    .bss.huart1         usart.o
    0x200010fc        -       0x00000048   Zero   RW           94    .bss.huart3         usart.o
    0x20001144        -       0x00000004   Zero   RW         1089    .bss.uwTick         stm32f4xx_hal.o
    0x20001148        -       0x00000400   Zero   RW            2    HEAP                startup_stm32f407xx.o
    0x20001548        -       0x00001000   Zero   RW            1    STACK               startup_stm32f407xx.o


    Execution Region RW_IRAM2 (Exec base: 0x2001c000, Load base: 0x08005490, Size: 0x00000000, Max: 0x00004000, ABSOLUTE)

    **** No section assigned to this execution region ****


==============================================================================

Image component sizes


      Code (inc. data)   RO Data    RW Data    ZI Data      Debug   Object Name

       344         32          0          0         98       3715   control.o
        72          0          0          0          0       3458   dma.o
        38          0          0          0          0        696   encoder.o
       286          0          0          0          0       2248   gpio.o
         2          0          0          0          0       1328   key.o
       338          0          0          0          2       7010   main.o
      5300        470        336       3572          8      54544   mainpp.o
       240          0          0          0          0       4490   motor.o
       208          4          0          0          0       1321   pid.o
        66          0          0          0          2       6497   serial.o
        64         26        392          0       5120        836   startup_stm32f407xx.o
       164          0          0          8          4       7291   stm32f4xx_hal.o
       196          0          0          0          0      10708   stm32f4xx_hal_cortex.o
      1146          6          8          0          0      10520   stm32f4xx_hal_dma.o
       424          0          0          0          0       5338   stm32f4xx_hal_gpio.o
        56          0          0          0          0       1446   stm32f4xx_hal_msp.o
      1480          0          0          0          0       7462   stm32f4xx_hal_rcc.o
      2186          6          0          0          0      57416   stm32f4xx_hal_tim.o
       190          0          0          0          0      21473   stm32f4xx_hal_tim_ex.o
      3648          0          0          0          0      32231   stm32f4xx_hal_uart.o
       136          0          0          0          0       6295   stm32f4xx_it.o
        18          0         24          4          0       2575   system_stm32f4xx.o
       880          0          0          0        288      11269   tim.o
        48          0          0          0          0      14439   time.o
       486          0          0          0        336       7432   usart.o

    ----------------------------------------------------------------------
     18160        544        794       3584       5864     282038   Object Totals
         0          0         32          0          0          0   (incl. Generated)
       144          0          2          0          6          0   (incl. Padding)

    ----------------------------------------------------------------------

      Code (inc. data)   RO Data    RW Data    ZI Data      Debug   Library Member Name

        58          0          0          0          0          0   __dczerorl.o
         8          0          0          0          0         68   __main.o
         0          0          0          0          0          0   __rtentry.o
        12          0          0          0          0          0   __rtentry2.o
         6          0          0          0          0          0   __rtentry4.o
        94          8          0          0          0          0   __scatter.o
        28          0          0          0          0          0   __scatter_zi.o
        10          0          0          0          0         68   defsig_exit.o
        50          0          0          0          0         88   defsig_general.o
        80         58          0          0          0         76   defsig_rtmem_inner.o
        14          0          0          0          0         80   defsig_rtmem_outer.o
        18          0          0          0          0         80   exit.o
        94          0          0          0          0         80   h1_alloc.o
        52          0          0          0          0         68   h1_extend.o
        78          0          0          0          0         80   h1_free.o
        12          0          0          0          0         84   h1_init.o
       196          0          0          0          0         92   h1_realloc.o
         6          0          0          0          0        152   heapauxi.o
         4          0          0          0          0        136   hguard.o
         0          0          0          0          0          0   indicate_semi.o
       138          0          0          0          0        168   init_alloc.o
         2          0          0          0          0          0   libinit.o
        14          0          0          0          0          0   libinit2.o
         2          0          0          0          0          0   libshutdown.o
         2          0          0          0          0          0   libshutdown2.o
         8          4          0          0         96         68   libspace.o
       240          0          0          0          0        100   lludivv7m.o
         0          0          0          0          0          0   maybetermalloc1.o
         8          4          0          0          0         68   rt_heap_descriptor_intlibspace.o
        78          0          0          0          0         80   rt_memclr_w.o
       138          0          0          0          0         68   rt_memcpy_v6.o
       100          0          0          0          0         80   rt_memcpy_w.o
       132          0          0          0          0         68   rt_memmove_v6.o
       122          0          0          0          0         80   rt_memmove_w.o
         2          0          0          0          0          0   rtexit.o
        10          0          0          0          0          0   rtexit2.o
        62          0          0          0          0         76   strlen.o
        12          4          0          0          0         68   sys_exit.o
        74          0          0          0          0         80   sys_stackheap_outer.o
        14          0          0          0          0         76   sys_wrch.o
         2          0          0          0          0         68   use_no_semi.o
        98          4          0          0          0        140   d2f.o
        46          0          0          0          0        116   dflt_clz.o
       156          4          0          0          0        140   dnaninf.o
        12          0          0          0          0        116   dretinf.o
        86          4          0          0          0        132   f2d.o
       140          4          0          0          0        132   fnaninf.o
        26          0          0          0          0        116   fpinit.o
        10          0          0          0          0        116   fretinf.o
         0          0          0          0          0          0   usenofp.o

    ----------------------------------------------------------------------
      2562         94          0          0         96       3308   Library Totals
         8          0          0          0          0          0   (incl. Padding)

    ----------------------------------------------------------------------

      Code (inc. data)   RO Data    RW Data    ZI Data      Debug   Library Name

      1980         78          0          0         96       2300   c_w.l
       574         16          0          0          0       1008   fz_wm.l

    ----------------------------------------------------------------------
      2562         94          0          0         96       3308   Library Totals

    ----------------------------------------------------------------------

==============================================================================


      Code (inc. data)   RO Data    RW Data    ZI Data      Debug   

     20722        638        794       3584       5960     283006   Grand Totals
     20722        638        794        128       5960     283006   ELF Image Totals (compressed)
     20722        638        794        128          0          0   ROM Totals

==============================================================================

    Total RO  Size (Code + RO Data)                21516 (  21.01kB)
    Total RW  Size (RW Data + ZI Data)              9544 (   9.32kB)
    Total ROM Size (Code + RO Data + RW Data)      21644 (  21.14kB)

==============================================================================

