Component: Arm Compiler for Embedded 6.22 Tool: armlink [5ee90200]

==============================================================================

Section Cross References

    startup_stm32f407xx.o(STACK) refers (Special) to heapauxi.o(.text) for __use_two_region_memory
    startup_stm32f407xx.o(HEAP) refers (Special) to heapauxi.o(.text) for __use_two_region_memory
    startup_stm32f407xx.o(RESET) refers (Special) to heapauxi.o(.text) for __use_two_region_memory
    startup_stm32f407xx.o(RESET) refers to startup_stm32f407xx.o(STACK) for __initial_sp
    startup_stm32f407xx.o(RESET) refers to startup_stm32f407xx.o(.text) for Reset_Handler
    startup_stm32f407xx.o(RESET) refers to stm32f4xx_it.o(.text.NMI_Handler) for NMI_Handler
    startup_stm32f407xx.o(RESET) refers to stm32f4xx_it.o(.text.HardFault_Handler) for HardFault_Handler
    startup_stm32f407xx.o(RESET) refers to stm32f4xx_it.o(.text.MemManage_Handler) for MemManage_Handler
    startup_stm32f407xx.o(RESET) refers to stm32f4xx_it.o(.text.BusFault_Handler) for BusFault_Handler
    startup_stm32f407xx.o(RESET) refers to stm32f4xx_it.o(.text.UsageFault_Handler) for UsageFault_Handler
    startup_stm32f407xx.o(RESET) refers to stm32f4xx_it.o(.text.SVC_Handler) for SVC_Handler
    startup_stm32f407xx.o(RESET) refers to stm32f4xx_it.o(.text.DebugMon_Handler) for DebugMon_Handler
    startup_stm32f407xx.o(RESET) refers to stm32f4xx_it.o(.text.PendSV_Handler) for PendSV_Handler
    startup_stm32f407xx.o(RESET) refers to stm32f4xx_it.o(.text.SysTick_Handler) for SysTick_Handler
    startup_stm32f407xx.o(RESET) refers to stm32f4xx_it.o(.text.DMA1_Stream1_IRQHandler) for DMA1_Stream1_IRQHandler
    startup_stm32f407xx.o(RESET) refers to stm32f4xx_it.o(.text.DMA1_Stream3_IRQHandler) for DMA1_Stream3_IRQHandler
    startup_stm32f407xx.o(RESET) refers to stm32f4xx_it.o(.text.USART3_IRQHandler) for USART3_IRQHandler
    startup_stm32f407xx.o(.text) refers (Special) to heapauxi.o(.text) for __use_two_region_memory
    startup_stm32f407xx.o(.text) refers to system_stm32f4xx.o(.text.SystemInit) for SystemInit
    startup_stm32f407xx.o(.text) refers to __main.o(!!!main) for __main
    startup_stm32f407xx.o(.text) refers to startup_stm32f407xx.o(HEAP) for Heap_Mem
    startup_stm32f407xx.o(.text) refers to startup_stm32f407xx.o(STACK) for Stack_Mem
    mainpp.o(.text._Z12vel_callbackRKN13geometry_msgs5TwistE) refers to mainpp.o(.bss.vel) for vel
    mainpp.o(.ARM.exidx.text._Z12vel_callbackRKN13geometry_msgs5TwistE) refers to mainpp.o(.text._Z12vel_callbackRKN13geometry_msgs5TwistE) for [Anonymous Symbol]
    mainpp.o(.text.HAL_UART_TxCpltCallback) refers to mainpp.o(.text._ZN13STM32Hardware5flushEv) for STM32Hardware::flush()
    mainpp.o(.text.HAL_UART_TxCpltCallback) refers to mainpp.o(.data.nh) for nh
    mainpp.o(.ARM.exidx.text.HAL_UART_TxCpltCallback) refers to mainpp.o(.text.HAL_UART_TxCpltCallback) for [Anonymous Symbol]
    mainpp.o(.text.HAL_UART_RxCpltCallback) refers to mainpp.o(.text._ZN13STM32Hardware10reset_rbufEv) for STM32Hardware::reset_rbuf()
    mainpp.o(.text.HAL_UART_RxCpltCallback) refers to mainpp.o(.data.nh) for nh
    mainpp.o(.ARM.exidx.text.HAL_UART_RxCpltCallback) refers to mainpp.o(.text.HAL_UART_RxCpltCallback) for [Anonymous Symbol]
    mainpp.o(.text.setup) refers to mainpp.o(.text._ZN3ros11NodeHandle_I13STM32HardwareLi25ELi25ELi512ELi512EE8initNodeEv) for ros::NodeHandle_<STM32Hardware, 25, 25, 512, 512>::initNode()
    mainpp.o(.text.setup) refers to mainpp.o(.text._ZN3ros11NodeHandle_I13STM32HardwareLi25ELi25ELi512ELi512EE9subscribeERNS_11Subscriber_E) for ros::NodeHandle_<STM32Hardware, 25, 25, 512, 512>::subscribe(ros::Subscriber_&)
    mainpp.o(.text.setup) refers to mainpp.o(.data.nh) for nh
    mainpp.o(.text.setup) refers to mainpp.o(.data.sub) for sub
    mainpp.o(.ARM.exidx.text.setup) refers to mainpp.o(.text.setup) for [Anonymous Symbol]
    mainpp.o(.text.loop) refers to mainpp.o(.text._ZN3ros11NodeHandle_I13STM32HardwareLi25ELi25ELi512ELi512EE8spinOnceEv) for ros::NodeHandle_<STM32Hardware, 25, 25, 512, 512>::spinOnce()
    mainpp.o(.text.loop) refers to mainpp.o(.data.nh) for nh
    mainpp.o(.ARM.exidx.text.loop) refers to mainpp.o(.text.loop) for [Anonymous Symbol]
    mainpp.o(.data.nh) refers to mainpp.o(.rodata._ZTVN3ros11NodeHandle_I13STM32HardwareLi25ELi25ELi512ELi512EEE) for vtable for ros::NodeHandle_<STM32Hardware, 25, 25, 512, 512>
    mainpp.o(.data.nh) refers to usart.o(.bss.huart3) for huart3
    mainpp.o(.data.nh) refers to mainpp.o(.rodata._ZTVN14rosserial_msgs20RequestParamResponseE) for vtable for rosserial_msgs::RequestParamResponse
    mainpp.o(.data.sub) refers to mainpp.o(.rodata._ZTVN3ros10SubscriberIN13geometry_msgs5TwistEvEE) for vtable for ros::Subscriber<geometry_msgs::Twist, void>
    mainpp.o(.data.sub) refers to mainpp.o(.rodata.str1.1) for [Anonymous Symbol]
    mainpp.o(.data.sub) refers to mainpp.o(.rodata._ZTVN13geometry_msgs5TwistE) for vtable for geometry_msgs::Twist
[...]
    OUTLINED_FUNCTION_19                     0x08001a81   Thumb Code    10  stm32f4xx_hal_uart.o(.text.OUTLINED_FUNCTION_19)
    [Anonymous Symbol]                       0x08001a80   Section        0  stm32f4xx_hal_uart.o(.text.OUTLINED_FUNCTION_19)
    OUTLINED_FUNCTION_2                      0x08001a8b   Thumb Code    10  stm32f4xx_hal_rcc.o(.text.OUTLINED_FUNCTION_2)
    [Anonymous Symbol]                       0x08001a8a   Section        0  stm32f4xx_hal_rcc.o(.text.OUTLINED_FUNCTION_2)
    OUTLINED_FUNCTION_2                      0x08001a95   Thumb Code     8  stm32f4xx_hal_dma.o(.text.OUTLINED_FUNCTION_2)
    [Anonymous Symbol]                       0x08001a94   Section        0  stm32f4xx_hal_dma.o(.text.OUTLINED_FUNCTION_2)
    OUTLINED_FUNCTION_20                     0x08001a9d   Thumb Code    10  stm32f4xx_hal_uart.o(.text.OUTLINED_FUNCTION_20)
    [Anonymous Symbol]                       0x08001a9c   Section        0  stm32f4xx_hal_uart.o(.text.OUTLINED_FUNCTION_20)
    OUTLINED_FUNCTION_21                     0x08001aa7   Thumb Code     6  stm32f4xx_hal_uart.o(.text.OUTLINED_FUNCTION_21)
    [Anonymous Symbol]                       0x08001aa6   Section        0  stm32f4xx_hal_uart.o(.text.OUTLINED_FUNCTION_21)
    OUTLINED_FUNCTION_3                      0x08001aad   Thumb Code    20  stm32f4xx_hal_uart.o(.text.OUTLINED_FUNCTION_3)
    [Anonymous Symbol]                       0x08001aac   Section        0  stm32f4xx_hal_uart.o(.text.OUTLINED_FUNCTION_3)
    OUTLINED_FUNCTION_3                      0x08001ac1   Thumb Code    10  stm32f4xx_hal_dma.o(.text.OUTLINED_FUNCTION_3)
    [Anonymous Symbol]                       0x08001ac0   Section        0  stm32f4xx_hal_dma.o(.text.OUTLINED_FUNCTION_3)
    OUTLINED_FUNCTION_4                      0x08001acb   Thumb Code    22  stm32f4xx_hal_uart.o(.text.OUTLINED_FUNCTION_4)
    [Anonymous Symbol]                       0x08001aca   Section        0  stm32f4xx_hal_uart.o(.text.OUTLINED_FUNCTION_4)
    OUTLINED_FUNCTION_5                      0x08001ae1   Thumb Code     8  stm32f4xx_hal_uart.o(.text.OUTLINED_FUNCTION_5)
    [Anonymous Symbol]                       0x08001ae0   Section        0  stm32f4xx_hal_uart.o(.text.OUTLINED_FUNCTION_5)
    OUTLINED_FUNCTION_6                      0x08001ae9   Thumb Code    28  stm32f4xx_hal_uart.o(.text.OUTLINED_FUNCTION_6)
    [Anonymous Symbol]                       0x08001ae8   Section        0  stm32f4xx_hal_uart.o(.text.OUTLINED_FUNCTION_6)
    OUTLINED_FUNCTION_7                      0x08001b05   Thumb Code    12  stm32f4xx_hal_uart.o(.text.OUTLINED_FUNCTION_7)
    [Anonymous Symbol]                       0x08001b04   Section        0  stm32f4xx_hal_uart.o(.text.OUTLINED_FUNCTION_7)
    [Anonymous Symbol]                       0x08001b10   Section        0  stm32f4xx_it.o(.text.PendSV_Handler)
    [Anonymous Symbol]                       0x08001b12   Section        0  stm32f4xx_it.o(.text.SVC_Handler)
    [Anonymous Symbol]                       0x08001b14   Section        0  stm32f4xx_it.o(.text.SysTick_Handler)
    [Anonymous Symbol]                       0x08001b18   Section        0  main.o(.text.SystemClock_Config)
    __arm_cp.1_0                             0x08001bb4   Number         4  main.o(.text.SystemClock_Config)
    __arm_cp.1_1                             0x08001bb8   Number         4  main.o(.text.SystemClock_Config)
    [Anonymous Symbol]                       0x08001bbc   Section        0  system_stm32f4xx.o(.text.SystemInit)
    __arm_cp.0_0                             0x08001bc8   Number         4  system_stm32f4xx.o(.text.SystemInit)
    UART_DMAAbortOnError                     0x08001bcd   Thumb Code    10  stm32f4xx_hal_uart.o(.text.UART_DMAAbortOnError)
    [Anonymous Symbol]                       0x08001bcc   Section        0  stm32f4xx_hal_uart.o(.text.UART_DMAAbortOnError)
    UART_DMAError                            0x08001bd7   Thumb Code    76  stm32f4xx_hal_uart.o(.text.UART_DMAError)
    [Anonymous Symbol]                       0x08001bd6   Section        0  stm32f4xx_hal_uart.o(.text.UART_DMAError)
    UART_DMAReceiveCplt                      0x08001c23   Thumb Code   114  stm32f4xx_hal_uart.o(.text.UART_DMAReceiveCplt)
    [Anonymous Symbol]                       0x08001c22   Section        0  stm32f4xx_hal_uart.o(.text.UART_DMAReceiveCplt)
    UART_DMARxHalfCplt                       0x08001c95   Thumb Code    24  stm32f4xx_hal_uart.o(.text.UART_DMARxHalfCplt)
    [Anonymous Symbol]                       0x08001c94   Section        0  stm32f4xx_hal_uart.o(.text.UART_DMARxHalfCplt)
    UART_DMATransmitCplt                     0x08001cad   Thumb Code    60  stm32f4xx_hal_uart.o(.text.UART_DMATransmitCplt)
    [Anonymous Symbol]                       0x08001cac   Section        0  stm32f4xx_hal_uart.o(.text.UART_DMATransmitCplt)
    UART_DMATxHalfCplt                       0x08001ce9   Thumb Code     6  stm32f4xx_hal_uart.o(.text.UART_DMATxHalfCplt)
    [Anonymous Symbol]                       0x08001ce8   Section        0  stm32f4xx_hal_uart.o(.text.UART_DMATxHalfCplt)
    UART_EndRxTransfer                       0x08001cef   Thumb Code    66  stm32f4xx_hal_uart.o(.text.UART_EndRxTransfer)
    [Anonymous Symbol]                       0x08001cee   Section        0  stm32f4xx_hal_uart.o(.text.UART_EndRxTransfer)
    UART_EndTxTransfer                       0x08001d31   Thumb Code    28  stm32f4xx_hal_uart.o(.text.UART_EndTxTransfer)
    [Anonymous Symbol]                       0x08001d30   Section        0  stm32f4xx_hal_uart.o(.text.UART_EndTxTransfer)
    UART_Receive_IT                          0x08001d4d   Thumb Code   186  stm32f4xx_hal_uart.o(.text.UART_Receive_IT)
    [Anonymous Symbol]                       0x08001d4c   Section        0  stm32f4xx_hal_uart.o(.text.UART_Receive_IT)
    UART_SetConfig                           0x08001e09   Thumb Code   188  stm32f4xx_hal_uart.o(.text.UART_SetConfig)
    [Anonymous Symbol]                       0x08001e08   Section        0  stm32f4xx_hal_uart.o(.text.UART_SetConfig)
    __arm_cp.2_0                             0x08001ec4   Number         4  stm32f4xx_hal_uart.o(.text.UART_SetConfig)
    __arm_cp.2_1                             0x08001ec8   Number         4  stm32f4xx_hal_uart.o(.text.UART_SetConfig)
    [Anonymous Symbol]                       0x08001ecc   Section        0  stm32f4xx_hal_uart.o(.text.UART_Start_Receive_DMA)
    __arm_cp.19_0                            0x08001f50   Number         4  stm32f4xx_hal_uart.o(.text.UART_Start_Receive_DMA)
    __arm_cp.19_1                            0x08001f54   Number         4  stm32f4xx_hal_uart.o(.text.UART_Start_Receive_DMA)
    __arm_cp.19_2                            0x08001f58   Number         4  stm32f4xx_hal_uart.o(.text.UART_Start_Receive_DMA)
    [Anonymous Symbol]                       0x08001f5c   Section        0  stm32f4xx_hal_uart.o(.text.UART_Start_Receive_IT)
    [Anonymous Symbol]                       0x08001f90   Section        0  stm32f4xx_it.o(.text.USART3_IRQHandler)
    __arm_cp.11_0                            0x08001f98   Number         4  stm32f4xx_it.o(.text.USART3_IRQHandler)
    [Anonymous Symbol]                       0x08001f9c   Section        0  stm32f4xx_it.o(.text.UsageFault_Handler)
    [Anonymous Symbol]                       0x08001fa0   Section        0  mainpp.o(.text._Z12vel_callbackRKN13geometry_msgs5TwistE)
    __arm_cp.0_0                             0x08001fb4   Number         4  mainpp.o(.text._Z12vel_callbackRKN13geometry_msgs5TwistE)
    [Anonymous Symbol]                       0x08001fb8   Section        0  mainpp.o(.text._ZN13STM32Hardware10reset_rbufEv)
    [Anonymous Symbol]                       0x08001fc4   Section        0  mainpp.o(.text._ZN13STM32Hardware4readEv)
    [Anonymous Symbol]                       0x08001ff8   Section        0  mainpp.o(.text._ZN13STM32Hardware5flushEv)
    __arm_cp.2_0                             0x0800204c   Number         4  mainpp.o(.text._ZN13STM32Hardware5flushEv)
    [Anonymous Symbol]                       0x08002050   Section        0  mainpp.o(.text._ZN13STM32Hardware5writeEPhi)
    [Anonymous Symbol]                       0x080020ac   Section        0  mainpp.o(.text._ZN13geometry_msgs5Twist11deserializeEPh)
    [Anonymous Symbol]                       0x080020c8   Section        0  mainpp.o(.text._ZN13geometry_msgs5Twist6getMD5Ev)
    [Anonymous Symbol]                       0x080020cc   Section        0  mainpp.o(.text._ZN13geometry_msgs5Twist7getTypeEv)
    [Anonymous Symbol]                       0x080020d0   Section        0  mainpp.o(.text._ZN13geometry_msgs7Vector311deserializeEPh)
    [Anonymous Symbol]                       0x080020ec   Section        0  mainpp.o(.text._ZN13geometry_msgs7Vector36getMD5Ev)
    [Anonymous Symbol]                       0x08002114   Section        0  mainpp.o(.text._ZN13geometry_msgs7Vector37getTypeEv)
    [Anonymous Symbol]                       0x08002130   Section        0  mainpp.o(.text._ZN14rosserial_msgs20RequestParamResponse11deserializeEPh)
    [Anonymous Symbol]                       0x08002234   Section        0  mainpp.o(.text._ZN14rosserial_msgs20RequestParamResponse6getMD5Ev)
    [Anonymous Symbol]                       0x0800225c   Section        0  mainpp.o(.text._ZN14rosserial_msgs20RequestParamResponse7getTypeEv)
    __arm_cp.14_0                            0x08002260   Number         4  mainpp.o(.text._ZN14rosserial_msgs20RequestParamResponse7getTypeEv)
    [Anonymous Symbol]                       0x08002264   Section        0  mainpp.o(.text._ZN14rosserial_msgs3Log11deserializeEPh)
    [Anonymous Symbol]                       0x08002298   Section        0  mainpp.o(.text._ZN14rosserial_msgs3Log6getMD5Ev)
    [Anonymous Symbol]                       0x080022c0   Section        0  mainpp.o(.text._ZN14rosserial_msgs3Log7getTypeEv)
    [Anonymous Symbol]                       0x080022d8   Section        0  mainpp.o(.text._ZN14rosserial_msgs9TopicInfo11deserializeEPh)
    [Anonymous Symbol]                       0x0800238c   Section        0  mainpp.o(.text._ZN14rosserial_msgs9TopicInfo6getMD5Ev)
    [Anonymous Symbol]                       0x080023b4   Section        0  mainpp.o(.text._ZN14rosserial_msgs9TopicInfo7getTypeEv)
    [Anonymous Symbol]                       0x080023d4   Section        0  mainpp.o(.text._ZN3ros10SubscriberIN13geometry_msgs5TwistEvE10getMsgTypeEv)
    __arm_cp.27_0                            0x080023d8   Number         4  mainpp.o(.text._ZN3ros10SubscriberIN13geometry_msgs5TwistEvE10getMsgTypeEv)
    [Anonymous Symbol]                       0x080023dc   Section        0  mainpp.o(.text._ZN3ros10SubscriberIN13geometry_msgs5TwistEvE15getEndpointTypeEv)
    [Anonymous Symbol]                       0x080023e0   Section        0  mainpp.o(.text._ZN3ros10SubscriberIN13geometry_msgs5TwistEvE8callbackEPh)
    [Anonymous Symbol]                       0x080023f8   Section        0  mainpp.o(.text._ZN3ros10SubscriberIN13geometry_msgs5TwistEvE9getMsgMD5Ev)
    __arm_cp.28_0                            0x080023fc   Number         4  mainpp.o(.text._ZN3ros10SubscriberIN13geometry_msgs5TwistEvE9getMsgMD5Ev)
    [Anonymous Symbol]                       0x08002400   Section        0  mainpp.o(.text._ZN3ros11NodeHandle_I13STM32HardwareLi25ELi25ELi512ELi512EE15negotiateTopicsEv)
    __arm_cp.39_0                            0x080024bc   Number         4  mainpp.o(.text._ZN3ros11NodeHandle_I13STM32HardwareLi25ELi25ELi512ELi512EE15negotiateTopicsEv)
    __arm_cp.39_1                            0x080024c0   Number         4  mainpp.o(.text._ZN3ros11NodeHandle_I13STM32HardwareLi25ELi25ELi512ELi512EE15negotiateTopicsEv)
    [Anonymous Symbol]                       0x080024c4   Section        0  mainpp.o(.text._ZN3ros11NodeHandle_I13STM32HardwareLi25ELi25ELi512ELi512EE15requestSyncTimeEv)
    __arm_cp.38_0                            0x080024ec   Number         4  mainpp.o(.text._ZN3ros11NodeHandle_I13STM32HardwareLi25ELi25ELi512ELi512EE15requestSyncTimeEv)
    [Anonymous Symbol]                       0x080024f0   Section        0  mainpp.o(.text._ZN3ros11NodeHandle_I13STM32HardwareLi25ELi25ELi512ELi512EE3logEcPKc)
    __arm_cp.20_0                            0x0800250c   Number         4  mainpp.o(.text._ZN3ros11NodeHandle_I13STM32HardwareLi25ELi25ELi512ELi512EE3logEcPKc)
    [Anonymous Symbol]                       0x08002510   Section        0  mainpp.o(.text._ZN3ros11NodeHandle_I13STM32HardwareLi25ELi25ELi512ELi512EE6setNowERKNS_4TimeE)
    __arm_cp.49_0                            0x08002550   Number         4  mainpp.o(.text._ZN3ros11NodeHandle_I13STM32HardwareLi25ELi25ELi512ELi512EE6setNowERKNS_4TimeE)
    [Anonymous Symbol]                       0x08002554   Section        0  mainpp.o(.text._ZN3ros11NodeHandle_I13STM32HardwareLi25ELi25ELi512ELi512EE7publishEiPKNS_3MsgE)
    [Anonymous Symbol]                       0x0800261c   Section        0  mainpp.o(.text._ZN3ros11NodeHandle_I13STM32HardwareLi25ELi25ELi512ELi512EE8initNodeEv)
    [Anonymous Symbol]                       0x0800263a   Section        0  mainpp.o(.text._ZN3ros11NodeHandle_I13STM32HardwareLi25ELi25ELi512ELi512EE8logerrorEPKc)
    [Anonymous Symbol]                       0x08002644   Section        0  mainpp.o(.text._ZN3ros11NodeHandle_I13STM32HardwareLi25ELi25ELi512ELi512EE8spinOnceEv)
    __arm_cp.9_0                             0x08002874   Number         4  mainpp.o(.text._ZN3ros11NodeHandle_I13STM32HardwareLi25ELi25ELi512ELi512EE8spinOnceEv)
    __arm_cp.9_1                             0x08002878   Number         4  mainpp.o(.text._ZN3ros11NodeHandle_I13STM32HardwareLi25ELi25ELi512ELi512EE8spinOnceEv)
    [Anonymous Symbol]                       0x0800287c   Section        0  mainpp.o(.text._ZN3ros11NodeHandle_I13STM32HardwareLi25ELi25ELi512ELi512EE8syncTimeEPh)
    __arm_cp.40_0                            0x080028e0   Number         4  mainpp.o(.text._ZN3ros11NodeHandle_I13STM32HardwareLi25ELi25ELi512ELi512EE8syncTimeEPh)
    [Anonymous Symbol]                       0x080028e4   Section        0  mainpp.o(.text._ZN3ros11NodeHandle_I13STM32HardwareLi25ELi25ELi512ELi512EE9connectedEv)
    [Anonymous Symbol]                       0x080028ea   Section        0  mainpp.o(.text._ZN3ros11NodeHandle_I13STM32HardwareLi25ELi25ELi512ELi512EE9subscribeERNS_11Subscriber_E)
    [Anonymous Symbol]                       0x08002914   Section        0  time.o(.text._ZN3ros16normalizeSecNSecERjS0_)
    __arm_cp.0_0                             0x0800292c   Number         4  time.o(.text._ZN3ros16normalizeSecNSecERjS0_)
    [Anonymous Symbol]                       0x08002930   Section        0  mainpp.o(.text._ZN3ros3Msg8arrToVarIjPhEEvRT_T0_)
    [Anonymous Symbol]                       0x0800294c   Section        0  mainpp.o(.text._ZN3ros3Msg8varToArrIPhjEEvT_T0_)
    [Anonymous Symbol]                       0x08002960   Section        0  mainpp.o(.text._ZN8std_msgs4Time11deserializeEPh)
    [Anonymous Symbol]                       0x0800299c   Section        0  mainpp.o(.text._ZN8std_msgs4Time6getMD5Ev)
    [Anonymous Symbol]                       0x080029c4   Section        0  mainpp.o(.text._ZN8std_msgs4Time7getTypeEv)
    [Anonymous Symbol]                       0x080029d8   Section        0  mainpp.o(.text._ZNK13geometry_msgs5Twist9serializeEPh)
    [Anonymous Symbol]                       0x080029f4   Section        0  mainpp.o(.text._ZNK13geometry_msgs7Vector39serializeEPh)
    [Anonymous Symbol]                       0x08002a5a   Section        0  mainpp.o(.text._ZNK14rosserial_msgs20RequestParamResponse9serializeEPh)
    [Anonymous Symbol]                       0x08002b1e   Section        0  mainpp.o(.text._ZNK14rosserial_msgs3Log9serializeEPh)
    [Anonymous Symbol]                       0x08002b4c   Section        0  mainpp.o(.text._ZNK14rosserial_msgs9TopicInfo9serializeEPh)
    __arm_cp.45_0                            0x08002bc0   Number         4  mainpp.o(.text._ZNK14rosserial_msgs9TopicInfo9serializeEPh)
    __arm_cp.45_1                            0x08002bc4   Number         4  mainpp.o(.text._ZNK14rosserial_msgs9TopicInfo9serializeEPh)
    [Anonymous Symbol]                       0x08002bc8   Section        0  mainpp.o(.text._ZNK8std_msgs4Time9serializeEPh)
    [Anonymous Symbol]                       0x08002bf0   Section        0  mainpp.o(.text.loop)
    [Anonymous Symbol]                       0x08002bf8   Section        0  main.o(.text.main)
    __arm_cp.0_0                             0x08002c50   Number         4  main.o(.text.main)
    __arm_cp.0_1                             0x08002c54   Number         4  main.o(.text.main)
    __arm_cp.0_2                             0x08002c58   Number         4  main.o(.text.main)
    [Anonymous Symbol]                       0x08002c5c   Section        0  mainpp.o(.text.setup)
    __arm_cp.5_0                             0x08002c74   Number         4  mainpp.o(.text.setup)
    __arm_cp.5_1                             0x08002c78   Number         4  mainpp.o(.text.setup)
    $v0                                      0x08002c7c   Number         0  fpinit.o(x$fpl$fpinit)
    x$fpl$fpinit                             0x08002c7c   Section       26  fpinit.o(x$fpl$fpinit)
    rosserial_msgs::REQUESTPARAM             0x08002cae   Data          28  mainpp.o(.rodata._ZN14rosserial_msgsL12REQUESTPARAME)
    [Anonymous Symbol]                       0x08002cae   Section        0  mainpp.o(.rodata._ZN14rosserial_msgsL12REQUESTPARAME)
    [Anonymous Symbol]                       0x08002d88   Section        0  mainpp.o(.rodata.str1.1)
    [Anonymous Symbol]                       0x20000000   Section        0  stm32f4xx_hal.o(.data..L_MergedGlobals)
    .bss                                     0x200009a8   Section       96  libspace.o(.bss)
    Heap_Mem                                 0x20000b38   Data        1024  startup_stm32f407xx.o(HEAP)
    HEAP                                     0x20000b38   Section     1024  startup_stm32f407xx.o(HEAP)
    Stack_Mem                                0x20000f38   Data        2048  startup_stm32f407xx.o(STACK)
    STACK                                    0x20000f38   Section     2048  startup_stm32f407xx.o(STACK)
    __initial_sp                             0x20001738   Data           0  startup_stm32f407xx.o(STACK)

    Global Symbols

    Symbol Name                              Value     Ov Type        Size  Object(Section)

    BuildAttributes$$THM_ISAv4$E$P$D$K$B$S$7EM$VFPi3$EXTD16$VFPS$VFMA$PE$A:L22UL41UL21$X:L11$S22US41US21$IEEE1$IW$~IW$USESV6$~STKCKD$USESV7$~SHL$OTIME$ROPI$EBA8$UX$STANDARDLIB$REQ8$PRES8$EABIv2 0x00000000   Number         0  anon$$obj.o ABSOLUTE
    __ARM_exceptions_init                     - Undefined Weak Reference
    __alloca_initialize                       - Undefined Weak Reference
    __arm_preinit_                            - Undefined Weak Reference
    __arm_relocate_pie_                       - Undefined Weak Reference
    __cpp_initialize__aeabi_                  - Undefined Weak Reference
    __cxa_finalize                            - Undefined Weak Reference
    __rt_locale                               - Undefined Weak Reference
    __sigvec_lookup                           - Undefined Weak Reference
    __user_heap_extent                        - Undefined Weak Reference
    _atexit_init                              - Undefined Weak Reference
    _call_atexit_fns                          - Undefined Weak Reference
    _clock_init                               - Undefined Weak Reference
    _fp_trap_init                             - Undefined Weak Reference
    _fp_trap_shutdown                         - Undefined Weak Reference
    _get_lc_collate                           - Undefined Weak Reference
    _get_lc_ctype                             - Undefined Weak Reference
    _get_lc_monetary                          - Undefined Weak Reference
    _get_lc_numeric                           - Undefined Weak Reference
    _get_lc_time                              - Undefined Weak Reference
    _getenv_init                              - Undefined Weak Reference
    _handle_redirection                       - Undefined Weak Reference
    _initio                                   - Undefined Weak Reference
    _mutex_acquire                            - Undefined Weak Reference
    _mutex_free                               - Undefined Weak Reference
    _mutex_release                            - Undefined Weak Reference
    _rand_init                                - Undefined Weak Reference
    _signal_finish                            - Undefined Weak Reference
    _signal_init                              - Undefined Weak Reference
    _terminateio                              - Undefined Weak Reference
    __Vectors_Size                           0x00000188   Number         0  startup_stm32f407xx.o ABSOLUTE
    __Vectors                                0x08000000   Data           4  startup_stm32f407xx.o(RESET)
    __Vectors_End                            0x08000188   Data           0  startup_stm32f407xx.o(RESET)
    __main                                   0x08000189   Thumb Code     8  __main.o(!!!main)
    __scatterload                            0x08000191   Thumb Code     0  __scatter.o(!!!scatter)
    __scatterload_rt2                        0x08000191   Thumb Code    84  __scatter.o(!!!scatter)
    __scatterload_rt2_thumb_only             0x08000191   Thumb Code     0  __scatter.o(!!!scatter)
    __scatterload_loop                       0x0800019b   Thumb Code     0  __scatter.o(!!!scatter)
    __decompress                             0x080001ed   Thumb Code    58  __dczerorl.o(!!dczerorl)
    __decompress0                            0x080001ed   Thumb Code     0  __dczerorl.o(!!dczerorl)
    __scatterload_null                       0x08000229   Thumb Code     2  __scatter.o(!!handler_null)
    __scatterload_zeroinit                   0x0800022d   Thumb Code    28  __scatter_zi.o(!!handler_zi)
    __rt_lib_init                            0x08000249   Thumb Code     0  libinit.o(.ARM.Collect$$libinit$$00000000)
    __rt_lib_init_fp_1                       0x0800024b   Thumb Code     0  libinit2.o(.ARM.Collect$$libinit$$00000001)
    __rt_lib_init_heap_2                     0x0800024f   Thumb Code     0  libinit2.o(.ARM.Collect$$libinit$$00000007)
    __rt_lib_init_preinit_1                  0x0800024f   Thumb Code     0  libinit2.o(.ARM.Collect$$libinit$$00000006)
    __rt_lib_init_relocate_pie_1             0x0800024f   Thumb Code     0  libinit2.o(.ARM.Collect$$libinit$$00000004)
    __rt_lib_init_alloca_1                   0x08000257   Thumb Code     0  libinit2.o(.ARM.Collect$$libinit$$00000030)
    __rt_lib_init_argv_1                     0x08000257   Thumb Code     0  libinit2.o(.ARM.Collect$$libinit$$0000002E)
    __rt_lib_init_atexit_1                   0x08000257   Thumb Code     0  libinit2.o(.ARM.Collect$$libinit$$0000001D)
    __rt_lib_init_clock_1                    0x08000257   Thumb Code     0  libinit2.o(.ARM.Collect$$libinit$$00000023)
    __rt_lib_init_cpp_1                      0x08000257   Thumb Code     0  libinit2.o(.ARM.Collect$$libinit$$00000034)
    __rt_lib_init_exceptions_1               0x08000257   Thumb Code     0  libinit2.o(.ARM.Collect$$libinit$$00000032)
    __rt_lib_init_fp_trap_1                  0x08000257   Thumb Code     0  libinit2.o(.ARM.Collect$$libinit$$00000021)
    __rt_lib_init_getenv_1                   0x08000257   Thumb Code     0  libinit2.o(.ARM.Collect$$libinit$$00000025)
    __rt_lib_init_heap_1                     0x08000257   Thumb Code     0  libinit2.o(.ARM.Collect$$libinit$$0000000C)
    __rt_lib_init_lc_collate_1               0x08000257   Thumb Code     0  libinit2.o(.ARM.Collect$$libinit$$00000013)
    __rt_lib_init_lc_ctype_1                 0x08000257   Thumb Code     0  libinit2.o(.ARM.Collect$$libinit$$00000015)
    __rt_lib_init_lc_monetary_1              0x08000257   Thumb Code     0  libinit2.o(.ARM.Collect$$libinit$$00000017)
    __rt_lib_init_lc_numeric_1               0x08000257   Thumb Code     0  libinit2.o(.ARM.Collect$$libinit$$00000019)
    __rt_lib_init_lc_time_1                  0x08000257   Thumb Code     0  libinit2.o(.ARM.Collect$$libinit$$0000001B)
    __rt_lib_init_rand_1                     0x08000257   Thumb Code     0  libinit2.o(.ARM.Collect$$libinit$$00000010)
    __rt_lib_init_return                     0x08000257   Thumb Code     0  libinit2.o(.ARM.Collect$$libinit$$00000035)
    __rt_lib_init_signal_1                   0x08000257   Thumb Code     0  libinit2.o(.ARM.Collect$$libinit$$0000001F)
    __rt_lib_init_stdio_1                    0x08000257   Thumb Code     0  libinit2.o(.ARM.Collect$$libinit$$00000027)
    __rt_lib_init_user_alloc_1               0x08000257   Thumb Code     0  libinit2.o(.ARM.Collect$$libinit$$0000000E)
    __rt_lib_shutdown                        0x08000259   Thumb Code     0  libshutdown.o(.ARM.Collect$$libshutdown$$00000000)
    __rt_lib_shutdown_cpp_1                  0x0800025b   Thumb Code     0  libshutdown2.o(.ARM.Collect$$libshutdown$$00000002)
    __rt_lib_shutdown_fp_trap_1              0x0800025b   Thumb Code     0  libshutdown2.o(.ARM.Collect$$libshutdown$$00000007)
    __rt_lib_shutdown_heap_1                 0x0800025b   Thumb Code     0  libshutdown2.o(.ARM.Collect$$libshutdown$$0000000F)
    __rt_lib_shutdown_return                 0x0800025b   Thumb Code     0  libshutdown2.o(.ARM.Collect$$libshutdown$$00000010)
    __rt_lib_shutdown_signal_1               0x0800025b   Thumb Code     0  libshutdown2.o(.ARM.Collect$$libshutdown$$0000000A)
    __rt_lib_shutdown_stdio_1                0x0800025b   Thumb Code     0  libshutdown2.o(.ARM.Collect$$libshutdown$$00000004)
    __rt_lib_shutdown_user_alloc_1           0x0800025b   Thumb Code     0  libshutdown2.o(.ARM.Collect$$libshutdown$$0000000C)
    __rt_entry                               0x0800025d   Thumb Code     0  __rtentry.o(.ARM.Collect$$rtentry$$00000000)
    __rt_entry_presh_1                       0x0800025d   Thumb Code     0  __rtentry2.o(.ARM.Collect$$rtentry$$00000002)
    __rt_entry_sh                            0x0800025d   Thumb Code     0  __rtentry4.o(.ARM.Collect$$rtentry$$00000004)
    __rt_entry_li                            0x08000263   Thumb Code     0  __rtentry2.o(.ARM.Collect$$rtentry$$0000000A)
    __rt_entry_postsh_1                      0x08000263   Thumb Code     0  __rtentry2.o(.ARM.Collect$$rtentry$$00000009)
    __rt_entry_main                          0x08000267   Thumb Code     0  __rtentry2.o(.ARM.Collect$$rtentry$$0000000D)
    __rt_entry_postli_1                      0x08000267   Thumb Code     0  __rtentry2.o(.ARM.Collect$$rtentry$$0000000C)
    __rt_exit                                0x0800026f   Thumb Code     0  rtexit.o(.ARM.Collect$$rtexit$$00000000)
    __rt_exit_ls                             0x08000271   Thumb Code     0  rtexit2.o(.ARM.Collect$$rtexit$$00000003)
    __rt_exit_prels_1                        0x08000271   Thumb Code     0  rtexit2.o(.ARM.Collect$$rtexit$$00000002)
    __rt_exit_exit                           0x08000275   Thumb Code     0  rtexit2.o(.ARM.Collect$$rtexit$$00000004)
    Reset_Handler                            0x0800027d   Thumb Code     8  startup_stm32f407xx.o(.text)
    ADC_IRQHandler                           0x08000297   Thumb Code     0  startup_stm32f407xx.o(.text)
    CAN1_RX0_IRQHandler                      0x08000297   Thumb Code     0  startup_stm32f407xx.o(.text)
    CAN1_RX1_IRQHandler                      0x08000297   Thumb Code     0  startup_stm32f407xx.o(.text)
    CAN1_SCE_IRQHandler                      0x08000297   Thumb Code     0  startup_stm32f407xx.o(.text)
    CAN1_TX_IRQHandler                       0x08000297   Thumb Code     0  startup_stm32f407xx.o(.text)
    CAN2_RX0_IRQHandler                      0x08000297   Thumb Code     0  startup_stm32f407xx.o(.text)
    CAN2_RX1_IRQHandler                      0x08000297   Thumb Code     0  startup_stm32f407xx.o(.text)
    CAN2_SCE_IRQHandler                      0x08000297   Thumb Code     0  startup_stm32f407xx.o(.text)
    CAN2_TX_IRQHandler                       0x08000297   Thumb Code     0  startup_stm32f407xx.o(.text)
    DCMI_IRQHandler                          0x08000297   Thumb Code     0  startup_stm32f407xx.o(.text)
    DMA1_Stream0_IRQHandler                  0x08000297   Thumb Code     0  startup_stm32f407xx.o(.text)
    DMA1_Stream2_IRQHandler                  0x08000297   Thumb Code     0  startup_stm32f407xx.o(.text)
    DMA1_Stream4_IRQHandler                  0x08000297   Thumb Code     0  startup_stm32f407xx.o(.text)
    DMA1_Stream5_IRQHandler                  0x08000297   Thumb Code     0  startup_stm32f407xx.o(.text)
    DMA1_Stream6_IRQHandler                  0x08000297   Thumb Code     0  startup_stm32f407xx.o(.text)
    DMA1_Stream7_IRQHandler                  0x08000297   Thumb Code     0  startup_stm32f407xx.o(.text)
    DMA2_Stream0_IRQHandler                  0x08000297   Thumb Code     0  startup_stm32f407xx.o(.text)
    DMA2_Stream1_IRQHandler                  0x08000297   Thumb Code     0  startup_stm32f407xx.o(.text)
    DMA2_Stream2_IRQHandler                  0x08000297   Thumb Code     0  startup_stm32f407xx.o(.text)
    DMA2_Stream3_IRQHandler                  0x08000297   Thumb Code     0  startup_stm32f407xx.o(.text)
    DMA2_Stream4_IRQHandler                  0x08000297   Thumb Code     0  startup_stm32f407xx.o(.text)
    DMA2_Stream5_IRQHandler                  0x08000297   Thumb Code     0  startup_stm32f407xx.o(.text)
    DMA2_Stream6_IRQHandler                  0x08000297   Thumb Code     0  startup_stm32f407xx.o(.text)
    DMA2_Stream7_IRQHandler                  0x08000297   Thumb Code     0  startup_stm32f407xx.o(.text)
    ETH_IRQHandler                           0x08000297   Thumb Code     0  startup_stm32f407xx.o(.text)
    ETH_WKUP_IRQHandler                      0x08000297   Thumb Code     0  startup_stm32f407xx.o(.text)
    EXTI0_IRQHandler                         0x08000297   Thumb Code     0  startup_stm32f407xx.o(.text)
    EXTI15_10_IRQHandler                     0x08000297   Thumb Code     0  startup_stm32f407xx.o(.text)
    EXTI1_IRQHandler                         0x08000297   Thumb Code     0  startup_stm32f407xx.o(.text)
    EXTI2_IRQHandler                         0x08000297   Thumb Code     0  startup_stm32f407xx.o(.text)
    EXTI3_IRQHandler                         0x08000297   Thumb Code     0  startup_stm32f407xx.o(.text)
    EXTI4_IRQHandler                         0x08000297   Thumb Code     0  startup_stm32f407xx.o(.text)
    EXTI9_5_IRQHandler                       0x08000297   Thumb Code     0  startup_stm32f407xx.o(.text)
    FLASH_IRQHandler                         0x08000297   Thumb Code     0  startup_stm32f407xx.o(.text)
    FMC_IRQHandler                           0x08000297   Thumb Code     0  startup_stm32f407xx.o(.text)
    FPU_IRQHandler                           0x08000297   Thumb Code     0  startup_stm32f407xx.o(.text)
    HASH_RNG_IRQHandler                      0x08000297   Thumb Code     0  startup_stm32f407xx.o(.text)
    I2C1_ER_IRQHandler                       0x08000297   Thumb Code     0  startup_stm32f407xx.o(.text)
    I2C1_EV_IRQHandler                       0x08000297   Thumb Code     0  startup_stm32f407xx.o(.text)
    I2C2_ER_IRQHandler                       0x08000297   Thumb Code     0  startup_stm32f407xx.o(.text)
    I2C2_EV_IRQHandler                       0x08000297   Thumb Code     0  startup_stm32f407xx.o(.text)
    I2C3_ER_IRQHandler                       0x08000297   Thumb Code     0  startup_stm32f407xx.o(.text)
    I2C3_EV_IRQHandler                       0x08000297   Thumb Code     0  startup_stm32f407xx.o(.text)
    OTG_FS_IRQHandler                        0x08000297   Thumb Code     0  startup_stm32f407xx.o(.text)
    OTG_FS_WKUP_IRQHandler                   0x08000297   Thumb Code     0  startup_stm32f407xx.o(.text)
    OTG_HS_EP1_IN_IRQHandler                 0x08000297   Thumb Code     0  startup_stm32f407xx.o(.text)
    OTG_HS_EP1_OUT_IRQHandler                0x08000297   Thumb Code     0  startup_stm32f407xx.o(.text)
    OTG_HS_IRQHandler                        0x08000297   Thumb Code     0  startup_stm32f407xx.o(.text)
    OTG_HS_WKUP_IRQHandler                   0x08000297   Thumb Code     0  startup_stm32f407xx.o(.text)
    PVD_IRQHandler                           0x08000297   Thumb Code     0  startup_stm32f407xx.o(.text)
    RCC_IRQHandler                           0x08000297   Thumb Code     0  startup_stm32f407xx.o(.text)
    RTC_Alarm_IRQHandler                     0x08000297   Thumb Code     0  startup_stm32f407xx.o(.text)
    RTC_WKUP_IRQHandler                      0x08000297   Thumb Code     0  startup_stm32f407xx.o(.text)
    SDIO_IRQHandler                          0x08000297   Thumb Code     0  startup_stm32f407xx.o(.text)
    SPI1_IRQHandler                          0x08000297   Thumb Code     0  startup_stm32f407xx.o(.text)
    SPI2_IRQHandler                          0x08000297   Thumb Code     0  startup_stm32f407xx.o(.text)
    SPI3_IRQHandler                          0x08000297   Thumb Code     0  startup_stm32f407xx.o(.text)
    TAMP_STAMP_IRQHandler                    0x08000297   Thumb Code     0  startup_stm32f407xx.o(.text)
    TIM1_BRK_TIM9_IRQHandler                 0x08000297   Thumb Code     0  startup_stm32f407xx.o(.text)
    TIM1_CC_IRQHandler                       0x08000297   Thumb Code     0  startup_stm32f407xx.o(.text)
    TIM1_TRG_COM_TIM11_IRQHandler            0x08000297   Thumb Code     0  startup_stm32f407xx.o(.text)
    TIM1_UP_TIM10_IRQHandler                 0x08000297   Thumb Code     0  startup_stm32f407xx.o(.text)
    TIM2_IRQHandler                          0x08000297   Thumb Code     0  startup_stm32f407xx.o(.text)
    TIM3_IRQHandler                          0x08000297   Thumb Code     0  startup_stm32f407xx.o(.text)
    TIM4_IRQHandler                          0x08000297   Thumb Code     0  startup_stm32f407xx.o(.text)
    TIM5_IRQHandler                          0x08000297   Thumb Code     0  startup_stm32f407xx.o(.text)
    TIM6_DAC_IRQHandler                      0x08000297   Thumb Code     0  startup_stm32f407xx.o(.text)
    TIM7_IRQHandler                          0x08000297   Thumb Code     0  startup_stm32f407xx.o(.text)
    TIM8_BRK_TIM12_IRQHandler                0x08000297   Thumb Code     0  startup_stm32f407xx.o(.text)
    TIM8_CC_IRQHandler                       0x08000297   Thumb Code     0  startup_stm32f407xx.o(.text)
    TIM8_TRG_COM_TIM14_IRQHandler            0x08000297   Thumb Code     0  startup_stm32f407xx.o(.text)
    TIM8_UP_TIM13_IRQHandler                 0x08000297   Thumb Code     0  startup_stm32f407xx.o(.text)
    UART4_IRQHandler                         0x08000297   Thumb Code     0  startup_stm32f407xx.o(.text)
    UART5_IRQHandler                         0x08000297   Thumb Code     0  startup_stm32f407xx.o(.text)
    USART1_IRQHandler                        0x08000297   Thumb Code     0  startup_stm32f407xx.o(.text)
    USART2_IRQHandler                        0x08000297   Thumb Code     0  startup_stm32f407xx.o(.text)
    USART6_IRQHandler                        0x08000297   Thumb Code     0  startup_stm32f407xx.o(.text)
    WWDG_IRQHandler                          0x08000297   Thumb Code     0  startup_stm32f407xx.o(.text)
    __user_initial_stackheap                 0x08000299   Thumb Code     0  startup_stm32f407xx.o(.text)
    realloc                                  0x080002bd   Thumb Code   196  h1_realloc.o(.text)
    __aeabi_uldivmod                         0x08000381   Thumb Code     0  lludivv7m.o(.text)
    _ll_udiv                                 0x08000381   Thumb Code   240  lludivv7m.o(.text)
    strlen                                   0x08000471   Thumb Code    62  strlen.o(.text)
    __aeabi_memcpy                           0x080004af   Thumb Code     0  rt_memcpy_v6.o(.text)
    __rt_memcpy                              0x080004af   Thumb Code   138  rt_memcpy_v6.o(.text)
    _memcpy_lastbytes                        0x08000515   Thumb Code     0  rt_memcpy_v6.o(.text)
    __aeabi_memclr4                          0x08000539   Thumb Code     0  rt_memclr_w.o(.text)
    __aeabi_memclr8                          0x08000539   Thumb Code     0  rt_memclr_w.o(.text)
    __rt_memclr_w                            0x08000539   Thumb Code     0  rt_memclr_w.o(.text)
    _memset_w                                0x0800053d   Thumb Code    74  rt_memclr_w.o(.text)
    __use_two_region_memory                  0x08000587   Thumb Code     2  heapauxi.o(.text)
    __rt_heap_escrow                         0x08000589   Thumb Code     2  heapauxi.o(.text)
    __rt_heap_expand                         0x0800058b   Thumb Code     2  heapauxi.o(.text)
    __rt_heap_descriptor                     0x0800058d   Thumb Code     8  rt_heap_descriptor_intlibspace.o(.text)
    __use_no_heap                            0x08000595   Thumb Code     2  hguard.o(.text)
    __heap$guard                             0x08000597   Thumb Code     2  hguard.o(.text)
    _terminate_user_alloc                    0x08000599   Thumb Code     2  init_alloc.o(.text)
    _init_user_alloc                         0x0800059b   Thumb Code     2  init_alloc.o(.text)
    __Heap_Full                              0x0800059d   Thumb Code    34  init_alloc.o(.text)
    __Heap_Broken                            0x080005bf   Thumb Code     6  init_alloc.o(.text)
    _init_alloc                              0x080005c5   Thumb Code    94  init_alloc.o(.text)
    malloc                                   0x08000623   Thumb Code    94  h1_alloc.o(.text)
    free                                     0x08000681   Thumb Code    78  h1_free.o(.text)
    __aeabi_memcpy4                          0x080006cf   Thumb Code     0  rt_memcpy_w.o(.text)
    __aeabi_memcpy8                          0x080006cf   Thumb Code     0  rt_memcpy_w.o(.text)
    __rt_memcpy_w                            0x080006cf   Thumb Code   100  rt_memcpy_w.o(.text)
    _memcpy_lastbytes_aligned                0x08000717   Thumb Code     0  rt_memcpy_w.o(.text)
    __user_libspace                          0x08000735   Thumb Code     8  libspace.o(.text)
    __user_perproc_libspace                  0x08000735   Thumb Code     0  libspace.o(.text)
    __user_perthread_libspace                0x08000735   Thumb Code     0  libspace.o(.text)
    __Heap_Initialize                        0x0800073d   Thumb Code     8  h1_init.o(.text)
    _maybe_terminate_alloc                   0x0800073d   Thumb Code     0  maybetermalloc1.o(.text)
    __Heap_DescSize                          0x08000745   Thumb Code     4  h1_init.o(.text)
    __Heap_ProvideMemory                     0x08000749   Thumb Code    52  h1_extend.o(.text)
    __rt_SIGRTMEM                            0x0800077d   Thumb Code    14  defsig_rtmem_outer.o(.text)
    __user_setup_stackheap                   0x0800078b   Thumb Code    74  sys_stackheap_outer.o(.text)
    exit                                     0x080007d5   Thumb Code    18  exit.o(.text)
    __sig_exit                               0x080007e7   Thumb Code    10  defsig_exit.o(.text)
    __rt_SIGRTMEM_inner                      0x080007f1   Thumb Code    22  defsig_rtmem_inner.o(.text)
    _sys_exit                                0x08000841   Thumb Code     8  sys_exit.o(.text)
    __I$use$semihosting                      0x0800084d   Thumb Code     0  use_no_semi.o(.text)
    __use_no_semihosting_swi                 0x0800084d   Thumb Code     2  use_no_semi.o(.text)
    __default_signal_display                 0x0800084f   Thumb Code    50  defsig_general.o(.text)
    __semihosting_library_function           0x0800084f   Thumb Code     0  indicate_semi.o(.text)
    _ttywrch                                 0x08000881   Thumb Code    14  sys_wrch.o(.text)
    BusFault_Handler                         0x0800088f   Thumb Code     2  stm32f4xx_it.o(.text.BusFault_Handler)
    DMA1_Stream1_IRQHandler                  0x08000891   Thumb Code     8  stm32f4xx_it.o(.text.DMA1_Stream1_IRQHandler)
    DMA1_Stream3_IRQHandler                  0x0800089d   Thumb Code     8  stm32f4xx_it.o(.text.DMA1_Stream3_IRQHandler)
    DebugMon_Handler                         0x080008fb   Thumb Code     2  stm32f4xx_it.o(.text.DebugMon_Handler)
    Error_Handler                            0x080008fd   Thumb Code     4  main.o(.text.Error_Handler)
    HAL_DMA_Abort                            0x08000901   Thumb Code   122  stm32f4xx_hal_dma.o(.text.HAL_DMA_Abort)
    HAL_DMA_Abort_IT                         0x0800097b   Thumb Code    36  stm32f4xx_hal_dma.o(.text.HAL_DMA_Abort_IT)
    HAL_DMA_IRQHandler                       0x080009a1   Thumb Code   344  stm32f4xx_hal_dma.o(.text.HAL_DMA_IRQHandler)
    HAL_DMA_Init                             0x08000afd   Thumb Code   252  stm32f4xx_hal_dma.o(.text.HAL_DMA_Init)
    HAL_DMA_Start_IT                         0x08000bfd   Thumb Code    92  stm32f4xx_hal_dma.o(.text.HAL_DMA_Start_IT)
    HAL_Delay                                0x08000c59   Thumb Code    32  stm32f4xx_hal.o(.text.HAL_Delay)
    HAL_GPIO_Init                            0x08000c79   Thumb Code   384  stm32f4xx_hal_gpio.o(.text.HAL_GPIO_Init)
    HAL_GPIO_ReadPin                         0x08000e11   Thumb Code    10  stm32f4xx_hal_gpio.o(.text.HAL_GPIO_ReadPin)
    HAL_GPIO_TogglePin                       0x08000e1b   Thumb Code    16  stm32f4xx_hal_gpio.o(.text.HAL_GPIO_TogglePin)
    HAL_GPIO_WritePin                        0x08000e2b   Thumb Code    10  stm32f4xx_hal_gpio.o(.text.HAL_GPIO_WritePin)
    HAL_GetTick                              0x08000e35   Thumb Code     8  stm32f4xx_hal.o(.text.HAL_GetTick)
    HAL_IncTick                              0x08000e3d   Thumb Code    16  stm32f4xx_hal.o(.text.HAL_IncTick)
    HAL_Init                                 0x08000e51   Thumb Code    48  stm32f4xx_hal.o(.text.HAL_Init)
    HAL_InitTick                             0x08000e85   Thumb Code    56  stm32f4xx_hal.o(.text.HAL_InitTick)
    HAL_MspInit                              0x08000ec1   Thumb Code    52  stm32f4xx_hal_msp.o(.text.HAL_MspInit)
    HAL_NVIC_EnableIRQ                       0x08000ef9   Thumb Code    28  stm32f4xx_hal_cortex.o(.text.HAL_NVIC_EnableIRQ)
    HAL_NVIC_SetPriority                     0x08000f19   Thumb Code    72  stm32f4xx_hal_cortex.o(.text.HAL_NVIC_SetPriority)
    HAL_NVIC_SetPriorityGrouping             0x08000f65   Thumb Code    24  stm32f4xx_hal_cortex.o(.text.HAL_NVIC_SetPriorityGrouping)
    HAL_RCC_ClockConfig                      0x08000f85   Thumb Code   268  stm32f4xx_hal_rcc.o(.text.HAL_RCC_ClockConfig)
    HAL_RCC_GetPCLK1Freq                     0x0800109d   Thumb Code    20  stm32f4xx_hal_rcc.o(.text.HAL_RCC_GetPCLK1Freq)
    HAL_RCC_GetPCLK2Freq                     0x080010b1   Thumb Code    20  stm32f4xx_hal_rcc.o(.text.HAL_RCC_GetPCLK2Freq)
    HAL_RCC_GetSysClockFreq                  0x080010d1   Thumb Code    80  stm32f4xx_hal_rcc.o(.text.HAL_RCC_GetSysClockFreq)
    HAL_RCC_OscConfig                        0x0800112d   Thumb Code   800  stm32f4xx_hal_rcc.o(.text.HAL_RCC_OscConfig)
    HAL_SYSTICK_Config                       0x08001459   Thumb Code    32  stm32f4xx_hal_cortex.o(.text.HAL_SYSTICK_Config)
    HAL_UARTEx_RxEventCallback               0x08001481   Thumb Code     2  stm32f4xx_hal_uart.o(.text.HAL_UARTEx_RxEventCallback)
    HAL_UART_ErrorCallback                   0x08001483   Thumb Code     2  stm32f4xx_hal_uart.o(.text.HAL_UART_ErrorCallback)
    HAL_UART_IRQHandler                      0x08001485   Thumb Code   580  stm32f4xx_hal_uart.o(.text.HAL_UART_IRQHandler)
    HAL_UART_Init                            0x080016cd   Thumb Code    44  stm32f4xx_hal_uart.o(.text.HAL_UART_Init)
    HAL_UART_MspInit                         0x080016f9   Thumb Code   220  usart.o(.text.HAL_UART_MspInit)
    HAL_UART_Receive_DMA                     0x080017e1   Thumb Code    28  stm32f4xx_hal_uart.o(.text.HAL_UART_Receive_DMA)
    HAL_UART_Receive_IT                      0x080017fd   Thumb Code    34  stm32f4xx_hal_uart.o(.text.HAL_UART_Receive_IT)
    HAL_UART_RxCpltCallback                  0x08001821   Thumb Code     8  mainpp.o(.text.HAL_UART_RxCpltCallback)
    HAL_UART_RxHalfCpltCallback              0x08001829   Thumb Code     2  stm32f4xx_hal_uart.o(.text.HAL_UART_RxHalfCpltCallback)
    HAL_UART_Transmit_DMA                    0x0800182d   Thumb Code   108  stm32f4xx_hal_uart.o(.text.HAL_UART_Transmit_DMA)
    HAL_UART_TxCpltCallback                  0x080018a5   Thumb Code     8  mainpp.o(.text.HAL_UART_TxCpltCallback)
    HAL_UART_TxHalfCpltCallback              0x080018b1   Thumb Code     2  stm32f4xx_hal_uart.o(.text.HAL_UART_TxHalfCpltCallback)
    HardFault_Handler                        0x080018b3   Thumb Code     2  stm32f4xx_it.o(.text.HardFault_Handler)
    MX_DMA_Init                              0x080018b5   Thumb Code    64  dma.o(.text.MX_DMA_Init)
    MX_GPIO_Init                             0x080018f5   Thumb Code   184  gpio.o(.text.MX_GPIO_Init)
    MX_USART3_UART_Init                      0x080019b5   Thumb Code    48  usart.o(.text.MX_USART3_UART_Init)
    MemManage_Handler                        0x080019ed   Thumb Code     2  stm32f4xx_it.o(.text.MemManage_Handler)
    NMI_Handler                              0x080019ef   Thumb Code     2  stm32f4xx_it.o(.text.NMI_Handler)
    PendSV_Handler                           0x08001b11   Thumb Code     2  stm32f4xx_it.o(.text.PendSV_Handler)
    SVC_Handler                              0x08001b13   Thumb Code     2  stm32f4xx_it.o(.text.SVC_Handler)
    SysTick_Handler                          0x08001b15   Thumb Code     4  stm32f4xx_it.o(.text.SysTick_Handler)
    SystemClock_Config                       0x08001b19   Thumb Code   156  main.o(.text.SystemClock_Config)
    SystemInit                               0x08001bbd   Thumb Code    12  system_stm32f4xx.o(.text.SystemInit)
    UART_Start_Receive_DMA                   0x08001ecd   Thumb Code   132  stm32f4xx_hal_uart.o(.text.UART_Start_Receive_DMA)
    UART_Start_Receive_IT                    0x08001f5d   Thumb Code    50  stm32f4xx_hal_uart.o(.text.UART_Start_Receive_IT)
    USART3_IRQHandler                        0x08001f91   Thumb Code     8  stm32f4xx_it.o(.text.USART3_IRQHandler)
    UsageFault_Handler                       0x08001f9d   Thumb Code     2  stm32f4xx_it.o(.text.UsageFault_Handler)
    vel_callback(geometry_msgs::Twist const&) 0x08001fa1   Thumb Code    20  mainpp.o(.text._Z12vel_callbackRKN13geometry_msgs5TwistE)
    STM32Hardware::reset_rbuf()              0x08001fb9   Thumb Code    12  mainpp.o(.text._ZN13STM32Hardware10reset_rbufEv)
    STM32Hardware::read()                    0x08001fc5   Thumb Code    50  mainpp.o(.text._ZN13STM32Hardware4readEv)
    STM32Hardware::flush()                   0x08001ff9   Thumb Code    84  mainpp.o(.text._ZN13STM32Hardware5flushEv)
    STM32Hardware::write(unsigned char*, int) 0x08002051   Thumb Code    92  mainpp.o(.text._ZN13STM32Hardware5writeEPhi)
    geometry_msgs::Twist::deserialize(unsigned char*) 0x080020ad   Thumb Code    28  mainpp.o(.text._ZN13geometry_msgs5Twist11deserializeEPh)
    geometry_msgs::Twist::getMD5()           0x080020c9   Thumb Code     4  mainpp.o(.text._ZN13geometry_msgs5Twist6getMD5Ev)
    geometry_msgs::Twist::getType()          0x080020cd   Thumb Code     4  mainpp.o(.text._ZN13geometry_msgs5Twist7getTypeEv)
    geometry_msgs::Vector3::deserialize(unsigned char*) 0x080020d1   Thumb Code    28  mainpp.o(.text._ZN13geometry_msgs7Vector311deserializeEPh)
    geometry_msgs::Vector3::getMD5()         0x080020ed   Thumb Code     4  mainpp.o(.text._ZN13geometry_msgs7Vector36getMD5Ev)
    geometry_msgs::Vector3::getType()        0x08002115   Thumb Code     4  mainpp.o(.text._ZN13geometry_msgs7Vector37getTypeEv)
    rosserial_msgs::RequestParamResponse::deserialize(unsigned char*) 0x08002131   Thumb Code   258  mainpp.o(.text._ZN14rosserial_msgs20RequestParamResponse11deserializeEPh)
    rosserial_msgs::RequestParamResponse::getMD5() 0x08002235   Thumb Code     4  mainpp.o(.text._ZN14rosserial_msgs20RequestParamResponse6getMD5Ev)
    rosserial_msgs::RequestParamResponse::getType() 0x0800225d   Thumb Code     4  mainpp.o(.text._ZN14rosserial_msgs20RequestParamResponse7getTypeEv)
    rosserial_msgs::Log::deserialize(unsigned char*) 0x08002265   Thumb Code    52  mainpp.o(.text._ZN14rosserial_msgs3Log11deserializeEPh)
    rosserial_msgs::Log::getMD5()            0x08002299   Thumb Code     4  mainpp.o(.text._ZN14rosserial_msgs3Log6getMD5Ev)
    rosserial_msgs::Log::getType()           0x080022c1   Thumb Code     4  mainpp.o(.text._ZN14rosserial_msgs3Log7getTypeEv)
    rosserial_msgs::TopicInfo::deserialize(unsigned char*) 0x080022d9   Thumb Code   180  mainpp.o(.text._ZN14rosserial_msgs9TopicInfo11deserializeEPh)
    rosserial_msgs::TopicInfo::getMD5()      0x0800238d   Thumb Code     4  mainpp.o(.text._ZN14rosserial_msgs9TopicInfo6getMD5Ev)
    rosserial_msgs::TopicInfo::getType()     0x080023b5   Thumb Code     4  mainpp.o(.text._ZN14rosserial_msgs9TopicInfo7getTypeEv)
    ros::Subscriber<geometry_msgs::Twist, void>::getMsgType() 0x080023d5   Thumb Code     4  mainpp.o(.text._ZN3ros10SubscriberIN13geometry_msgs5TwistEvE10getMsgTypeEv)
    ros::Subscriber<geometry_msgs::Twist, void>::getEndpointType() 0x080023dd   Thumb Code     4  mainpp.o(.text._ZN3ros10SubscriberIN13geometry_msgs5TwistEvE15getEndpointTypeEv)
    ros::Subscriber<geometry_msgs::Twist, void>::callback(unsigned char*) 0x080023e1   Thumb Code    24  mainpp.o(.text._ZN3ros10SubscriberIN13geometry_msgs5TwistEvE8callbackEPh)
    ros::Subscriber<geometry_msgs::Twist, void>::getMsgMD5() 0x080023f9   Thumb Code     4  mainpp.o(.text._ZN3ros10SubscriberIN13geometry_msgs5TwistEvE9getMsgMD5Ev)
    ros::NodeHandle_<STM32Hardware, 25, 25, 512, 512>::negotiateTopics() 0x08002401   Thumb Code   188  mainpp.o(.text._ZN3ros11NodeHandle_I13STM32HardwareLi25ELi25ELi512ELi512EE15negotiateTopicsEv)
    ros::NodeHandle_<STM32Hardware, 25, 25, 512, 512>::requestSyncTime() 0x080024c5   Thumb Code    40  mainpp.o(.text._ZN3ros11NodeHandle_I13STM32HardwareLi25ELi25ELi512ELi512EE15requestSyncTimeEv)
    ros::NodeHandle_<STM32Hardware, 25, 25, 512, 512>::log(char, char const*) 0x080024f1   Thumb Code    28  mainpp.o(.text._ZN3ros11NodeHandle_I13STM32HardwareLi25ELi25ELi512ELi512EE3logEcPKc)
    ros::NodeHandle_<STM32Hardware, 25, 25, 512, 512>::setNow(ros::Time const&) 0x08002511   Thumb Code    64  mainpp.o(.text._ZN3ros11NodeHandle_I13STM32HardwareLi25ELi25ELi512ELi512EE6setNowERKNS_4TimeE)
    ros::NodeHandle_<STM32Hardware, 25, 25, 512, 512>::publish(int, ros::Msg const*) 0x08002555   Thumb Code   140  mainpp.o(.text._ZN3ros11NodeHandle_I13STM32HardwareLi25ELi25ELi512ELi512EE7publishEiPKNS_3MsgE)
    ros::NodeHandle_<STM32Hardware, 25, 25, 512, 512>::initNode() 0x0800261d   Thumb Code    30  mainpp.o(.text._ZN3ros11NodeHandle_I13STM32HardwareLi25ELi25ELi512ELi512EE8initNodeEv)
    ros::NodeHandle_<STM32Hardware, 25, 25, 512, 512>::logerror(char const*) 0x0800263b   Thumb Code     8  mainpp.o(.text._ZN3ros11NodeHandle_I13STM32HardwareLi25ELi25ELi512ELi512EE8logerrorEPKc)
    ros::NodeHandle_<STM32Hardware, 25, 25, 512, 512>::spinOnce() 0x08002645   Thumb Code   560  mainpp.o(.text._ZN3ros11NodeHandle_I13STM32HardwareLi25ELi25ELi512ELi512EE8spinOnceEv)
    ros::NodeHandle_<STM32Hardware, 25, 25, 512, 512>::syncTime(unsigned char*) 0x0800287d   Thumb Code   100  mainpp.o(.text._ZN3ros11NodeHandle_I13STM32HardwareLi25ELi25ELi512ELi512EE8syncTimeEPh)
    ros::NodeHandle_<STM32Hardware, 25, 25, 512, 512>::connected() 0x080028e5   Thumb Code     6  mainpp.o(.text._ZN3ros11NodeHandle_I13STM32HardwareLi25ELi25ELi512ELi512EE9connectedEv)
    ros::NodeHandle_<STM32Hardware, 25, 25, 512, 512>::subscribe(ros::Subscriber_&) 0x080028eb   Thumb Code    40  mainpp.o(.text._ZN3ros11NodeHandle_I13STM32HardwareLi25ELi25ELi512ELi512EE9subscribeERNS_11Subscriber_E)
    ros::normalizeSecNSec(unsigned int&, unsigned int&) 0x08002915   Thumb Code    24  time.o(.text._ZN3ros16normalizeSecNSecERjS0_)
    void ros::Msg::arrToVar<unsigned int, unsigned char*>(unsigned int&, unsigned char*) 0x08002931   Thumb Code    28  mainpp.o(.text._ZN3ros3Msg8arrToVarIjPhEEvRT_T0_)
    void ros::Msg::varToArr<unsigned char*, unsigned int>(unsigned char*, unsigned int) 0x0800294d   Thumb Code    20  mainpp.o(.text._ZN3ros3Msg8varToArrIPhjEEvT_T0_)
    std_msgs::Time::deserialize(unsigned char*) 0x08002961   Thumb Code    60  mainpp.o(.text._ZN8std_msgs4Time11deserializeEPh)
    std_msgs::Time::getMD5()                 0x0800299d   Thumb Code     4  mainpp.o(.text._ZN8std_msgs4Time6getMD5Ev)
    std_msgs::Time::getType()                0x080029c5   Thumb Code     4  mainpp.o(.text._ZN8std_msgs4Time7getTypeEv)
    geometry_msgs::Twist::serialize(unsigned char*) const 0x080029d9   Thumb Code    28  mainpp.o(.text._ZNK13geometry_msgs5Twist9serializeEPh)
    geometry_msgs::Vector3::serialize(unsigned char*) const 0x080029f5   Thumb Code   102  mainpp.o(.text._ZNK13geometry_msgs7Vector39serializeEPh)
    rosserial_msgs::RequestParamResponse::serialize(unsigned char*) const 0x08002a5b   Thumb Code   196  mainpp.o(.text._ZNK14rosserial_msgs20RequestParamResponse9serializeEPh)
    rosserial_msgs::Log::serialize(unsigned char*) const 0x08002b1f   Thumb Code    44  mainpp.o(.text._ZNK14rosserial_msgs3Log9serializeEPh)
    rosserial_msgs::TopicInfo::serialize(unsigned char*) const 0x08002b4d   Thumb Code   116  mainpp.o(.text._ZNK14rosserial_msgs9TopicInfo9serializeEPh)
    std_msgs::Time::serialize(unsigned char*) const 0x08002bc9   Thumb Code    40  mainpp.o(.text._ZNK8std_msgs4Time9serializeEPh)
    loop                                     0x08002bf1   Thumb Code     8  mainpp.o(.text.loop)
    main                                     0x08002bf9   Thumb Code    88  main.o(.text.main)
    setup                                    0x08002c5d   Thumb Code    24  mainpp.o(.text.setup)
    _fp_init                                 0x08002c7d   Thumb Code    26  fpinit.o(x$fpl$fpinit)
    __fplib_config_fpu_vfp                   0x08002c95   Thumb Code     0  fpinit.o(x$fpl$fpinit)
    __fplib_config_pureend_doubles           0x08002c95   Thumb Code     0  fpinit.o(x$fpl$fpinit)
    AHBPrescTable                            0x08002c96   Data          16  system_stm32f4xx.o(.rodata.AHBPrescTable)
    APBPrescTable                            0x08002ca6   Data           8  system_stm32f4xx.o(.rodata.APBPrescTable)
    vtable for geometry_msgs::Twist          0x08002ccc   Data          24  mainpp.o(.rodata._ZTVN13geometry_msgs5TwistE)
    vtable for geometry_msgs::Vector3        0x08002ce4   Data          24  mainpp.o(.rodata._ZTVN13geometry_msgs7Vector3E)
    vtable for rosserial_msgs::RequestParamResponse 0x08002cfc   Data          24  mainpp.o(.rodata._ZTVN14rosserial_msgs20RequestParamResponseE)
    vtable for rosserial_msgs::Log           0x08002d14   Data          24  mainpp.o(.rodata._ZTVN14rosserial_msgs3LogE)
    vtable for rosserial_msgs::TopicInfo     0x08002d2c   Data          24  mainpp.o(.rodata._ZTVN14rosserial_msgs9TopicInfoE)
    vtable for ros::Subscriber<geometry_msgs::Twist, void> 0x08002d44   Data          24  mainpp.o(.rodata._ZTVN3ros10SubscriberIN13geometry_msgs5TwistEvEE)
    vtable for ros::NodeHandle_<STM32Hardware, 25, 25, 512, 512> 0x08002d5c   Data          20  mainpp.o(.rodata._ZTVN3ros11NodeHandle_I13STM32HardwareLi25ELi25ELi512ELi512EEE)
    vtable for std_msgs::Time                0x08002d70   Data          24  mainpp.o(.rodata._ZTVN8std_msgs4TimeE)
    Region$$Table$$Base                      0x08002dcc   Number         0  anon$$obj.o(Region$$Table)
    Region$$Table$$Limit                     0x08002dec   Number         0  anon$$obj.o(Region$$Table)
    uwTickFreq                               0x20000000   Data           1  stm32f4xx_hal.o(.data..L_MergedGlobals)
    uwTickPrio                               0x20000004   Data           4  stm32f4xx_hal.o(.data..L_MergedGlobals)
    SystemCoreClock                          0x20000008   Data           4  system_stm32f4xx.o(.data.SystemCoreClock)
    nh                                       0x2000000c   Data        2364  mainpp.o(.data.nh)
    sub                                      0x20000948   Data          96  mainpp.o(.data.sub)
    __libspace_start                         0x200009a8   Data          96  libspace.o(.bss)
    STM32Hardware::flush()::mutex            0x20000a08   Data           1  mainpp.o(.bss._ZZN13STM32Hardware5flushEvE5mutex)
    __temporary_stack_top$libspace           0x20000a08   Data           0  libspace.o(.bss)
    hdma_usart3_rx                           0x20000a0c   Data          96  usart.o(.bss.hdma_usart3_rx)
    hdma_usart3_tx                           0x20000a6c   Data          96  usart.o(.bss.hdma_usart3_tx)
    huart3                                   0x20000acc   Data          72  usart.o(.bss.huart3)
    rx_char                                  0x20000b14   Data           1  main.o(.bss.rx_char)
    uwTick                                   0x20000b18   Data           4  stm32f4xx_hal.o(.bss.uwTick)
    vel                                      0x20000b20   Data          24  mainpp.o(.bss.vel)



==============================================================================

Memory Map of the image

  Image Entry point : 0x08000189

  Load Region LR_IROM1 (Base: 0x08000000, Size: 0x00003798, Max: 0x00100000, ABSOLUTE, COMPRESSED[0x00002e40])

    Execution Region ER_IROM1 (Exec base: 0x08000000, Load base: 0x08000000, Size: 0x00002dec, Max: 0x00100000, ABSOLUTE)

    Exec Addr    Load Addr    Size         Type   Attr      Idx    E Section Name        Object

    0x08000000   0x08000000   0x00000188   Data   RO            3    RESET               startup_stm32f407xx.o
    0x08000188   0x08000188   0x00000008   Code   RO          942  * !!!main             c_w.l(__main.o)
    0x08000190   0x08000190   0x0000005c   Code   RO         1192    !!!scatter          c_w.l(__scatter.o)
    0x080001ec   0x080001ec   0x0000003a   Code   RO         1190    !!dczerorl          c_w.l(__dczerorl.o)
    0x08000226   0x08000226   0x00000002   PAD
    0x08000228   0x08000228   0x00000002   Code   RO         1193    !!handler_null      c_w.l(__scatter.o)
    0x0800022a   0x0800022a   0x00000002   PAD
    0x0800022c   0x0800022c   0x0000001c   Code   RO         1196    !!handler_zi        c_w.l(__scatter_zi.o)
    0x08000248   0x08000248   0x00000002   Code   RO         1116    .ARM.Collect$$libinit$$00000000  c_w.l(libinit.o)
    0x0800024a   0x0800024a   0x00000004   Code   RO         1040    .ARM.Collect$$libinit$$00000001  c_w.l(libinit2.o)
    0x0800024e   0x0800024e   0x00000000   Code   RO         1043    .ARM.Collect$$libinit$$00000004  c_w.l(libinit2.o)
    0x0800024e   0x0800024e   0x00000000   Code   RO         1045    .ARM.Collect$$libinit$$00000006  c_w.l(libinit2.o)
    0x0800024e   0x0800024e   0x00000008   Code   RO         1046    .ARM.Collect$$libinit$$00000007  c_w.l(libinit2.o)
    0x08000256   0x08000256   0x00000000   Code   RO         1048    .ARM.Collect$$libinit$$0000000C  c_w.l(libinit2.o)
    0x08000256   0x08000256   0x00000000   Code   RO         1050    .ARM.Collect$$libinit$$0000000E  c_w.l(libinit2.o)
    0x08000256   0x08000256   0x00000000   Code   RO         1052    .ARM.Collect$$libinit$$00000010  c_w.l(libinit2.o)
    0x08000256   0x08000256   0x00000000   Code   RO         1055    .ARM.Collect$$libinit$$00000013  c_w.l(libinit2.o)
    0x08000256   0x08000256   0x00000000   Code   RO         1057    .ARM.Collect$$libinit$$00000015  c_w.l(libinit2.o)
    0x08000256   0x08000256   0x00000000   Code   RO         1059    .ARM.Collect$$libinit$$00000017  c_w.l(libinit2.o)
    0x08000256   0x08000256   0x00000000   Code   RO         1061    .ARM.Collect$$libinit$$00000019  c_w.l(libinit2.o)
    0x08000256   0x08000256   0x00000000   Code   RO         1063    .ARM.Collect$$libinit$$0000001B  c_w.l(libinit2.o)
    0x08000256   0x08000256   0x00000000   Code   RO         1065    .ARM.Collect$$libinit$$0000001D  c_w.l(libinit2.o)
    0x08000256   0x08000256   0x00000000   Code   RO         1067    .ARM.Collect$$libinit$$0000001F  c_w.l(libinit2.o)
    0x08000256   0x08000256   0x00000000   Code   RO         1069    .ARM.Collect$$libinit$$00000021  c_w.l(libinit2.o)
    0x08000256   0x08000256   0x00000000   Code   RO         1071    .ARM.Collect$$libinit$$00000023  c_w.l(libinit2.o)
    0x08000256   0x08000256   0x00000000   Code   RO         1073    .ARM.Collect$$libinit$$00000025  c_w.l(libinit2.o)
    0x08000256   0x08000256   0x00000000   Code   RO         1075    .ARM.Collect$$libinit$$00000027  c_w.l(libinit2.o)
    0x08000256   0x08000256   0x00000000   Code   RO         1079    .ARM.Collect$$libinit$$0000002E  c_w.l(libinit2.o)
    0x08000256   0x08000256   0x00000000   Code   RO         1081    .ARM.Collect$$libinit$$00000030  c_w.l(libinit2.o)
    0x08000256   0x08000256   0x00000000   Code   RO         1083    .ARM.Collect$$libinit$$00000032  c_w.l(libinit2.o)
    0x08000256   0x08000256   0x00000000   Code   RO         1085    .ARM.Collect$$libinit$$00000034  c_w.l(libinit2.o)
    0x08000256   0x08000256   0x00000002   Code   RO         1086    .ARM.Collect$$libinit$$00000035  c_w.l(libinit2.o)
    0x08000258   0x08000258   0x00000002   Code   RO         1187    .ARM.Collect$$libshutdown$$00000000  c_w.l(libshutdown.o)
    0x0800025a   0x0800025a   0x00000000   Code   RO         1143    .ARM.Collect$$libshutdown$$00000002  c_w.l(libshutdown2.o)
    0x0800025a   0x0800025a   0x00000000   Code   RO         1145    .ARM.Collect$$libshutdown$$00000004  c_w.l(libshutdown2.o)
    0x0800025a   0x0800025a   0x00000000   Code   RO         1148    .ARM.Collect$$libshutdown$$00000007  c_w.l(libshutdown2.o)
    0x0800025a   0x0800025a   0x00000000   Code   RO         1151    .ARM.Collect$$libshutdown$$0000000A  c_w.l(libshutdown2.o)
    0x0800025a   0x0800025a   0x00000000   Code   RO         1153    .ARM.Collect$$libshutdown$$0000000C  c_w.l(libshutdown2.o)
    0x0800025a   0x0800025a   0x00000000   Code   RO         1156    .ARM.Collect$$libshutdown$$0000000F  c_w.l(libshutdown2.o)
    0x0800025a   0x0800025a   0x00000002   Code   RO         1157    .ARM.Collect$$libshutdown$$00000010  c_w.l(libshutdown2.o)
    0x0800025c   0x0800025c   0x00000000   Code   RO          958    .ARM.Collect$$rtentry$$00000000  c_w.l(__rtentry.o)
    0x0800025c   0x0800025c   0x00000000   Code   RO         1005    .ARM.Collect$$rtentry$$00000002  c_w.l(__rtentry2.o)
    0x0800025c   0x0800025c   0x00000006   Code   RO         1017    .ARM.Collect$$rtentry$$00000004  c_w.l(__rtentry4.o)
    0x08000262   0x08000262   0x00000000   Code   RO         1007    .ARM.Collect$$rtentry$$00000009  c_w.l(__rtentry2.o)
    0x08000262   0x08000262   0x00000004   Code   RO         1008    .ARM.Collect$$rtentry$$0000000A  c_w.l(__rtentry2.o)
    0x08000266   0x08000266   0x00000000   Code   RO         1010    .ARM.Collect$$rtentry$$0000000C  c_w.l(__rtentry2.o)
    0x08000266   0x08000266   0x00000008   Code   RO         1011    .ARM.Collect$$rtentry$$0000000D  c_w.l(__rtentry2.o)
    0x0800026e   0x0800026e   0x00000002   Code   RO         1126    .ARM.Collect$$rtexit$$00000000  c_w.l(rtexit.o)
    0x08000270   0x08000270   0x00000000   Code   RO         1163    .ARM.Collect$$rtexit$$00000002  c_w.l(rtexit2.o)
    0x08000270   0x08000270   0x00000004   Code   RO         1164    .ARM.Collect$$rtexit$$00000003  c_w.l(rtexit2.o)
    0x08000274   0x08000274   0x00000006   Code   RO         1165    .ARM.Collect$$rtexit$$00000004  c_w.l(rtexit2.o)
    0x0800027a   0x0800027a   0x00000002   PAD
    0x0800027c   0x0800027c   0x00000040   Code   RO            4    .text               startup_stm32f407xx.o
    0x080002bc   0x080002bc   0x000000c4   Code   RO          878    .text               c_w.l(h1_realloc.o)
    0x08000380   0x08000380   0x000000f0   Code   RO          932    .text               c_w.l(lludivv7m.o)
    0x08000470   0x08000470   0x0000003e   Code   RO          934    .text               c_w.l(strlen.o)
    0x080004ae   0x080004ae   0x0000008a   Code   RO          936    .text               c_w.l(rt_memcpy_v6.o)
    0x08000538   0x08000538   0x0000004e   Code   RO          938    .text               c_w.l(rt_memclr_w.o)
    0x08000586   0x08000586   0x00000006   Code   RO          940    .text               c_w.l(heapauxi.o)
    0x0800058c   0x0800058c   0x00000008   Code   RO          966    .text               c_w.l(rt_heap_descriptor_intlibspace.o)
    0x08000594   0x08000594   0x00000004   Code   RO          968    .text               c_w.l(hguard.o)
    0x08000598   0x08000598   0x0000008a   Code   RO          970    .text               c_w.l(init_alloc.o)
    0x08000622   0x08000622   0x0000005e   Code   RO          978    .text               c_w.l(h1_alloc.o)
    0x08000680   0x08000680   0x0000004e   Code   RO          980    .text               c_w.l(h1_free.o)
    0x080006ce   0x080006ce   0x00000064   Code   RO          994    .text               c_w.l(rt_memcpy_w.o)
    0x08000732   0x08000732   0x00000002   PAD
    0x08000734   0x08000734   0x00000008   Code   RO         1001    .text               c_w.l(libspace.o)
    0x0800073c   0x0800073c   0x00000000   Code   RO         1021    .text               c_w.l(maybetermalloc1.o)
    0x0800073c   0x0800073c   0x0000000c   Code   RO         1023    .text               c_w.l(h1_init.o)
    0x08000748   0x08000748   0x00000034   Code   RO         1025    .text               c_w.l(h1_extend.o)
    0x0800077c   0x0800077c   0x0000000e   Code   RO         1031    .text               c_w.l(defsig_rtmem_outer.o)
    0x0800078a   0x0800078a   0x0000004a   Code   RO         1091    .text               c_w.l(sys_stackheap_outer.o)
    0x080007d4   0x080007d4   0x00000012   Code   RO         1099    .text               c_w.l(exit.o)
    0x080007e6   0x080007e6   0x0000000a   Code   RO         1101    .text               c_w.l(defsig_exit.o)
    0x080007f0   0x080007f0   0x00000050   Code   RO         1107    .text               c_w.l(defsig_rtmem_inner.o)
    0x08000840   0x08000840   0x0000000c   Code   RO         1119    .text               c_w.l(sys_exit.o)
    0x0800084c   0x0800084c   0x00000002   Code   RO         1123    .text               c_w.l(use_no_semi.o)
    0x0800084e   0x0800084e   0x00000000   Code   RO         1125    .text               c_w.l(indicate_semi.o)
    0x0800084e   0x0800084e   0x00000032   Code   RO         1134    .text               c_w.l(defsig_general.o)
    0x08000880   0x08000880   0x0000000e   Code   RO         1158    .text               c_w.l(sys_wrch.o)
    0x0800088e   0x0800088e   0x00000002   Code   RO          191    .text.BusFault_Handler  stm32f4xx_it.o
    0x08000890   0x08000890   0x0000000c   Code   RO          203    .text.DMA1_Stream1_IRQHandler  stm32f4xx_it.o
    0x0800089c   0x0800089c   0x0000000c   Code   RO          205    .text.DMA1_Stream3_IRQHandler  stm32f4xx_it.o
    0x080008a8   0x080008a8   0x00000030   Code   RO          606    .text.DMA_CalcBaseAndBitshift  stm32f4xx_hal_dma.o
    0x080008d8   0x080008d8   0x00000022   Code   RO          612    .text.DMA_SetConfig  stm32f4xx_hal_dma.o
    0x080008fa   0x080008fa   0x00000002   Code   RO          197    .text.DebugMon_Handler  stm32f4xx_it.o
    0x080008fc   0x080008fc   0x00000004   Code   RO          137    .text.Error_Handler  main.o
    0x08000900   0x08000900   0x0000007a   Code   RO          616    .text.HAL_DMA_Abort  stm32f4xx_hal_dma.o
    0x0800097a   0x0800097a   0x00000024   Code   RO          618    .text.HAL_DMA_Abort_IT  stm32f4xx_hal_dma.o
    0x0800099e   0x0800099e   0x00000002   PAD
    0x080009a0   0x080009a0   0x0000015c   Code   RO          622    .text.HAL_DMA_IRQHandler  stm32f4xx_hal_dma.o
    0x08000afc   0x08000afc   0x00000100   Code   RO          604    .text.HAL_DMA_Init  stm32f4xx_hal_dma.o
    0x08000bfc   0x08000bfc   0x0000005c   Code   RO          614    .text.HAL_DMA_Start_IT  stm32f4xx_hal_dma.o
    0x08000c58   0x08000c58   0x00000020   Code   RO          786    .text.HAL_Delay     stm32f4xx_hal.o
    0x08000c78   0x08000c78   0x00000198   Code   RO          566    .text.HAL_GPIO_Init  stm32f4xx_hal_gpio.o
    0x08000e10   0x08000e10   0x0000000a   Code   RO          570    .text.HAL_GPIO_ReadPin  stm32f4xx_hal_gpio.o
    0x08000e1a   0x08000e1a   0x00000010   Code   RO          574    .text.HAL_GPIO_TogglePin  stm32f4xx_hal_gpio.o
    0x08000e2a   0x08000e2a   0x0000000a   Code   RO          572    .text.HAL_GPIO_WritePin  stm32f4xx_hal_gpio.o
    0x08000e34   0x08000e34   0x00000008   Code   RO          778    .text.HAL_GetTick   stm32f4xx_hal.o
    0x08000e3c   0x08000e3c   0x00000014   Code   RO          776    .text.HAL_IncTick   stm32f4xx_hal.o
    0x08000e50   0x08000e50   0x00000034   Code   RO          766    .text.HAL_Init      stm32f4xx_hal.o
    0x08000e84   0x08000e84   0x0000003c   Code   RO          768    .text.HAL_InitTick  stm32f4xx_hal.o
    0x08000ec0   0x08000ec0   0x00000038   Code   RO          216    .text.HAL_MspInit   stm32f4xx_hal_msp.o
    0x08000ef8   0x08000ef8   0x00000020   Code   RO          714    .text.HAL_NVIC_EnableIRQ  stm32f4xx_hal_cortex.o
    0x08000f18   0x08000f18   0x0000004c   Code   RO          712    .text.HAL_NVIC_SetPriority  stm32f4xx_hal_cortex.o
    0x08000f64   0x08000f64   0x00000020   Code   RO          710    .text.HAL_NVIC_SetPriorityGrouping  stm32f4xx_hal_cortex.o
    0x08000f84   0x08000f84   0x00000118   Code   RO          438    .text.HAL_RCC_ClockConfig  stm32f4xx_hal_rcc.o
    0x0800109c   0x0800109c   0x00000014   Code   RO          450    .text.HAL_RCC_GetPCLK1Freq  stm32f4xx_hal_rcc.o
    0x080010b0   0x080010b0   0x00000020   Code   RO          452    .text.HAL_RCC_GetPCLK2Freq  stm32f4xx_hal_rcc.o
    0x080010d0   0x080010d0   0x0000005c   Code   RO          440    .text.HAL_RCC_GetSysClockFreq  stm32f4xx_hal_rcc.o
    0x0800112c   0x0800112c   0x0000032c   Code   RO          436    .text.HAL_RCC_OscConfig  stm32f4xx_hal_rcc.o
    0x08001458   0x08001458   0x00000028   Code   RO          722    .text.HAL_SYSTICK_Config  stm32f4xx_hal_cortex.o
    0x08001480   0x08001480   0x00000002   Code   RO          352    .text.HAL_UARTEx_RxEventCallback  stm32f4xx_hal_uart.o
    0x08001482   0x08001482   0x00000002   Code   RO          350    .text.HAL_UART_ErrorCallback  stm32f4xx_hal_uart.o
    0x08001484   0x08001484   0x00000248   Code   RO          344    .text.HAL_UART_IRQHandler  stm32f4xx_hal_uart.o
    0x080016cc   0x080016cc   0x0000002c   Code   RO          260    .text.HAL_UART_Init  stm32f4xx_hal_uart.o
    0x080016f8   0x080016f8   0x000000e8   Code   RO          170    .text.HAL_UART_MspInit  usart.o
    0x080017e0   0x080017e0   0x0000001c   Code   RO          296    .text.HAL_UART_Receive_DMA  stm32f4xx_hal_uart.o
    0x080017fc   0x080017fc   0x00000022   Code   RO          284    .text.HAL_UART_Receive_IT  stm32f4xx_hal_uart.o
    0x0800181e   0x0800181e   0x00000002   PAD
    0x08001820   0x08001820   0x00000008   Code   RO           15    .text.HAL_UART_RxCpltCallback  mainpp.o
    0x08001828   0x08001828   0x00000002   Code   RO          360    .text.HAL_UART_RxHalfCpltCallback  stm32f4xx_hal_uart.o
    0x0800182a   0x0800182a   0x00000002   PAD
    0x0800182c   0x0800182c   0x00000078   Code   RO          288    .text.HAL_UART_Transmit_DMA  stm32f4xx_hal_uart.o
    0x080018a4   0x080018a4   0x0000000c   Code   RO           13    .text.HAL_UART_TxCpltCallback  mainpp.o
    0x080018b0   0x080018b0   0x00000002   Code   RO          356    .text.HAL_UART_TxHalfCpltCallback  stm32f4xx_hal_uart.o
    0x080018b2   0x080018b2   0x00000002   Code   RO          187    .text.HardFault_Handler  stm32f4xx_it.o
    0x080018b4   0x080018b4   0x00000040   Code   RO          159    .text.MX_DMA_Init   dma.o
    0x080018f4   0x080018f4   0x000000c0   Code   RO          148    .text.MX_GPIO_Init  gpio.o
    0x080019b4   0x080019b4   0x00000038   Code   RO          168    .text.MX_USART3_UART_Init  usart.o
    0x080019ec   0x080019ec   0x00000002   Code   RO          189    .text.MemManage_Handler  stm32f4xx_it.o
    0x080019ee   0x080019ee   0x00000002   Code   RO          185    .text.NMI_Handler   stm32f4xx_it.o
    0x080019f0   0x080019f0   0x0000000a   Code   RO          150    .text.OUTLINED_FUNCTION_0  gpio.o
    0x080019fa   0x080019fa   0x00000014   Code   RO          380    .text.OUTLINED_FUNCTION_0  stm32f4xx_hal_uart.o
    0x08001a0e   0x08001a0e   0x0000000c   Code   RO          462    .text.OUTLINED_FUNCTION_0  stm32f4xx_hal_rcc.o
    0x08001a1a   0x08001a1a   0x0000000e   Code   RO          632    .text.OUTLINED_FUNCTION_0  stm32f4xx_hal_dma.o
    0x08001a28   0x08001a28   0x00000014   Code   RO          382    .text.OUTLINED_FUNCTION_1  stm32f4xx_hal_uart.o
    0x08001a3c   0x08001a3c   0x0000000a   Code   RO          634    .text.OUTLINED_FUNCTION_1  stm32f4xx_hal_dma.o
    0x08001a46   0x08001a46   0x00000014   Code   RO          400    .text.OUTLINED_FUNCTION_10  stm32f4xx_hal_uart.o
    0x08001a5a   0x08001a5a   0x00000014   Code   RO          402    .text.OUTLINED_FUNCTION_11  stm32f4xx_hal_uart.o
    0x08001a6e   0x08001a6e   0x0000000a   Code   RO          412    .text.OUTLINED_FUNCTION_16  stm32f4xx_hal_uart.o
    0x08001a78   0x08001a78   0x00000008   Code   RO          416    .text.OUTLINED_FUNCTION_18  stm32f4xx_hal_uart.o
    0x08001a80   0x08001a80   0x0000000a   Code   RO          418    .text.OUTLINED_FUNCTION_19  stm32f4xx_hal_uart.o
    0x08001a8a   0x08001a8a   0x0000000a   Code   RO          466    .text.OUTLINED_FUNCTION_2  stm32f4xx_hal_rcc.o
    0x08001a94   0x08001a94   0x00000008   Code   RO          636    .text.OUTLINED_FUNCTION_2  stm32f4xx_hal_dma.o
    0x08001a9c   0x08001a9c   0x0000000a   Code   RO          420    .text.OUTLINED_FUNCTION_20  stm32f4xx_hal_uart.o
    0x08001aa6   0x08001aa6   0x00000006   Code   RO          422    .text.OUTLINED_FUNCTION_21  stm32f4xx_hal_uart.o
    0x08001aac   0x08001aac   0x00000014   Code   RO          386    .text.OUTLINED_FUNCTION_3  stm32f4xx_hal_uart.o
    0x08001ac0   0x08001ac0   0x0000000a   Code   RO          638    .text.OUTLINED_FUNCTION_3  stm32f4xx_hal_dma.o
    0x08001aca   0x08001aca   0x00000016   Code   RO          388    .text.OUTLINED_FUNCTION_4  stm32f4xx_hal_uart.o
    0x08001ae0   0x08001ae0   0x00000008   Code   RO          390    .text.OUTLINED_FUNCTION_5  stm32f4xx_hal_uart.o
    0x08001ae8   0x08001ae8   0x0000001c   Code   RO          392    .text.OUTLINED_FUNCTION_6  stm32f4xx_hal_uart.o
    0x08001b04   0x08001b04   0x0000000c   Code   RO          394    .text.OUTLINED_FUNCTION_7  stm32f4xx_hal_uart.o
    0x08001b10   0x08001b10   0x00000002   Code   RO          199    .text.PendSV_Handler  stm32f4xx_it.o
    0x08001b12   0x08001b12   0x00000002   Code   RO          195    .text.SVC_Handler   stm32f4xx_it.o
    0x08001b14   0x08001b14   0x00000004   Code   RO          201    .text.SysTick_Handler  stm32f4xx_it.o
    0x08001b18   0x08001b18   0x000000a4   Code   RO          135    .text.SystemClock_Config  main.o
    0x08001bbc   0x08001bbc   0x00000010   Code   RO          860    .text.SystemInit    system_stm32f4xx.o
    0x08001bcc   0x08001bcc   0x0000000a   Code   RO          348    .text.UART_DMAAbortOnError  stm32f4xx_hal_uart.o
    0x08001bd6   0x08001bd6   0x0000004c   Code   RO          294    .text.UART_DMAError  stm32f4xx_hal_uart.o
    0x08001c22   0x08001c22   0x00000072   Code   RO          376    .text.UART_DMAReceiveCplt  stm32f4xx_hal_uart.o
    0x08001c94   0x08001c94   0x00000018   Code   RO          378    .text.UART_DMARxHalfCplt  stm32f4xx_hal_uart.o
    0x08001cac   0x08001cac   0x0000003c   Code   RO          290    .text.UART_DMATransmitCplt  stm32f4xx_hal_uart.o
    0x08001ce8   0x08001ce8   0x00000006   Code   RO          292    .text.UART_DMATxHalfCplt  stm32f4xx_hal_uart.o
    0x08001cee   0x08001cee   0x00000042   Code   RO          308    .text.UART_EndRxTransfer  stm32f4xx_hal_uart.o
    0x08001d30   0x08001d30   0x0000001c   Code   RO          306    .text.UART_EndTxTransfer  stm32f4xx_hal_uart.o
    0x08001d4c   0x08001d4c   0x000000ba   Code   RO          346    .text.UART_Receive_IT  stm32f4xx_hal_uart.o
    0x08001e06   0x08001e06   0x00000002   PAD
    0x08001e08   0x08001e08   0x000000c4   Code   RO          264    .text.UART_SetConfig  stm32f4xx_hal_uart.o
    0x08001ecc   0x08001ecc   0x00000090   Code   RO          298    .text.UART_Start_Receive_DMA  stm32f4xx_hal_uart.o
    0x08001f5c   0x08001f5c   0x00000032   Code   RO          286    .text.UART_Start_Receive_IT  stm32f4xx_hal_uart.o
    0x08001f8e   0x08001f8e   0x00000002   PAD
    0x08001f90   0x08001f90   0x0000000c   Code   RO          207    .text.USART3_IRQHandler  stm32f4xx_it.o
    0x08001f9c   0x08001f9c   0x00000002   Code   RO          193    .text.UsageFault_Handler  stm32f4xx_it.o
    0x08001f9e   0x08001f9e   0x00000002   PAD
    0x08001fa0   0x08001fa0   0x00000018   Code   RO           11    .text._Z12vel_callbackRKN13geometry_msgs5TwistE  mainpp.o
    0x08001fb8   0x08001fb8   0x0000000c   Code   RO           35    .text._ZN13STM32Hardware10reset_rbufEv  mainpp.o
    0x08001fc4   0x08001fc4   0x00000032   Code   RO           97    .text._ZN13STM32Hardware4readEv  mainpp.o
    0x08001ff6   0x08001ff6   0x00000002   PAD
    0x08001ff8   0x08001ff8   0x00000058   Code   RO           33    .text._ZN13STM32Hardware5flushEv  mainpp.o
    0x08002050   0x08002050   0x0000005c   Code   RO           59    .text._ZN13STM32Hardware5writeEPhi  mainpp.o
    0x080020ac   0x080020ac   0x0000001c   Code   RO           83    .text._ZN13geometry_msgs5Twist11deserializeEPh  mainpp.o
    0x080020c8   0x080020c8   0x00000004   Code   RO           87    .text._ZN13geometry_msgs5Twist6getMD5Ev  mainpp.o
    0x080020cc   0x080020cc   0x00000004   Code   RO           85    .text._ZN13geometry_msgs5Twist7getTypeEv  mainpp.o
    0x080020d0   0x080020d0   0x0000001c   Code   RO           91    .text._ZN13geometry_msgs7Vector311deserializeEPh  mainpp.o
    0x080020ec   0x080020ec   0x00000028   Code   RO           95    .text._ZN13geometry_msgs7Vector36getMD5Ev  mainpp.o
    0x08002114   0x08002114   0x0000001c   Code   RO           93    .text._ZN13geometry_msgs7Vector37getTypeEv  mainpp.o
    0x08002130   0x08002130   0x00000102   Code   RO           49    .text._ZN14rosserial_msgs20RequestParamResponse11deserializeEPh  mainpp.o
    0x08002232   0x08002232   0x00000002   PAD
    0x08002234   0x08002234   0x00000028   Code   RO           53    .text._ZN14rosserial_msgs20RequestParamResponse6getMD5Ev  mainpp.o
    0x0800225c   0x0800225c   0x00000008   Code   RO           51    .text._ZN14rosserial_msgs20RequestParamResponse7getTypeEv  mainpp.o
    0x08002264   0x08002264   0x00000034   Code   RO           67    .text._ZN14rosserial_msgs3Log11deserializeEPh  mainpp.o
    0x08002298   0x08002298   0x00000028   Code   RO           71    .text._ZN14rosserial_msgs3Log6getMD5Ev  mainpp.o
    0x080022c0   0x080022c0   0x00000018   Code   RO           69    .text._ZN14rosserial_msgs3Log7getTypeEv  mainpp.o
    0x080022d8   0x080022d8   0x000000b4   Code   RO          115    .text._ZN14rosserial_msgs9TopicInfo11deserializeEPh  mainpp.o
    0x0800238c   0x0800238c   0x00000028   Code   RO          119    .text._ZN14rosserial_msgs9TopicInfo6getMD5Ev  mainpp.o
    0x080023b4   0x080023b4   0x00000020   Code   RO          117    .text._ZN14rosserial_msgs9TopicInfo7getTypeEv  mainpp.o
    0x080023d4   0x080023d4   0x00000008   Code   RO           77    .text._ZN3ros10SubscriberIN13geometry_msgs5TwistEvE10getMsgTypeEv  mainpp.o
    0x080023dc   0x080023dc   0x00000004   Code   RO           75    .text._ZN3ros10SubscriberIN13geometry_msgs5TwistEvE15getEndpointTypeEv  mainpp.o
    0x080023e0   0x080023e0   0x00000018   Code   RO           73    .text._ZN3ros10SubscriberIN13geometry_msgs5TwistEvE8callbackEPh  mainpp.o
    0x080023f8   0x080023f8   0x00000008   Code   RO           79    .text._ZN3ros10SubscriberIN13geometry_msgs5TwistEvE9getMsgMD5Ev  mainpp.o
    0x08002400   0x08002400   0x000000c4   Code   RO          101    .text._ZN3ros11NodeHandle_I13STM32HardwareLi25ELi25ELi512ELi512EE15negotiateTopicsEv  mainpp.o
    0x080024c4   0x080024c4   0x0000002c   Code   RO           99    .text._ZN3ros11NodeHandle_I13STM32HardwareLi25ELi25ELi512ELi512EE15requestSyncTimeEv  mainpp.o
    0x080024f0   0x080024f0   0x00000020   Code   RO           63    .text._ZN3ros11NodeHandle_I13STM32HardwareLi25ELi25ELi512ELi512EE3logEcPKc  mainpp.o
    0x08002510   0x08002510   0x00000044   Code   RO          121    .text._ZN3ros11NodeHandle_I13STM32HardwareLi25ELi25ELi512ELi512EE6setNowERKNS_4TimeE  mainpp.o
    0x08002554   0x08002554   0x000000c8   Code   RO           43    .text._ZN3ros11NodeHandle_I13STM32HardwareLi25ELi25ELi512ELi512EE7publishEiPKNS_3MsgE  mainpp.o
    0x0800261c   0x0800261c   0x0000001e   Code   RO           37    .text._ZN3ros11NodeHandle_I13STM32HardwareLi25ELi25ELi512ELi512EE8initNodeEv  mainpp.o
    0x0800263a   0x0800263a   0x00000008   Code   RO           61    .text._ZN3ros11NodeHandle_I13STM32HardwareLi25ELi25ELi512ELi512EE8logerrorEPKc  mainpp.o
    0x08002642   0x08002642   0x00000002   PAD
    0x08002644   0x08002644   0x00000238   Code   RO           41    .text._ZN3ros11NodeHandle_I13STM32HardwareLi25ELi25ELi512ELi512EE8spinOnceEv  mainpp.o
    0x0800287c   0x0800287c   0x00000068   Code   RO          103    .text._ZN3ros11NodeHandle_I13STM32HardwareLi25ELi25ELi512ELi512EE8syncTimeEPh  mainpp.o
    0x080028e4   0x080028e4   0x00000006   Code   RO           45    .text._ZN3ros11NodeHandle_I13STM32HardwareLi25ELi25ELi512ELi512EE9connectedEv  mainpp.o
    0x080028ea   0x080028ea   0x00000028   Code   RO           39    .text._ZN3ros11NodeHandle_I13STM32HardwareLi25ELi25ELi512ELi512EE9subscribeERNS_11Subscriber_E  mainpp.o
    0x08002912   0x08002912   0x00000002   PAD
    0x08002914   0x08002914   0x0000001c   Code   RO          240    .text._ZN3ros16normalizeSecNSecERjS0_  time.o
    0x08002930   0x08002930   0x0000001c   Code   RO           57    .text._ZN3ros3Msg8arrToVarIjPhEEvRT_T0_  mainpp.o
    0x0800294c   0x0800294c   0x00000014   Code   RO           55    .text._ZN3ros3Msg8varToArrIPhjEEvT_T0_  mainpp.o
    0x08002960   0x08002960   0x0000003c   Code   RO          107    .text._ZN8std_msgs4Time11deserializeEPh  mainpp.o
    0x0800299c   0x0800299c   0x00000028   Code   RO          111    .text._ZN8std_msgs4Time6getMD5Ev  mainpp.o
    0x080029c4   0x080029c4   0x00000014   Code   RO          109    .text._ZN8std_msgs4Time7getTypeEv  mainpp.o
    0x080029d8   0x080029d8   0x0000001c   Code   RO           81    .text._ZNK13geometry_msgs5Twist9serializeEPh  mainpp.o
    0x080029f4   0x080029f4   0x00000066   Code   RO           89    .text._ZNK13geometry_msgs7Vector39serializeEPh  mainpp.o
    0x08002a5a   0x08002a5a   0x000000c4   Code   RO           47    .text._ZNK14rosserial_msgs20RequestParamResponse9serializeEPh  mainpp.o
    0x08002b1e   0x08002b1e   0x0000002c   Code   RO           65    .text._ZNK14rosserial_msgs3Log9serializeEPh  mainpp.o
    0x08002b4a   0x08002b4a   0x00000002   PAD
    0x08002b4c   0x08002b4c   0x0000007c   Code   RO          113    .text._ZNK14rosserial_msgs9TopicInfo9serializeEPh  mainpp.o
    0x08002bc8   0x08002bc8   0x00000028   Code   RO          105    .text._ZNK8std_msgs4Time9serializeEPh  mainpp.o
    0x08002bf0   0x08002bf0   0x00000008   Code   RO           19    .text.loop          mainpp.o
    0x08002bf8   0x08002bf8   0x00000064   Code   RO          133    .text.main          main.o
    0x08002c5c   0x08002c5c   0x00000020   Code   RO           17    .text.setup         mainpp.o
    0x08002c7c   0x08002c7c   0x0000001a   Code   RO         1117    x$fpl$fpinit        fz_wm.l(fpinit.o)
    0x08002c96   0x08002c96   0x00000010   Data   RO          865    .rodata.AHBPrescTable  system_stm32f4xx.o
    0x08002ca6   0x08002ca6   0x00000008   Data   RO          866    .rodata.APBPrescTable  system_stm32f4xx.o
    0x08002cae   0x08002cae   0x0000001c   Data   RO           25    .rodata._ZN14rosserial_msgsL12REQUESTPARAME  mainpp.o
    0x08002cca   0x08002cca   0x00000002   PAD
    0x08002ccc   0x08002ccc   0x00000018   Data   RO          128    .rodata._ZTVN13geometry_msgs5TwistE  mainpp.o
    0x08002ce4   0x08002ce4   0x00000018   Data   RO          129    .rodata._ZTVN13geometry_msgs7Vector3E  mainpp.o
    0x08002cfc   0x08002cfc   0x00000018   Data   RO          124    .rodata._ZTVN14rosserial_msgs20RequestParamResponseE  mainpp.o
    0x08002d14   0x08002d14   0x00000018   Data   RO          125    .rodata._ZTVN14rosserial_msgs3LogE  mainpp.o
    0x08002d2c   0x08002d2c   0x00000018   Data   RO          131    .rodata._ZTVN14rosserial_msgs9TopicInfoE  mainpp.o
    0x08002d44   0x08002d44   0x00000018   Data   RO          127    .rodata._ZTVN3ros10SubscriberIN13geometry_msgs5TwistEvEE  mainpp.o
    0x08002d5c   0x08002d5c   0x00000014   Data   RO          123    .rodata._ZTVN3ros11NodeHandle_I13STM32HardwareLi25ELi25ELi512ELi512EEE  mainpp.o
    0x08002d70   0x08002d70   0x00000018   Data   RO          130    .rodata._ZTVN8std_msgs4TimeE  mainpp.o
    0x08002d88   0x08002d88   0x00000044   Data   RO           24    .rodata.str1.1      mainpp.o
    0x08002dcc   0x08002dcc   0x00000020   Data   RO         1189    Region$$Table       anon$$obj.o


    Execution Region RW_IRAM1 (Exec base: 0x20000000, Load base: 0x08002df0, Size: 0x00001738, Max: 0x0001c000, ABSOLUTE, COMPRESSED[0x00000050])

    Exec Addr    Load Addr    Size         Type   Attr      Idx    E Section Name        Object

    0x20000000   COMPRESSED   0x00000008   Data   RW          825    .data..L_MergedGlobals  stm32f4xx_hal.o
    0x20000008   COMPRESSED   0x00000004   Data   RW          864    .data.SystemCoreClock  system_stm32f4xx.o
    0x2000000c   COMPRESSED   0x0000093c   Data   RW           22    .data.nh            mainpp.o
    0x20000948   COMPRESSED   0x00000060   Data   RW           23    .data.sub           mainpp.o
    0x200009a8        -       0x00000060   Zero   RW         1002    .bss                c_w.l(libspace.o)
    0x20000a08        -       0x00000001   Zero   RW          126    .bss._ZZN13STM32Hardware5flushEvE5mutex  mainpp.o
    0x20000a09   COMPRESSED   0x00000003   PAD
    0x20000a0c        -       0x00000060   Zero   RW          175    .bss.hdma_usart3_rx  usart.o
    0x20000a6c        -       0x00000060   Zero   RW          176    .bss.hdma_usart3_tx  usart.o
    0x20000acc        -       0x00000048   Zero   RW          174    .bss.huart3         usart.o
    0x20000b14        -       0x00000001   Zero   RW          139    .bss.rx_char        main.o
    0x20000b15   COMPRESSED   0x00000003   PAD
    0x20000b18        -       0x00000004   Zero   RW          824    .bss.uwTick         stm32f4xx_hal.o
    0x20000b1c   COMPRESSED   0x00000004   PAD
    0x20000b20        -       0x00000018   Zero   RW           21    .bss.vel            mainpp.o
    0x20000b38        -       0x00000400   Zero   RW            2    HEAP                startup_stm32f407xx.o
    0x20000f38        -       0x00000800   Zero   RW            1    STACK               startup_stm32f407xx.o


    Execution Region RW_IRAM2 (Exec base: 0x2001c000, Load base: 0x08002e40, Size: 0x00000000, Max: 0x00004000, ABSOLUTE)

    **** No section assigned to this execution region ****


==============================================================================

Image component sizes


      Code (inc. data)   RO Data    RW Data    ZI Data      Debug   Object Name

        64          0          0          0          0       3443   dma.o
       202          8          0          0          0       2291   gpio.o
       268         20          0          0          1       3832   main.o
      3174        410        284       2460         25      45368   mainpp.o
        64         26        392          0       3072        832   startup_stm32f407xx.o
       172         12          0          8          4       7439   stm32f4xx_hal.o
       180         24          0          0          0      10619   stm32f4xx_hal_cortex.o
       978         20          0          0          0       9175   stm32f4xx_hal_dma.o
       444         24          0          0          0       5204   stm32f4xx_hal_gpio.o
        56          4          0          0          0       1446   stm32f4xx_hal_msp.o
      1258         48          0          0          0       7676   stm32f4xx_hal_rcc.o
      1992         36          0          0          0      25722   stm32f4xx_hal_uart.o
        56         12          0          0          0       4250   stm32f4xx_it.o
        16          4         24          4          0       2565   system_stm32f4xx.o
        28          4          0          0          0      14470   time.o
       288         20          0          0        264       7117   usart.o

    ----------------------------------------------------------------------
      9262        672        734       2472       3376     151449   Object Totals
         0          0         32          0          0          0   (incl. Generated)
        22          0          2          0         10          0   (incl. Padding)

    ----------------------------------------------------------------------

      Code (inc. data)   RO Data    RW Data    ZI Data      Debug   Library Member Name

        58          0          0          0          0          0   __dczerorl.o
         8          0          0          0          0         68   __main.o
         0          0          0          0          0          0   __rtentry.o
        12          0          0          0          0          0   __rtentry2.o
         6          0          0          0          0          0   __rtentry4.o
        94          8          0          0          0          0   __scatter.o
        28          0          0          0          0          0   __scatter_zi.o
        10          0          0          0          0         68   defsig_exit.o
        50          0          0          0          0         88   defsig_general.o
        80         58          0          0          0         76   defsig_rtmem_inner.o
        14          0          0          0          0         80   defsig_rtmem_outer.o
        18          0          0          0          0         80   exit.o
        94          0          0          0          0         80   h1_alloc.o
        52          0          0          0          0         68   h1_extend.o
        78          0          0          0          0         80   h1_free.o
        12          0          0          0          0         84   h1_init.o
       196          0          0          0          0         92   h1_realloc.o
         6          0          0          0          0        152   heapauxi.o
         4          0          0          0          0        136   hguard.o
         0          0          0          0          0          0   indicate_semi.o
       138          0          0          0          0        168   init_alloc.o
         2          0          0          0          0          0   libinit.o
        14          0          0          0          0          0   libinit2.o
         2          0          0          0          0          0   libshutdown.o
         2          0          0          0          0          0   libshutdown2.o
         8          4          0          0         96         68   libspace.o
       240          0          0          0          0        100   lludivv7m.o
         0          0          0          0          0          0   maybetermalloc1.o
         8          4          0          0          0         68   rt_heap_descriptor_intlibspace.o
        78          0          0          0          0         80   rt_memclr_w.o
       138          0          0          0          0         68   rt_memcpy_v6.o
       100          0          0          0          0         80   rt_memcpy_w.o
         2          0          0          0          0          0   rtexit.o
        10          0          0          0          0          0   rtexit2.o
        62          0          0          0          0         76   strlen.o
        12          4          0          0          0         68   sys_exit.o
        74          0          0          0          0         80   sys_stackheap_outer.o
        14          0          0          0          0         76   sys_wrch.o
         2          0          0          0          0         68   use_no_semi.o
        26          0          0          0          0        116   fpinit.o

    ----------------------------------------------------------------------
      1760         78          0          0         96       2268   Library Totals
         8          0          0          0          0          0   (incl. Padding)

    ----------------------------------------------------------------------

      Code (inc. data)   RO Data    RW Data    ZI Data      Debug   Library Name

      1726         78          0          0         96       2152   c_w.l
        26          0          0          0          0        116   fz_wm.l

    ----------------------------------------------------------------------
      1760         78          0          0         96       2268   Library Totals

    ----------------------------------------------------------------------

==============================================================================


      Code (inc. data)   RO Data    RW Data    ZI Data      Debug   

     11022        750        734       2472       3472     152361   Grand Totals
     11022        750        734         80       3472     152361   ELF Image Totals (compressed)
     11022        750        734         80          0          0   ROM Totals

==============================================================================

    Total RO  Size (Code + RO Data)                11756 (  11.48kB)
    Total RW  Size (RW Data + ZI Data)              5944 (   5.80kB)
    Total ROM Size (Code + RO Data + RW Data)      11836 (  11.56kB)

==============================================================================

