Component: Arm Compiler for Embedded 6.22 Tool: armlink [5ee90200]

==============================================================================

Section Cross References

    startup_stm32f407xx.o(STACK) refers (Special) to heapauxi.o(.text) for __use_two_region_memory
    startup_stm32f407xx.o(HEAP) refers (Special) to heapauxi.o(.text) for __use_two_region_memory
    startup_stm32f407xx.o(RESET) refers (Special) to heapauxi.o(.text) for __use_two_region_memory
    startup_stm32f407xx.o(RESET) refers to startup_stm32f407xx.o(STACK) for __initial_sp
    startup_stm32f407xx.o(RESET) refers to startup_stm32f407xx.o(.text) for Reset_Handler
    startup_stm32f407xx.o(RESET) refers to stm32f4xx_it.o(.text.NMI_Handler) for NMI_Handler
    startup_stm32f407xx.o(RESET) refers to stm32f4xx_it.o(.text.HardFault_Handler) for HardFault_Handler
    startup_stm32f407xx.o(RESET) refers to stm32f4xx_it.o(.text.MemManage_Handler) for MemManage_Handler
    startup_stm32f407xx.o(RESET) refers to stm32f4xx_it.o(.text.BusFault_Handler) for BusFault_Handler
    startup_stm32f407xx.o(RESET) refers to stm32f4xx_it.o(.text.UsageFault_Handler) for UsageFault_Handler
    startup_stm32f407xx.o(RESET) refers to stm32f4xx_it.o(.text.SVC_Handler) for SVC_Handler
    startup_stm32f407xx.o(RESET) refers to stm32f4xx_it.o(.text.DebugMon_Handler) for DebugMon_Handler
    startup_stm32f407xx.o(RESET) refers to stm32f4xx_it.o(.text.PendSV_Handler) for PendSV_Handler
    startup_stm32f407xx.o(RESET) refers to stm32f4xx_it.o(.text.SysTick_Handler) for SysTick_Handler
    startup_stm32f407xx.o(RESET) refers to stm32f4xx_it.o(.text.DMA1_Stream1_IRQHandler) for DMA1_Stream1_IRQHandler
    startup_stm32f407xx.o(RESET) refers to stm32f4xx_it.o(.text.DMA1_Stream3_IRQHandler) for DMA1_Stream3_IRQHandler
    startup_stm32f407xx.o(RESET) refers to stm32f4xx_it.o(.text.TIM3_IRQHandler) for TIM3_IRQHandler
    startup_stm32f407xx.o(RESET) refers to stm32f4xx_it.o(.text.USART1_IRQHandler) for USART1_IRQHandler
    startup_stm32f407xx.o(RESET) refers to stm32f4xx_it.o(.text.USART3_IRQHandler) for USART3_IRQHandler
    startup_stm32f407xx.o(RESET) refers to stm32f4xx_it.o(.text.TIM6_DAC_IRQHandler) for TIM6_DAC_IRQHandler
    startup_stm32f407xx.o(.text) refers (Special) to heapauxi.o(.text) for __use_two_region_memory
    startup_stm32f407xx.o(.text) refers to system_stm32f4xx.o(.text.SystemInit) for SystemInit
    startup_stm32f407xx.o(.text) refers to __main.o(!!!main) for __main
    startup_stm32f407xx.o(.text) refers to startup_stm32f407xx.o(HEAP) for Heap_Mem
    startup_stm32f407xx.o(.text) refers to startup_stm32f407xx.o(STACK) for Stack_Mem
    duration.o(.ARM.exidx.text._ZN3ros22normalizeSecNSecSignedERiS0_) refers to duration.o(.text._ZN3ros22normalizeSecNSecSignedERiS0_) for [Anonymous Symbol]
    duration.o(.ARM.exidx.text._ZN3ros8DurationpLERKS0_) refers to duration.o(.text._ZN3ros8DurationpLERKS0_) for [Anonymous Symbol]
    duration.o(.ARM.exidx.text._ZN3ros8DurationmIERKS0_) refers to duration.o(.text._ZN3ros8DurationmIERKS0_) for [Anonymous Symbol]
    duration.o(.text._ZN3ros8DurationmLEd) refers to dflt_clz.o(x$fpl$dflt) for __aeabi_i2d
    duration.o(.text._ZN3ros8DurationmLEd) refers to dmul.o(x$fpl$dmul) for __aeabi_dmul
    duration.o(.text._ZN3ros8DurationmLEd) refers to dfix.o(x$fpl$dfix) for __aeabi_d2iz
    duration.o(.ARM.exidx.text._ZN3ros8DurationmLEd) refers to duration.o(.text._ZN3ros8DurationmLEd) for [Anonymous Symbol]
    time.o(.ARM.exidx.text._ZN3ros16normalizeSecNSecERjS0_) refers to time.o(.text._ZN3ros16normalizeSecNSecERjS0_) for [Anonymous Symbol]
    time.o(.ARM.exidx.text._ZN3ros4Time8fromNSecEi) refers to time.o(.text._ZN3ros4Time8fromNSecEi) for [Anonymous Symbol]
    time.o(.ARM.exidx.text._ZN3ros4TimepLERKNS_8DurationE) refers to time.o(.text._ZN3ros4TimepLERKNS_8DurationE) for [Anonymous Symbol]
    time.o(.ARM.exidx.text._ZN3ros4TimemIERKNS_8DurationE) refers to time.o(.text._ZN3ros4TimemIERKNS_8DurationE) for [Anonymous Symbol]
    time.o(.text._ZNK3ros4TimemiERKS0_) refers to duration.o(.text._ZN3ros22normalizeSecNSecSignedERiS0_) for ros::normalizeSecNSecSigned(int&, int&)
    time.o(.ARM.exidx.text._ZNK3ros4TimemiERKS0_) refers to time.o(.text._ZNK3ros4TimemiERKS0_) for [Anonymous Symbol]
    mainpp.o(.ARM.exidx.text.rosserial_idle_cb) refers to mainpp.o(.text.rosserial_idle_cb) for [Anonymous Symbol]
    mainpp.o(.text._Z10cmd_vel_cbRKN13geometry_msgs5TwistE) refers to d2f.o(x$fpl$d2f) for __aeabi_d2f
    mainpp.o(.text._Z10cmd_vel_cbRKN13geometry_msgs5TwistE) refers to mainpp.o(.bss..L_MergedGlobals.40) for .L_MergedGlobals.40
    mainpp.o(.ARM.exidx.text._Z10cmd_vel_cbRKN13geometry_msgs5TwistE) refers to mainpp.o(.text._Z10cmd_vel_cbRKN13geometry_msgs5TwistE) for [Anonymous Symbol]
    mainpp.o(.text._Z16position_cb_leftRKN8std_msgs7Float32E) refers to control.o(.text.Control_Set_Target_Position_Left) for Control_Set_Target_Position_Left
[...]
    RCC_IRQHandler                           0x080002b7   Thumb Code     0  startup_stm32f407xx.o(.text)
    RTC_Alarm_IRQHandler                     0x080002b7   Thumb Code     0  startup_stm32f407xx.o(.text)
    RTC_WKUP_IRQHandler                      0x080002b7   Thumb Code     0  startup_stm32f407xx.o(.text)
    SDIO_IRQHandler                          0x080002b7   Thumb Code     0  startup_stm32f407xx.o(.text)
    SPI1_IRQHandler                          0x080002b7   Thumb Code     0  startup_stm32f407xx.o(.text)
    SPI2_IRQHandler                          0x080002b7   Thumb Code     0  startup_stm32f407xx.o(.text)
    SPI3_IRQHandler                          0x080002b7   Thumb Code     0  startup_stm32f407xx.o(.text)
    TAMP_STAMP_IRQHandler                    0x080002b7   Thumb Code     0  startup_stm32f407xx.o(.text)
    TIM1_BRK_TIM9_IRQHandler                 0x080002b7   Thumb Code     0  startup_stm32f407xx.o(.text)
    TIM1_CC_IRQHandler                       0x080002b7   Thumb Code     0  startup_stm32f407xx.o(.text)
    TIM1_TRG_COM_TIM11_IRQHandler            0x080002b7   Thumb Code     0  startup_stm32f407xx.o(.text)
    TIM1_UP_TIM10_IRQHandler                 0x080002b7   Thumb Code     0  startup_stm32f407xx.o(.text)
    TIM2_IRQHandler                          0x080002b7   Thumb Code     0  startup_stm32f407xx.o(.text)
    TIM4_IRQHandler                          0x080002b7   Thumb Code     0  startup_stm32f407xx.o(.text)
    TIM5_IRQHandler                          0x080002b7   Thumb Code     0  startup_stm32f407xx.o(.text)
    TIM7_IRQHandler                          0x080002b7   Thumb Code     0  startup_stm32f407xx.o(.text)
    TIM8_BRK_TIM12_IRQHandler                0x080002b7   Thumb Code     0  startup_stm32f407xx.o(.text)
    TIM8_CC_IRQHandler                       0x080002b7   Thumb Code     0  startup_stm32f407xx.o(.text)
    TIM8_TRG_COM_TIM14_IRQHandler            0x080002b7   Thumb Code     0  startup_stm32f407xx.o(.text)
    TIM8_UP_TIM13_IRQHandler                 0x080002b7   Thumb Code     0  startup_stm32f407xx.o(.text)
    UART4_IRQHandler                         0x080002b7   Thumb Code     0  startup_stm32f407xx.o(.text)
    UART5_IRQHandler                         0x080002b7   Thumb Code     0  startup_stm32f407xx.o(.text)
    USART2_IRQHandler                        0x080002b7   Thumb Code     0  startup_stm32f407xx.o(.text)
    USART6_IRQHandler                        0x080002b7   Thumb Code     0  startup_stm32f407xx.o(.text)
    WWDG_IRQHandler                          0x080002b7   Thumb Code     0  startup_stm32f407xx.o(.text)
    __user_initial_stackheap                 0x080002b9   Thumb Code     0  startup_stm32f407xx.o(.text)
    realloc                                  0x080002dd   Thumb Code   196  h1_realloc.o(.text)
    __aeabi_uldivmod                         0x080003a1   Thumb Code     0  lludivv7m.o(.text)
    _ll_udiv                                 0x080003a1   Thumb Code   240  lludivv7m.o(.text)
    strlen                                   0x08000491   Thumb Code    62  strlen.o(.text)
    __aeabi_memcpy                           0x080004cf   Thumb Code     0  rt_memcpy_v6.o(.text)
    __rt_memcpy                              0x080004cf   Thumb Code   138  rt_memcpy_v6.o(.text)
    _memcpy_lastbytes                        0x08000535   Thumb Code     0  rt_memcpy_v6.o(.text)
    __aeabi_memmove                          0x08000559   Thumb Code     0  rt_memmove_v6.o(.text)
    __rt_memmove                             0x08000559   Thumb Code   132  rt_memmove_v6.o(.text)
    __memmove_lastfew                        0x080005b9   Thumb Code     0  rt_memmove_v6.o(.text)
    __aeabi_memcpy4                          0x080005dd   Thumb Code     0  rt_memcpy_w.o(.text)
    __aeabi_memcpy8                          0x080005dd   Thumb Code     0  rt_memcpy_w.o(.text)
    __rt_memcpy_w                            0x080005dd   Thumb Code   100  rt_memcpy_w.o(.text)
    _memcpy_lastbytes_aligned                0x08000625   Thumb Code     0  rt_memcpy_w.o(.text)
    __aeabi_memclr4                          0x08000641   Thumb Code     0  rt_memclr_w.o(.text)
    __aeabi_memclr8                          0x08000641   Thumb Code     0  rt_memclr_w.o(.text)
    __rt_memclr_w                            0x08000641   Thumb Code     0  rt_memclr_w.o(.text)
    _memset_w                                0x08000645   Thumb Code    74  rt_memclr_w.o(.text)
    __use_two_region_memory                  0x0800068f   Thumb Code     2  heapauxi.o(.text)
    __rt_heap_escrow                         0x08000691   Thumb Code     2  heapauxi.o(.text)
    __rt_heap_expand                         0x08000693   Thumb Code     2  heapauxi.o(.text)
    __rt_heap_descriptor                     0x08000695   Thumb Code     8  rt_heap_descriptor_intlibspace.o(.text)
    __use_no_heap                            0x0800069d   Thumb Code     2  hguard.o(.text)
    __heap$guard                             0x0800069f   Thumb Code     2  hguard.o(.text)
    _terminate_user_alloc                    0x080006a1   Thumb Code     2  init_alloc.o(.text)
    _init_user_alloc                         0x080006a3   Thumb Code     2  init_alloc.o(.text)
    __Heap_Full                              0x080006a5   Thumb Code    34  init_alloc.o(.text)
    __Heap_Broken                            0x080006c7   Thumb Code     6  init_alloc.o(.text)
    _init_alloc                              0x080006cd   Thumb Code    94  init_alloc.o(.text)
    malloc                                   0x0800072b   Thumb Code    94  h1_alloc.o(.text)
    free                                     0x08000789   Thumb Code    78  h1_free.o(.text)
    __read_errno                             0x080007d7   Thumb Code    10  _rserrno.o(.text)
    __set_errno                              0x080007e1   Thumb Code    12  _rserrno.o(.text)
    __aeabi_memmove4                         0x080007ed   Thumb Code     0  rt_memmove_w.o(.text)
    __aeabi_memmove8                         0x080007ed   Thumb Code     0  rt_memmove_w.o(.text)
    __rt_memmove_w                           0x080007ed   Thumb Code   122  rt_memmove_w.o(.text)
    __memmove_aligned                        0x08000813   Thumb Code     0  rt_memmove_w.o(.text)
    __memmove_lastfew_aligned                0x0800084b   Thumb Code     0  rt_memmove_w.o(.text)
    __user_libspace                          0x08000869   Thumb Code     8  libspace.o(.text)
    __user_perproc_libspace                  0x08000869   Thumb Code     0  libspace.o(.text)
    __user_perthread_libspace                0x08000869   Thumb Code     0  libspace.o(.text)
    __aeabi_errno_addr                       0x08000871   Thumb Code     8  rt_errno_addr_intlibspace.o(.text)
    __errno$intlibspace                      0x08000871   Thumb Code     0  rt_errno_addr_intlibspace.o(.text)
    __rt_errno_addr$intlibspace              0x08000871   Thumb Code     0  rt_errno_addr_intlibspace.o(.text)
    __Heap_Initialize                        0x08000879   Thumb Code     8  h1_init.o(.text)
    _maybe_terminate_alloc                   0x08000879   Thumb Code     0  maybetermalloc1.o(.text)
    __Heap_DescSize                          0x08000881   Thumb Code     4  h1_init.o(.text)
    __Heap_ProvideMemory                     0x08000885   Thumb Code    52  h1_extend.o(.text)
    __rt_SIGRTMEM                            0x080008b9   Thumb Code    14  defsig_rtmem_outer.o(.text)
    __user_setup_stackheap                   0x080008c7   Thumb Code    74  sys_stackheap_outer.o(.text)
    exit                                     0x08000911   Thumb Code    18  exit.o(.text)
    __sig_exit                               0x08000923   Thumb Code    10  defsig_exit.o(.text)
    __rt_SIGRTMEM_inner                      0x0800092d   Thumb Code    22  defsig_rtmem_inner.o(.text)
    _sys_exit                                0x0800097d   Thumb Code     8  sys_exit.o(.text)
    __I$use$semihosting                      0x08000989   Thumb Code     0  use_no_semi.o(.text)
    __use_no_semihosting_swi                 0x08000989   Thumb Code     2  use_no_semi.o(.text)
    __default_signal_display                 0x0800098b   Thumb Code    50  defsig_general.o(.text)
    __semihosting_library_function           0x0800098b   Thumb Code     0  indicate_semi.o(.text)
    _ttywrch                                 0x080009bd   Thumb Code    14  sys_wrch.o(.text)
    BusFault_Handler                         0x080009cd   Thumb Code     2  stm32f4xx_it.o(.text.BusFault_Handler)
    Control_Init                             0x080009d1   Thumb Code    96  control.o(.text.Control_Init)
    Control_Loop                             0x08000a41   Thumb Code   464  control.o(.text.Control_Loop)
    DMA1_Stream1_IRQHandler                  0x08000c31   Thumb Code    12  stm32f4xx_it.o(.text.DMA1_Stream1_IRQHandler)
    DMA1_Stream3_IRQHandler                  0x08000c3d   Thumb Code    12  stm32f4xx_it.o(.text.DMA1_Stream3_IRQHandler)
    DebugMon_Handler                         0x08000c49   Thumb Code     2  stm32f4xx_it.o(.text.DebugMon_Handler)
    Encoder_Get_Left                         0x08000c4d   Thumb Code    18  encoder.o(.text.Encoder_Get_Left)
    Encoder_Get_Right                        0x08000c61   Thumb Code    20  encoder.o(.text.Encoder_Get_Right)
    Error_Handler                            0x08000c75   Thumb Code     6  main.o(.text.Error_Handler)
    HAL_DMA_Abort                            0x08000c7d   Thumb Code   142  stm32f4xx_hal_dma.o(.text.HAL_DMA_Abort)
    HAL_DMA_Abort_IT                         0x08000d0d   Thumb Code    36  stm32f4xx_hal_dma.o(.text.HAL_DMA_Abort_IT)
    HAL_DMA_IRQHandler                       0x08000d31   Thumb Code   452  stm32f4xx_hal_dma.o(.text.HAL_DMA_IRQHandler)
    HAL_DMA_Init                             0x08000ef5   Thumb Code   354  stm32f4xx_hal_dma.o(.text.HAL_DMA_Init)
    HAL_DMA_Start_IT                         0x08001059   Thumb Code   162  stm32f4xx_hal_dma.o(.text.HAL_DMA_Start_IT)
    HAL_GPIO_Init                            0x080010fd   Thumb Code   414  stm32f4xx_hal_gpio.o(.text.HAL_GPIO_Init)
    HAL_GPIO_WritePin                        0x0800129d   Thumb Code    10  stm32f4xx_hal_gpio.o(.text.HAL_GPIO_WritePin)
    HAL_GetTick                              0x080012a9   Thumb Code    12  stm32f4xx_hal.o(.text.HAL_GetTick)
    HAL_IncTick                              0x080012b5   Thumb Code    26  stm32f4xx_hal.o(.text.HAL_IncTick)
    HAL_Init                                 0x080012d1   Thumb Code    54  stm32f4xx_hal.o(.text.HAL_Init)
    HAL_InitTick                             0x08001309   Thumb Code    72  stm32f4xx_hal.o(.text.HAL_InitTick)
    HAL_MspInit                              0x08001351   Thumb Code    56  stm32f4xx_hal_msp.o(.text.HAL_MspInit)
    HAL_NVIC_EnableIRQ                       0x08001389   Thumb Code    34  stm32f4xx_hal_cortex.o(.text.HAL_NVIC_EnableIRQ)
    HAL_NVIC_SetPriority                     0x080013ad   Thumb Code    86  stm32f4xx_hal_cortex.o(.text.HAL_NVIC_SetPriority)
    HAL_NVIC_SetPriorityGrouping             0x08001405   Thumb Code    32  stm32f4xx_hal_cortex.o(.text.HAL_NVIC_SetPriorityGrouping)
    HAL_RCC_ClockConfig                      0x08001425   Thumb Code   356  stm32f4xx_hal_rcc.o(.text.HAL_RCC_ClockConfig)
    HAL_RCC_GetPCLK1Freq                     0x08001589   Thumb Code    38  stm32f4xx_hal_rcc.o(.text.HAL_RCC_GetPCLK1Freq)
    HAL_RCC_GetPCLK2Freq                     0x080015b1   Thumb Code    38  stm32f4xx_hal_rcc.o(.text.HAL_RCC_GetPCLK2Freq)
    HAL_RCC_GetSysClockFreq                  0x080015d9   Thumb Code   108  stm32f4xx_hal_rcc.o(.text.HAL_RCC_GetSysClockFreq)
    HAL_RCC_OscConfig                        0x08001645   Thumb Code   940  stm32f4xx_hal_rcc.o(.text.HAL_RCC_OscConfig)
    HAL_SYSTICK_Config                       0x080019f1   Thumb Code    44  stm32f4xx_hal_cortex.o(.text.HAL_SYSTICK_Config)
    HAL_TIMEx_BreakCallback                  0x08001a1d   Thumb Code     2  stm32f4xx_hal_tim_ex.o(.text.HAL_TIMEx_BreakCallback)
    HAL_TIMEx_CommutCallback                 0x08001a21   Thumb Code     2  stm32f4xx_hal_tim_ex.o(.text.HAL_TIMEx_CommutCallback)
    HAL_TIMEx_MasterConfigSynchronization    0x08001a25   Thumb Code   186  stm32f4xx_hal_tim_ex.o(.text.HAL_TIMEx_MasterConfigSynchronization)
    HAL_TIM_Base_Init                        0x08001ae1   Thumb Code    90  stm32f4xx_hal_tim.o(.text.HAL_TIM_Base_Init)
    HAL_TIM_Base_MspInit                     0x08001b3d   Thumb Code    72  tim.o(.text.HAL_TIM_Base_MspInit)
    HAL_TIM_Base_Start_IT                    0x08001b85   Thumb Code   170  stm32f4xx_hal_tim.o(.text.HAL_TIM_Base_Start_IT)
    HAL_TIM_Encoder_Init                     0x08001c31   Thumb Code   178  stm32f4xx_hal_tim.o(.text.HAL_TIM_Encoder_Init)
    HAL_TIM_Encoder_MspInit                  0x08001ce5   Thumb Code   228  tim.o(.text.HAL_TIM_Encoder_MspInit)
    HAL_TIM_Encoder_Start                    0x08001dc9   Thumb Code   188  stm32f4xx_hal_tim.o(.text.HAL_TIM_Encoder_Start)
    HAL_TIM_IC_CaptureCallback               0x08001e85   Thumb Code     2  stm32f4xx_hal_tim.o(.text.HAL_TIM_IC_CaptureCallback)
    HAL_TIM_IRQHandler                       0x08001e89   Thumb Code   334  stm32f4xx_hal_tim.o(.text.HAL_TIM_IRQHandler)
    HAL_TIM_OC_DelayElapsedCallback          0x08001fd9   Thumb Code     2  stm32f4xx_hal_tim.o(.text.HAL_TIM_OC_DelayElapsedCallback)
    HAL_TIM_PWM_ConfigChannel                0x08001fdd   Thumb Code   544  stm32f4xx_hal_tim.o(.text.HAL_TIM_PWM_ConfigChannel)
    HAL_TIM_PWM_Init                         0x080021fd   Thumb Code    90  stm32f4xx_hal_tim.o(.text.HAL_TIM_PWM_Init)
    HAL_TIM_PWM_MspInit                      0x08002259   Thumb Code    72  tim.o(.text.HAL_TIM_PWM_MspInit)
    HAL_TIM_PWM_PulseFinishedCallback        0x080022a1   Thumb Code     2  stm32f4xx_hal_tim.o(.text.HAL_TIM_PWM_PulseFinishedCallback)
    HAL_TIM_PWM_Start                        0x080022a5   Thumb Code   270  stm32f4xx_hal_tim.o(.text.HAL_TIM_PWM_Start)
    HAL_TIM_PeriodElapsedCallback            0x080023b5   Thumb Code    86  main.o(.text.HAL_TIM_PeriodElapsedCallback)
    HAL_TIM_TriggerCallback                  0x0800240d   Thumb Code     2  stm32f4xx_hal_tim.o(.text.HAL_TIM_TriggerCallback)
    HAL_UARTEx_RxEventCallback               0x08002411   Thumb Code     2  stm32f4xx_hal_uart.o(.text.HAL_UARTEx_RxEventCallback)
    HAL_UART_ErrorCallback                   0x08002415   Thumb Code     2  stm32f4xx_hal_uart.o(.text.HAL_UART_ErrorCallback)
    HAL_UART_IRQHandler                      0x08002419   Thumb Code  1428  stm32f4xx_hal_uart.o(.text.HAL_UART_IRQHandler)
    HAL_UART_Init                            0x080029ad   Thumb Code    96  stm32f4xx_hal_uart.o(.text.HAL_UART_Init)
    HAL_UART_MspInit                         0x08002a0d   Thumb Code   366  usart.o(.text.HAL_UART_MspInit)
    HAL_UART_Receive_DMA                     0x08002b7d   Thumb Code   384  stm32f4xx_hal_uart.o(.text.HAL_UART_Receive_DMA)
    HAL_UART_Receive_IT                      0x08002cfd   Thumb Code    84  stm32f4xx_hal_uart.o(.text.HAL_UART_Receive_IT)
    HAL_UART_RxCpltCallback                  0x08002d51   Thumb Code    42  serial.o(.text.HAL_UART_RxCpltCallback)
    HAL_UART_RxHalfCpltCallback              0x08002d7d   Thumb Code     2  stm32f4xx_hal_uart.o(.text.HAL_UART_RxHalfCpltCallback)
    HAL_UART_Transmit                        0x08002d81   Thumb Code   402  stm32f4xx_hal_uart.o(.text.HAL_UART_Transmit)
    HAL_UART_TxCpltCallback                  0x08002f15   Thumb Code     2  serial.o(.text.HAL_UART_TxCpltCallback)
    HardFault_Handler                        0x08002f19   Thumb Code     2  stm32f4xx_it.o(.text.HardFault_Handler)
    Key_Init                                 0x08002f1d   Thumb Code     2  key.o(.text.Key_Init)
    MX_DMA_Init                              0x08002f21   Thumb Code    72  dma.o(.text.MX_DMA_Init)
    MX_GPIO_Init                             0x08002f69   Thumb Code   286  gpio.o(.text.MX_GPIO_Init)
    MX_TIM2_Init                             0x08003089   Thumb Code   100  tim.o(.text.MX_TIM2_Init)
    MX_TIM3_Init                             0x080030ed   Thumb Code   224  tim.o(.text.MX_TIM3_Init)
    MX_TIM4_Init                             0x080031cd   Thumb Code   104  tim.o(.text.MX_TIM4_Init)
    MX_TIM6_Init                             0x08003235   Thumb Code    80  tim.o(.text.MX_TIM6_Init)
    MX_USART1_UART_Init                      0x08003285   Thumb Code    60  usart.o(.text.MX_USART1_UART_Init)
    MX_USART3_UART_Init                      0x080032c1   Thumb Code    60  usart.o(.text.MX_USART3_UART_Init)
    MemManage_Handler                        0x080032fd   Thumb Code     2  stm32f4xx_it.o(.text.MemManage_Handler)
    Motor_Init                               0x08003301   Thumb Code    58  motor.o(.text.Motor_Init)
    Motor_SetSpeed_Left                      0x0800333d   Thumb Code    88  motor.o(.text.Motor_SetSpeed_Left)
    Motor_SetSpeed_Right                     0x08003395   Thumb Code    94  motor.o(.text.Motor_SetSpeed_Right)
    NMI_Handler                              0x080033f5   Thumb Code     2  stm32f4xx_it.o(.text.NMI_Handler)
    PID_Init                                 0x080033f9   Thumb Code    32  pid.o(.text.PID_Init)
    PID_Update                               0x08003419   Thumb Code   136  pid.o(.text.PID_Update)
    PendSV_Handler                           0x080034a5   Thumb Code     2  stm32f4xx_it.o(.text.PendSV_Handler)
    SVC_Handler                              0x080034a9   Thumb Code     2  stm32f4xx_it.o(.text.SVC_Handler)
    Serial_Init                              0x080034ad   Thumb Code    22  serial.o(.text.Serial_Init)
    SysTick_Handler                          0x080034c5   Thumb Code     4  stm32f4xx_it.o(.text.SysTick_Handler)
    SystemClock_Config                       0x080034c9   Thumb Code   172  main.o(.text.SystemClock_Config)
    SystemInit                               0x08003575   Thumb Code    18  system_stm32f4xx.o(.text.SystemInit)
    TIM3_IRQHandler                          0x08003589   Thumb Code    12  stm32f4xx_it.o(.text.TIM3_IRQHandler)
    TIM6_DAC_IRQHandler                      0x08003595   Thumb Code    12  stm32f4xx_it.o(.text.TIM6_DAC_IRQHandler)
    TIM_Base_SetConfig                       0x080035a1   Thumb Code   314  stm32f4xx_hal_tim.o(.text.TIM_Base_SetConfig)
    USART1_IRQHandler                        0x08003bc5   Thumb Code    12  stm32f4xx_it.o(.text.USART1_IRQHandler)
    USART3_IRQHandler                        0x08003bd1   Thumb Code    56  stm32f4xx_it.o(.text.USART3_IRQHandler)
    UsageFault_Handler                       0x08003c09   Thumb Code     2  stm32f4xx_it.o(.text.UsageFault_Handler)
    cmd_vel_cb(geometry_msgs::Twist const&)  0x08003c0d   Thumb Code    48  mainpp.o(.text._Z10cmd_vel_cbRKN13geometry_msgs5TwistE)
    geometry_msgs::Quaternion::deserialize(unsigned char*) 0x08003c3d   Thumb Code    38  mainpp.o(.text._ZN13geometry_msgs10Quaternion11deserializeEPh)
    geometry_msgs::Quaternion::getMD5()      0x08003c65   Thumb Code     4  mainpp.o(.text._ZN13geometry_msgs10Quaternion6getMD5Ev)
    geometry_msgs::Quaternion::getType()     0x08003c8d   Thumb Code     4  mainpp.o(.text._ZN13geometry_msgs10Quaternion7getTypeEv)
    geometry_msgs::TransformStamped::deserialize(unsigned char*) 0x08003cad   Thumb Code   156  mainpp.o(.text._ZN13geometry_msgs16TransformStamped11deserializeEPh)
    geometry_msgs::TransformStamped::getMD5() 0x08003d49   Thumb Code     4  mainpp.o(.text._ZN13geometry_msgs16TransformStamped6getMD5Ev)
    geometry_msgs::TransformStamped::getType() 0x08003d71   Thumb Code     4  mainpp.o(.text._ZN13geometry_msgs16TransformStamped7getTypeEv)
    geometry_msgs::PoseWithCovariance::deserialize(unsigned char*) 0x08003d95   Thumb Code   118  mainpp.o(.text._ZN13geometry_msgs18PoseWithCovariance11deserializeEPh)
    geometry_msgs::PoseWithCovariance::getMD5() 0x08003e0d   Thumb Code     4  mainpp.o(.text._ZN13geometry_msgs18PoseWithCovariance6getMD5Ev)
    geometry_msgs::PoseWithCovariance::getType() 0x08003e35   Thumb Code     4  mainpp.o(.text._ZN13geometry_msgs18PoseWithCovariance7getTypeEv)
    geometry_msgs::TwistWithCovariance::deserialize(unsigned char*) 0x08003e5d   Thumb Code   124  mainpp.o(.text._ZN13geometry_msgs19TwistWithCovariance11deserializeEPh)
    geometry_msgs::TwistWithCovariance::getMD5() 0x08003ed9   Thumb Code     4  mainpp.o(.text._ZN13geometry_msgs19TwistWithCovariance6getMD5Ev)
    geometry_msgs::TwistWithCovariance::getType() 0x08003f01   Thumb Code     4  mainpp.o(.text._ZN13geometry_msgs19TwistWithCovariance7getTypeEv)
    geometry_msgs::Pose::deserialize(unsigned char*) 0x08003f29   Thumb Code    62  mainpp.o(.text._ZN13geometry_msgs4Pose11deserializeEPh)
    geometry_msgs::Pose::getMD5()            0x08003f69   Thumb Code     4  mainpp.o(.text._ZN13geometry_msgs4Pose6getMD5Ev)
    geometry_msgs::Pose::getType()           0x08003f91   Thumb Code     4  mainpp.o(.text._ZN13geometry_msgs4Pose7getTypeEv)
    geometry_msgs::Point::deserialize(unsigned char*) 0x08003fa9   Thumb Code    30  mainpp.o(.text._ZN13geometry_msgs5Point11deserializeEPh)
    geometry_msgs::Point::getMD5()           0x08003fc9   Thumb Code    10  mainpp.o(.text._ZN13geometry_msgs5Point6getMD5Ev)
    geometry_msgs::Point::getType()          0x08003fd5   Thumb Code     4  mainpp.o(.text._ZN13geometry_msgs5Point7getTypeEv)
    geometry_msgs::Twist::deserialize(unsigned char*) 0x08003fed   Thumb Code    54  mainpp.o(.text._ZN13geometry_msgs5Twist11deserializeEPh)
    geometry_msgs::Twist::getMD5()           0x08004025   Thumb Code    10  mainpp.o(.text._ZN13geometry_msgs5Twist6getMD5Ev)
    geometry_msgs::Twist::getType()          0x08004031   Thumb Code    10  mainpp.o(.text._ZN13geometry_msgs5Twist7getTypeEv)
    geometry_msgs::Vector3::deserialize(unsigned char*) 0x0800403d   Thumb Code    30  mainpp.o(.text._ZN13geometry_msgs7Vector311deserializeEPh)
    geometry_msgs::Vector3::getMD5()         0x0800405d   Thumb Code    10  mainpp.o(.text._ZN13geometry_msgs7Vector36getMD5Ev)
    geometry_msgs::Vector3::getType()        0x08004069   Thumb Code     4  mainpp.o(.text._ZN13geometry_msgs7Vector37getTypeEv)
    geometry_msgs::Transform::deserialize(unsigned char*) 0x08004085   Thumb Code    62  mainpp.o(.text._ZN13geometry_msgs9Transform11deserializeEPh)
    geometry_msgs::Transform::getMD5()       0x080040c5   Thumb Code     4  mainpp.o(.text._ZN13geometry_msgs9Transform6getMD5Ev)
    geometry_msgs::Transform::getType()      0x080040ed   Thumb Code     4  mainpp.o(.text._ZN13geometry_msgs9Transform7getTypeEv)
    rosserial_msgs::RequestParamResponse::deserialize(unsigned char*) 0x08004109   Thumb Code   378  mainpp.o(.text._ZN14rosserial_msgs20RequestParamResponse11deserializeEPh)
    rosserial_msgs::RequestParamResponse::getMD5() 0x08004285   Thumb Code     4  mainpp.o(.text._ZN14rosserial_msgs20RequestParamResponse6getMD5Ev)
    rosserial_msgs::RequestParamResponse::getType() 0x080042ad   Thumb Code    10  mainpp.o(.text._ZN14rosserial_msgs20RequestParamResponse7getTypeEv)
    rosserial_msgs::Log::deserialize(unsigned char*) 0x080042b9   Thumb Code    88  mainpp.o(.text._ZN14rosserial_msgs3Log11deserializeEPh)
    rosserial_msgs::Log::getMD5()            0x08004311   Thumb Code     4  mainpp.o(.text._ZN14rosserial_msgs3Log6getMD5Ev)
    rosserial_msgs::Log::getType()           0x08004339   Thumb Code     4  mainpp.o(.text._ZN14rosserial_msgs3Log7getTypeEv)
    rosserial_msgs::TopicInfo::deserialize(unsigned char*) 0x08004351   Thumb Code   386  mainpp.o(.text._ZN14rosserial_msgs9TopicInfo11deserializeEPh)
    rosserial_msgs::TopicInfo::getMD5()      0x080044d5   Thumb Code     4  mainpp.o(.text._ZN14rosserial_msgs9TopicInfo6getMD5Ev)
    rosserial_msgs::TopicInfo::getType()     0x080044fd   Thumb Code     4  mainpp.o(.text._ZN14rosserial_msgs9TopicInfo7getTypeEv)
    tf::tfMessage::deserialize(unsigned char*) 0x0800451d   Thumb Code   282  mainpp.o(.text._ZN2tf9tfMessage11deserializeEPh)
    tf::tfMessage::getMD5()                  0x08004639   Thumb Code     4  mainpp.o(.text._ZN2tf9tfMessage6getMD5Ev)
    tf::tfMessage::getType()                 0x08004661   Thumb Code     4  mainpp.o(.text._ZN2tf9tfMessage7getTypeEv)
    ros::Subscriber<geometry_msgs::Twist, void>::getMsgType() 0x08004675   Thumb Code    10  mainpp.o(.text._ZN3ros10SubscriberIN13geometry_msgs5TwistEvE10getMsgTypeEv)
    ros::Subscriber<geometry_msgs::Twist, void>::getEndpointType() 0x08004681   Thumb Code     4  mainpp.o(.text._ZN3ros10SubscriberIN13geometry_msgs5TwistEvE15getEndpointTypeEv)
    ros::Subscriber<geometry_msgs::Twist, void>::callback(unsigned char*) 0x08004685   Thumb Code    24  mainpp.o(.text._ZN3ros10SubscriberIN13geometry_msgs5TwistEvE8callbackEPh)
    ros::Subscriber<geometry_msgs::Twist, void>::getMsgMD5() 0x0800469d   Thumb Code    10  mainpp.o(.text._ZN3ros10SubscriberIN13geometry_msgs5TwistEvE9getMsgMD5Ev)
    ros::NodeHandle_<STM32Hardware, 25, 25, 1024, 1024>::negotiateTopics() 0x080046a9   Thumb Code   224  mainpp.o(.text._ZN3ros11NodeHandle_I13STM32HardwareLi25ELi25ELi1024ELi1024EE15negotiateTopicsEv)
    ros::NodeHandle_<STM32Hardware, 25, 25, 1024, 1024>::publish(int, ros::Msg const*) 0x08004789   Thumb Code   316  mainpp.o(.text._ZN3ros11NodeHandle_I13STM32HardwareLi25ELi25ELi1024ELi1024EE7publishEiPKNS_3MsgE)
    ros::NodeHandle_<STM32Hardware, 25, 25, 1024, 1024>::spinOnce() 0x08004901   Thumb Code   858  mainpp.o(.text._ZN3ros11NodeHandle_I13STM32HardwareLi25ELi25ELi1024ELi1024EE8spinOnceEv)
    ros::NodeHandle_<STM32Hardware, 25, 25, 1024, 1024>::advertise(ros::Publisher&) 0x08004c5d   Thumb Code   320  mainpp.o(.text._ZN3ros11NodeHandle_I13STM32HardwareLi25ELi25ELi1024ELi1024EE9advertiseERNS_9PublisherE)
    ros::NodeHandle_<STM32Hardware, 25, 25, 1024, 1024>::connected() 0x08004d9d   Thumb Code     6  mainpp.o(.text._ZN3ros11NodeHandle_I13STM32HardwareLi25ELi25ELi1024ELi1024EE9connectedEv)
    ros::NodeHandle_<STM32Hardware, 25, 25, 1024, 1024>::subscribe(ros::Subscriber_&) 0x08004da5   Thumb Code   320  mainpp.o(.text._ZN3ros11NodeHandle_I13STM32HardwareLi25ELi25ELi1024ELi1024EE9subscribeERNS_11Subscriber_E)
    ros::normalizeSecNSec(unsigned int&, unsigned int&) 0x08004ee5   Thumb Code    48  time.o(.text._ZN3ros16normalizeSecNSecERjS0_)
    nav_msgs::Odometry::deserialize(unsigned char*) 0x08004f15   Thumb Code   372  mainpp.o(.text._ZN8nav_msgs8Odometry11deserializeEPh)
    nav_msgs::Odometry::getMD5()             0x08005089   Thumb Code     4  mainpp.o(.text._ZN8nav_msgs8Odometry6getMD5Ev)
    nav_msgs::Odometry::getType()            0x080050b1   Thumb Code     4  mainpp.o(.text._ZN8nav_msgs8Odometry7getTypeEv)
    std_msgs::Time::deserialize(unsigned char*) 0x080050c9   Thumb Code    62  mainpp.o(.text._ZN8std_msgs4Time11deserializeEPh)
    std_msgs::Time::getMD5()                 0x08005109   Thumb Code     4  mainpp.o(.text._ZN8std_msgs4Time6getMD5Ev)
    std_msgs::Time::getType()                0x08005131   Thumb Code     4  mainpp.o(.text._ZN8std_msgs4Time7getTypeEv)
    std_msgs::Header::deserialize(unsigned char*) 0x08005145   Thumb Code   172  mainpp.o(.text._ZN8std_msgs6Header11deserializeEPh)
    std_msgs::Header::getMD5()               0x080051f1   Thumb Code     4  mainpp.o(.text._ZN8std_msgs6Header6getMD5Ev)
    std_msgs::Header::getType()              0x08005219   Thumb Code     4  mainpp.o(.text._ZN8std_msgs6Header7getTypeEv)
    geometry_msgs::Quaternion::serialize(unsigned char*) const 0x0800522d   Thumb Code   164  mainpp.o(.text._ZNK13geometry_msgs10Quaternion9serializeEPh)
    geometry_msgs::TransformStamped::serialize(unsigned char*) const 0x080052d1   Thumb Code   126  mainpp.o(.text._ZNK13geometry_msgs16TransformStamped9serializeEPh)
    geometry_msgs::PoseWithCovariance::serialize(unsigned char*) const 0x08005351   Thumb Code   280  mainpp.o(.text._ZNK13geometry_msgs18PoseWithCovariance9serializeEPh)
    geometry_msgs::TwistWithCovariance::serialize(unsigned char*) const 0x08005469   Thumb Code   280  mainpp.o(.text._ZNK13geometry_msgs19TwistWithCovariance9serializeEPh)
    geometry_msgs::Pose::serialize(unsigned char*) const 0x08005581   Thumb Code   322  mainpp.o(.text._ZNK13geometry_msgs4Pose9serializeEPh)
    geometry_msgs::Point::serialize(unsigned char*) const 0x080056c5   Thumb Code   124  mainpp.o(.text._ZNK13geometry_msgs5Point9serializeEPh)
    geometry_msgs::Twist::serialize(unsigned char*) const 0x08005741   Thumb Code   270  mainpp.o(.text._ZNK13geometry_msgs5Twist9serializeEPh)
    geometry_msgs::Vector3::serialize(unsigned char*) const 0x08005851   Thumb Code   124  mainpp.o(.text._ZNK13geometry_msgs7Vector39serializeEPh)
    geometry_msgs::Transform::serialize(unsigned char*) const 0x080058cd   Thumb Code   322  mainpp.o(.text._ZNK13geometry_msgs9Transform9serializeEPh)
    rosserial_msgs::RequestParamResponse::serialize(unsigned char*) const 0x08005a11   Thumb Code   226  mainpp.o(.text._ZNK14rosserial_msgs20RequestParamResponse9serializeEPh)
    rosserial_msgs::Log::serialize(unsigned char*) const 0x08005af5   Thumb Code    36  mainpp.o(.text._ZNK14rosserial_msgs3Log9serializeEPh)
    rosserial_msgs::TopicInfo::serialize(unsigned char*) const 0x08005b19   Thumb Code   100  mainpp.o(.text._ZNK14rosserial_msgs9TopicInfo9serializeEPh)
    tf::tfMessage::serialize(unsigned char*) const 0x08005b7d   Thumb Code    80  mainpp.o(.text._ZNK2tf9tfMessage9serializeEPh)
    nav_msgs::Odometry::serialize(unsigned char*) const 0x08005bcd   Thumb Code   630  mainpp.o(.text._ZNK8nav_msgs8Odometry9serializeEPh)
    std_msgs::Time::serialize(unsigned char*) const 0x08005e45   Thumb Code    40  mainpp.o(.text._ZNK8std_msgs4Time9serializeEPh)
    std_msgs::Header::serialize(unsigned char*) const 0x08005e6d   Thumb Code    88  mainpp.o(.text._ZNK8std_msgs6Header9serializeEPh)
    loop                                     0x08005ec9   Thumb Code   536  mainpp.o(.text.loop)
    main                                     0x080060f1   Thumb Code    74  main.o(.text.main)
    rosserial_idle_cb                        0x0800613d   Thumb Code     2  mainpp.o(.text.rosserial_idle_cb)
    setup                                    0x08006141   Thumb Code   108  mainpp.o(.text.setup)
    __ARM_fpclassify                         0x080061ad   Thumb Code    48  fpclassify.o(i.__ARM_fpclassify)
    __hardfp_cos                             0x080061e1   Thumb Code   180  cos.o(i.__hardfp_cos)
    __hardfp_sin                             0x080062a9   Thumb Code   180  sin.o(i.__hardfp_sin)
    __ieee754_rem_pio2                       0x08006371   Thumb Code   938  rred.o(i.__ieee754_rem_pio2)
    __kernel_cos                             0x080067a9   Thumb Code   322  cos_i.o(i.__kernel_cos)
    __kernel_poly                            0x08006919   Thumb Code   248  poly.o(i.__kernel_poly)
    __kernel_sin                             0x08006a11   Thumb Code   280  sin_i.o(i.__kernel_sin)
    __mathlib_dbl_infnan                     0x08006b41   Thumb Code    20  dunder.o(i.__mathlib_dbl_infnan)
    __mathlib_dbl_invalid                    0x08006b59   Thumb Code    24  dunder.o(i.__mathlib_dbl_invalid)
    __mathlib_dbl_underflow                  0x08006b79   Thumb Code    24  dunder.o(i.__mathlib_dbl_underflow)
    fabs                                     0x08006b99   Thumb Code    24  fabs.o(i.fabs)
    __aeabi_dneg                             0x08006bb1   Thumb Code     0  basic.o(x$fpl$basic)
    _dneg                                    0x08006bb1   Thumb Code     6  basic.o(x$fpl$basic)
    __aeabi_fneg                             0x08006bb7   Thumb Code     0  basic.o(x$fpl$basic)
    _fneg                                    0x08006bb7   Thumb Code     6  basic.o(x$fpl$basic)
    _dabs                                    0x08006bbd   Thumb Code     6  basic.o(x$fpl$basic)
    _fabs                                    0x08006bc3   Thumb Code     6  basic.o(x$fpl$basic)
    __aeabi_d2f                              0x08006bc9   Thumb Code     0  d2f.o(x$fpl$d2f)
    _d2f                                     0x08006bc9   Thumb Code    98  d2f.o(x$fpl$d2f)
    __aeabi_dadd                             0x08006c2d   Thumb Code     0  daddsub_clz.o(x$fpl$dadd)
    _dadd                                    0x08006c2d   Thumb Code   332  daddsub_clz.o(x$fpl$dadd)
    __aeabi_ddiv                             0x08006d7d   Thumb Code     0  ddiv.o(x$fpl$ddiv)
    _ddiv                                    0x08006d7d   Thumb Code   560  ddiv.o(x$fpl$ddiv)
    __aeabi_d2iz                             0x08007035   Thumb Code     0  dfix.o(x$fpl$dfix)
    _dfix                                    0x08007035   Thumb Code    94  dfix.o(x$fpl$dfix)
    __aeabi_i2d                              0x08007093   Thumb Code     0  dflt_clz.o(x$fpl$dflt)
    _dflt                                    0x08007093   Thumb Code    46  dflt_clz.o(x$fpl$dflt)
    __aeabi_ui2d                             0x080070c1   Thumb Code     0  dflt_clz.o(x$fpl$dfltu)
    _dfltu                                   0x080070c1   Thumb Code    38  dflt_clz.o(x$fpl$dfltu)
    __aeabi_dmul                             0x080070e9   Thumb Code     0  dmul.o(x$fpl$dmul)
    _dmul                                    0x080070e9   Thumb Code   332  dmul.o(x$fpl$dmul)
    __fpl_dnaninf                            0x0800723d   Thumb Code   156  dnaninf.o(x$fpl$dnaninf)
    __fpl_dretinf                            0x080072d9   Thumb Code    12  dretinf.o(x$fpl$dretinf)
    __aeabi_drsub                            0x080072e5   Thumb Code     0  daddsub_clz.o(x$fpl$drsb)
    _drsb                                    0x080072e5   Thumb Code    22  daddsub_clz.o(x$fpl$drsb)
    __aeabi_dsub                             0x080072fd   Thumb Code     0  daddsub_clz.o(x$fpl$dsub)
    _dsub                                    0x080072fd   Thumb Code   472  daddsub_clz.o(x$fpl$dsub)
    __aeabi_f2d                              0x080074d9   Thumb Code     0  f2d.o(x$fpl$f2d)
    _f2d                                     0x080074d9   Thumb Code    86  f2d.o(x$fpl$f2d)
    __fpl_fnaninf                            0x0800752f   Thumb Code   140  fnaninf.o(x$fpl$fnaninf)
    _fp_init                                 0x080075bb   Thumb Code    26  fpinit.o(x$fpl$fpinit)
    __fplib_config_fpu_vfp                   0x080075d3   Thumb Code     0  fpinit.o(x$fpl$fpinit)
    __fplib_config_pureend_doubles           0x080075d3   Thumb Code     0  fpinit.o(x$fpl$fpinit)
    __fpl_fretinf                            0x080075d5   Thumb Code    10  fretinf.o(x$fpl$fretinf)
    __I$use$fp                               0x080075de   Number         0  usenofp.o(x$fpl$usenofp)
    AHBPrescTable                            0x08007708   Data          16  system_stm32f4xx.o(.rodata.AHBPrescTable)
    APBPrescTable                            0x08007718   Data           8  system_stm32f4xx.o(.rodata.APBPrescTable)
    vtable for geometry_msgs::Quaternion     0x0800773c   Data          24  mainpp.o(.rodata._ZTVN13geometry_msgs10QuaternionE)
    vtable for geometry_msgs::TransformStamped 0x08007754   Data          24  mainpp.o(.rodata._ZTVN13geometry_msgs16TransformStampedE)
    vtable for geometry_msgs::PoseWithCovariance 0x0800776c   Data          24  mainpp.o(.rodata._ZTVN13geometry_msgs18PoseWithCovarianceE)
    vtable for geometry_msgs::TwistWithCovariance 0x08007784   Data          24  mainpp.o(.rodata._ZTVN13geometry_msgs19TwistWithCovarianceE)
    vtable for geometry_msgs::Pose           0x0800779c   Data          24  mainpp.o(.rodata._ZTVN13geometry_msgs4PoseE)
    vtable for geometry_msgs::Point          0x080077b4   Data          24  mainpp.o(.rodata._ZTVN13geometry_msgs5PointE)
    vtable for geometry_msgs::Twist          0x080077cc   Data          24  mainpp.o(.rodata._ZTVN13geometry_msgs5TwistE)
    vtable for geometry_msgs::Vector3        0x080077e4   Data          24  mainpp.o(.rodata._ZTVN13geometry_msgs7Vector3E)
    vtable for geometry_msgs::Transform      0x080077fc   Data          24  mainpp.o(.rodata._ZTVN13geometry_msgs9TransformE)
    vtable for rosserial_msgs::RequestParamResponse 0x08007814   Data          24  mainpp.o(.rodata._ZTVN14rosserial_msgs20RequestParamResponseE)
    vtable for rosserial_msgs::Log           0x0800782c   Data          24  mainpp.o(.rodata._ZTVN14rosserial_msgs3LogE)
    vtable for rosserial_msgs::TopicInfo     0x08007844   Data          24  mainpp.o(.rodata._ZTVN14rosserial_msgs9TopicInfoE)
    vtable for tf::tfMessage                 0x0800785c   Data          24  mainpp.o(.rodata._ZTVN2tf9tfMessageE)
    vtable for ros::Subscriber<geometry_msgs::Twist, void> 0x08007874   Data          24  mainpp.o(.rodata._ZTVN3ros10SubscriberIN13geometry_msgs5TwistEvEE)
    vtable for ros::NodeHandle_<STM32Hardware, 25, 25, 1024, 1024> 0x0800788c   Data          20  mainpp.o(.rodata._ZTVN3ros11NodeHandle_I13STM32HardwareLi25ELi25ELi1024ELi1024EEE)
    vtable for nav_msgs::Odometry            0x080078a0   Data          24  mainpp.o(.rodata._ZTVN8nav_msgs8OdometryE)
    vtable for std_msgs::Time                0x080078b8   Data          24  mainpp.o(.rodata._ZTVN8std_msgs4TimeE)
    vtable for std_msgs::Header              0x080078d0   Data          24  mainpp.o(.rodata._ZTVN8std_msgs6HeaderE)
    Region$$Table$$Base                      0x08007958   Number         0  anon$$obj.o(Region$$Table)
    Region$$Table$$Limit                     0x08007978   Number         0  anon$$obj.o(Region$$Table)
    odom                                     0x20000000   Data           6  mainpp.o(.data..L_MergedGlobals)
    base_link                                0x20000006   Data          11  mainpp.o(.data..L_MergedGlobals)
    odom_pub                                 0x20000014   Data          20  mainpp.o(.data..L_MergedGlobals)
    uwTickFreq                               0x20000028   Data           1  stm32f4xx_hal.o(.data..L_MergedGlobals)
    uwTickPrio                               0x2000002c   Data           4  stm32f4xx_hal.o(.data..L_MergedGlobals)
    SystemCoreClock                          0x20000030   Data           4  system_stm32f4xx.o(.data.SystemCoreClock)
    broadcaster                              0x20000038   Data         152  mainpp.o(.data.broadcaster)
    nh                                       0x200000d0   Data        3380  mainpp.o(.data.nh)
    odom_msg                                 0x20000e08   Data         776  mainpp.o(.data.odom_msg)
    odom_trans                               0x20001110   Data         112  mainpp.o(.data.odom_trans)
    sub_cmd_vel                              0x20001180   Data          96  mainpp.o(.data.sub_cmd_vel)
    __libspace_start                         0x200011e0   Data          96  libspace.o(.bss)
    Serial_RxData                            0x20001240   Data           1  serial.o(.bss..L_MergedGlobals)
    __temporary_stack_top$libspace           0x20001240   Data           0  libspace.o(.bss)
    Serial_RxFlag                            0x20001241   Data           1  serial.o(.bss..L_MergedGlobals)
    g_pos_x_cm                               0x20001244   Data           4  control.o(.bss..L_MergedGlobals)
    g_pos_y_cm                               0x20001248   Data           4  control.o(.bss..L_MergedGlobals)
    g_pos_th_rad                             0x2000124c   Data           4  control.o(.bss..L_MergedGlobals)
    g_vel_vx_cmps                            0x20001250   Data           4  control.o(.bss..L_MergedGlobals)
    g_vel_vth_radps                          0x20001254   Data           4  control.o(.bss..L_MergedGlobals)
    pid_speed_left                           0x20001258   Data          44  control.o(.bss..L_MergedGlobals)
    pid_speed_right                          0x20001284   Data          44  control.o(.bss..L_MergedGlobals)
    linear_velocity_x                        0x200012b0   Data           4  mainpp.o(.bss..L_MergedGlobals.40)
    angular_velocity_z                       0x200012b4   Data           4  mainpp.o(.bss..L_MergedGlobals.40)
    hdma_usart3_rx                           0x200012bc   Data          96  usart.o(.bss.hdma_usart3_rx)
    hdma_usart3_tx                           0x2000131c   Data          96  usart.o(.bss.hdma_usart3_tx)
    htim2                                    0x2000137c   Data          72  tim.o(.bss.htim2)
    htim3                                    0x200013c4   Data          72  tim.o(.bss.htim3)
    htim4                                    0x2000140c   Data          72  tim.o(.bss.htim4)
    htim6                                    0x20001454   Data          72  tim.o(.bss.htim6)
    huart1                                   0x2000149c   Data          72  usart.o(.bss.huart1)
    huart3                                   0x200014e4   Data          72  usart.o(.bss.huart3)
    uwTick                                   0x2000152c   Data           4  stm32f4xx_hal.o(.bss.uwTick)



==============================================================================

Memory Map of the image

  Image Entry point : 0x08000189

  Load Region LR_IROM1 (Base: 0x08000000, Size: 0x00008b58, Max: 0x00100000, ABSOLUTE, COMPRESSED[0x00007a58])

    Execution Region ER_IROM1 (Exec base: 0x08000000, Load base: 0x08000000, Size: 0x00007978, Max: 0x00100000, ABSOLUTE)

    Exec Addr    Load Addr    Size         Type   Attr      Idx    E Section Name        Object

    0x08000000   0x08000000   0x00000188   Data   RO            3    RESET               startup_stm32f407xx.o
    0x08000188   0x08000188   0x00000008   Code   RO         1404  * !!!main             c_w.l(__main.o)
    0x08000190   0x08000190   0x0000005c   Code   RO         1897    !!!scatter          c_w.l(__scatter.o)
    0x080001ec   0x080001ec   0x0000005a   Code   RO         1895    !!dczerorl2         c_w.l(__dczerorl2.o)
    0x08000246   0x08000246   0x00000002   PAD
    0x08000248   0x08000248   0x00000002   Code   RO         1898    !!handler_null      c_w.l(__scatter.o)
    0x0800024a   0x0800024a   0x00000002   PAD
    0x0800024c   0x0800024c   0x0000001c   Code   RO         1901    !!handler_zi        c_w.l(__scatter_zi.o)
    0x08000268   0x08000268   0x00000002   Code   RO         1810    .ARM.Collect$$libinit$$00000000  c_w.l(libinit.o)
    0x0800026a   0x0800026a   0x00000004   Code   RO         1685    .ARM.Collect$$libinit$$00000001  c_w.l(libinit2.o)
    0x0800026e   0x0800026e   0x00000000   Code   RO         1688    .ARM.Collect$$libinit$$00000004  c_w.l(libinit2.o)
    0x0800026e   0x0800026e   0x00000000   Code   RO         1690    .ARM.Collect$$libinit$$00000006  c_w.l(libinit2.o)
    0x0800026e   0x0800026e   0x00000008   Code   RO         1691    .ARM.Collect$$libinit$$00000007  c_w.l(libinit2.o)
    0x08000276   0x08000276   0x00000000   Code   RO         1693    .ARM.Collect$$libinit$$0000000C  c_w.l(libinit2.o)
    0x08000276   0x08000276   0x00000000   Code   RO         1695    .ARM.Collect$$libinit$$0000000E  c_w.l(libinit2.o)
    0x08000276   0x08000276   0x00000000   Code   RO         1697    .ARM.Collect$$libinit$$00000010  c_w.l(libinit2.o)
    0x08000276   0x08000276   0x00000000   Code   RO         1700    .ARM.Collect$$libinit$$00000013  c_w.l(libinit2.o)
    0x08000276   0x08000276   0x00000000   Code   RO         1702    .ARM.Collect$$libinit$$00000015  c_w.l(libinit2.o)
    0x08000276   0x08000276   0x00000000   Code   RO         1704    .ARM.Collect$$libinit$$00000017  c_w.l(libinit2.o)
    0x08000276   0x08000276   0x00000000   Code   RO         1706    .ARM.Collect$$libinit$$00000019  c_w.l(libinit2.o)
    0x08000276   0x08000276   0x00000000   Code   RO         1708    .ARM.Collect$$libinit$$0000001B  c_w.l(libinit2.o)
    0x08000276   0x08000276   0x00000000   Code   RO         1710    .ARM.Collect$$libinit$$0000001D  c_w.l(libinit2.o)
    0x08000276   0x08000276   0x00000000   Code   RO         1712    .ARM.Collect$$libinit$$0000001F  c_w.l(libinit2.o)
    0x08000276   0x08000276   0x00000000   Code   RO         1714    .ARM.Collect$$libinit$$00000021  c_w.l(libinit2.o)
    0x08000276   0x08000276   0x00000000   Code   RO         1716    .ARM.Collect$$libinit$$00000023  c_w.l(libinit2.o)
    0x08000276   0x08000276   0x00000000   Code   RO         1718    .ARM.Collect$$libinit$$00000025  c_w.l(libinit2.o)
    0x08000276   0x08000276   0x00000000   Code   RO         1720    .ARM.Collect$$libinit$$00000027  c_w.l(libinit2.o)
    0x08000276   0x08000276   0x00000000   Code   RO         1724    .ARM.Collect$$libinit$$0000002E  c_w.l(libinit2.o)
    0x08000276   0x08000276   0x00000000   Code   RO         1726    .ARM.Collect$$libinit$$00000030  c_w.l(libinit2.o)
    0x08000276   0x08000276   0x00000000   Code   RO         1728    .ARM.Collect$$libinit$$00000032  c_w.l(libinit2.o)
    0x08000276   0x08000276   0x00000000   Code   RO         1730    .ARM.Collect$$libinit$$00000034  c_w.l(libinit2.o)
    0x08000276   0x08000276   0x00000002   Code   RO         1731    .ARM.Collect$$libinit$$00000035  c_w.l(libinit2.o)
    0x08000278   0x08000278   0x00000002   Code   RO         1892    .ARM.Collect$$libshutdown$$00000000  c_w.l(libshutdown.o)
    0x0800027a   0x0800027a   0x00000000   Code   RO         1846    .ARM.Collect$$libshutdown$$00000002  c_w.l(libshutdown2.o)
    0x0800027a   0x0800027a   0x00000000   Code   RO         1848    .ARM.Collect$$libshutdown$$00000004  c_w.l(libshutdown2.o)
    0x0800027a   0x0800027a   0x00000000   Code   RO         1851    .ARM.Collect$$libshutdown$$00000007  c_w.l(libshutdown2.o)
    0x0800027a   0x0800027a   0x00000000   Code   RO         1854    .ARM.Collect$$libshutdown$$0000000A  c_w.l(libshutdown2.o)
    0x0800027a   0x0800027a   0x00000000   Code   RO         1856    .ARM.Collect$$libshutdown$$0000000C  c_w.l(libshutdown2.o)
    0x0800027a   0x0800027a   0x00000000   Code   RO         1859    .ARM.Collect$$libshutdown$$0000000F  c_w.l(libshutdown2.o)
    0x0800027a   0x0800027a   0x00000002   Code   RO         1860    .ARM.Collect$$libshutdown$$00000010  c_w.l(libshutdown2.o)
    0x0800027c   0x0800027c   0x00000000   Code   RO         1446    .ARM.Collect$$rtentry$$00000000  c_w.l(__rtentry.o)
    0x0800027c   0x0800027c   0x00000000   Code   RO         1625    .ARM.Collect$$rtentry$$00000002  c_w.l(__rtentry2.o)
    0x0800027c   0x0800027c   0x00000006   Code   RO         1637    .ARM.Collect$$rtentry$$00000004  c_w.l(__rtentry4.o)
    0x08000282   0x08000282   0x00000000   Code   RO         1627    .ARM.Collect$$rtentry$$00000009  c_w.l(__rtentry2.o)
    0x08000282   0x08000282   0x00000004   Code   RO         1628    .ARM.Collect$$rtentry$$0000000A  c_w.l(__rtentry2.o)
    0x08000286   0x08000286   0x00000000   Code   RO         1630    .ARM.Collect$$rtentry$$0000000C  c_w.l(__rtentry2.o)
    0x08000286   0x08000286   0x00000008   Code   RO         1631    .ARM.Collect$$rtentry$$0000000D  c_w.l(__rtentry2.o)
    0x0800028e   0x0800028e   0x00000002   Code   RO         1822    .ARM.Collect$$rtexit$$00000000  c_w.l(rtexit.o)
    0x08000290   0x08000290   0x00000000   Code   RO         1866    .ARM.Collect$$rtexit$$00000002  c_w.l(rtexit2.o)
    0x08000290   0x08000290   0x00000004   Code   RO         1867    .ARM.Collect$$rtexit$$00000003  c_w.l(rtexit2.o)
    0x08000294   0x08000294   0x00000006   Code   RO         1868    .ARM.Collect$$rtexit$$00000004  c_w.l(rtexit2.o)
    0x0800029a   0x0800029a   0x00000002   PAD
    0x0800029c   0x0800029c   0x00000040   Code   RO            4    .text               startup_stm32f407xx.o
    0x080002dc   0x080002dc   0x000000c4   Code   RO         1334    .text               c_w.l(h1_realloc.o)
    0x080003a0   0x080003a0   0x000000f0   Code   RO         1388    .text               c_w.l(lludivv7m.o)
    0x08000490   0x08000490   0x0000003e   Code   RO         1392    .text               c_w.l(strlen.o)
    0x080004ce   0x080004ce   0x0000008a   Code   RO         1394    .text               c_w.l(rt_memcpy_v6.o)
    0x08000558   0x08000558   0x00000084   Code   RO         1396    .text               c_w.l(rt_memmove_v6.o)
    0x080005dc   0x080005dc   0x00000064   Code   RO         1398    .text               c_w.l(rt_memcpy_w.o)
    0x08000640   0x08000640   0x0000004e   Code   RO         1400    .text               c_w.l(rt_memclr_w.o)
    0x0800068e   0x0800068e   0x00000006   Code   RO         1402    .text               c_w.l(heapauxi.o)
    0x08000694   0x08000694   0x00000008   Code   RO         1454    .text               c_w.l(rt_heap_descriptor_intlibspace.o)
    0x0800069c   0x0800069c   0x00000004   Code   RO         1456    .text               c_w.l(hguard.o)
    0x080006a0   0x080006a0   0x0000008a   Code   RO         1458    .text               c_w.l(init_alloc.o)
    0x0800072a   0x0800072a   0x0000005e   Code   RO         1466    .text               c_w.l(h1_alloc.o)
    0x08000788   0x08000788   0x0000004e   Code   RO         1468    .text               c_w.l(h1_free.o)
    0x080007d6   0x080007d6   0x00000016   Code   RO         1482    .text               c_w.l(_rserrno.o)
    0x080007ec   0x080007ec   0x0000007a   Code   RO         1575    .text               c_w.l(rt_memmove_w.o)
    0x08000866   0x08000866   0x00000002   PAD
    0x08000868   0x08000868   0x00000008   Code   RO         1621    .text               c_w.l(libspace.o)
    0x08000870   0x08000870   0x00000008   Code   RO         1644    .text               c_w.l(rt_errno_addr_intlibspace.o)
    0x08000878   0x08000878   0x00000000   Code   RO         1646    .text               c_w.l(maybetermalloc1.o)
    0x08000878   0x08000878   0x0000000c   Code   RO         1648    .text               c_w.l(h1_init.o)
    0x08000884   0x08000884   0x00000034   Code   RO         1650    .text               c_w.l(h1_extend.o)
    0x080008b8   0x080008b8   0x0000000e   Code   RO         1676    .text               c_w.l(defsig_rtmem_outer.o)
    0x080008c6   0x080008c6   0x0000004a   Code   RO         1746    .text               c_w.l(sys_stackheap_outer.o)
    0x08000910   0x08000910   0x00000012   Code   RO         1793    .text               c_w.l(exit.o)
    0x08000922   0x08000922   0x0000000a   Code   RO         1795    .text               c_w.l(defsig_exit.o)
    0x0800092c   0x0800092c   0x00000050   Code   RO         1801    .text               c_w.l(defsig_rtmem_inner.o)
    0x0800097c   0x0800097c   0x0000000c   Code   RO         1815    .text               c_w.l(sys_exit.o)
    0x08000988   0x08000988   0x00000002   Code   RO         1819    .text               c_w.l(use_no_semi.o)
    0x0800098a   0x0800098a   0x00000000   Code   RO         1821    .text               c_w.l(indicate_semi.o)
    0x0800098a   0x0800098a   0x00000032   Code   RO         1835    .text               c_w.l(defsig_general.o)
    0x080009bc   0x080009bc   0x0000000e   Code   RO         1861    .text               c_w.l(sys_wrch.o)
    0x080009ca   0x080009ca   0x00000002   PAD
    0x080009cc   0x080009cc   0x00000002   Code   RO          451    .text.BusFault_Handler  stm32f4xx_it.o
    0x080009ce   0x080009ce   0x00000002   PAD
    0x080009d0   0x080009d0   0x00000070   Code   RO          320    .text.Control_Init  control.o
    0x08000a40   0x08000a40   0x000001f0   Code   RO          322    .text.Control_Loop  control.o
    0x08000c30   0x08000c30   0x0000000c   Code   RO          463    .text.DMA1_Stream1_IRQHandler  stm32f4xx_it.o
    0x08000c3c   0x08000c3c   0x0000000c   Code   RO          465    .text.DMA1_Stream3_IRQHandler  stm32f4xx_it.o
    0x08000c48   0x08000c48   0x00000002   Code   RO          457    .text.DebugMon_Handler  stm32f4xx_it.o
    0x08000c4a   0x08000c4a   0x00000002   PAD
    0x08000c4c   0x08000c4c   0x00000012   Code   RO          302    .text.Encoder_Get_Left  encoder.o
    0x08000c5e   0x08000c5e   0x00000002   PAD
    0x08000c60   0x08000c60   0x00000014   Code   RO          300    .text.Encoder_Get_Right  encoder.o
    0x08000c74   0x08000c74   0x00000006   Code   RO          355    .text.Error_Handler  main.o
    0x08000c7a   0x08000c7a   0x00000002   PAD
    0x08000c7c   0x08000c7c   0x0000008e   Code   RO          965    .text.HAL_DMA_Abort  stm32f4xx_hal_dma.o
    0x08000d0a   0x08000d0a   0x00000002   PAD
    0x08000d0c   0x08000d0c   0x00000024   Code   RO          967    .text.HAL_DMA_Abort_IT  stm32f4xx_hal_dma.o
    0x08000d30   0x08000d30   0x000001c4   Code   RO          971    .text.HAL_DMA_IRQHandler  stm32f4xx_hal_dma.o
    0x08000ef4   0x08000ef4   0x00000162   Code   RO          957    .text.HAL_DMA_Init  stm32f4xx_hal_dma.o
    0x08001056   0x08001056   0x00000002   PAD
    0x08001058   0x08001058   0x000000a2   Code   RO          963    .text.HAL_DMA_Start_IT  stm32f4xx_hal_dma.o
    0x080010fa   0x080010fa   0x00000002   PAD
    0x080010fc   0x080010fc   0x0000019e   Code   RO          919    .text.HAL_GPIO_Init  stm32f4xx_hal_gpio.o
    0x0800129a   0x0800129a   0x00000002   PAD
    0x0800129c   0x0800129c   0x0000000a   Code   RO          925    .text.HAL_GPIO_WritePin  stm32f4xx_hal_gpio.o
    0x080012a6   0x080012a6   0x00000002   PAD
    0x080012a8   0x080012a8   0x0000000c   Code   RO         1116    .text.HAL_GetTick   stm32f4xx_hal.o
    0x080012b4   0x080012b4   0x0000001a   Code   RO         1114    .text.HAL_IncTick   stm32f4xx_hal.o
    0x080012ce   0x080012ce   0x00000002   PAD
    0x080012d0   0x080012d0   0x00000036   Code   RO         1104    .text.HAL_Init      stm32f4xx_hal.o
    0x08001306   0x08001306   0x00000002   PAD
    0x08001308   0x08001308   0x00000048   Code   RO         1106    .text.HAL_InitTick  stm32f4xx_hal.o
    0x08001350   0x08001350   0x00000038   Code   RO          482    .text.HAL_MspInit   stm32f4xx_hal_msp.o
    0x08001388   0x08001388   0x00000022   Code   RO         1056    .text.HAL_NVIC_EnableIRQ  stm32f4xx_hal_cortex.o
    0x080013aa   0x080013aa   0x00000002   PAD
    0x080013ac   0x080013ac   0x00000056   Code   RO         1054    .text.HAL_NVIC_SetPriority  stm32f4xx_hal_cortex.o
    0x08001402   0x08001402   0x00000002   PAD
    0x08001404   0x08001404   0x00000020   Code   RO         1052    .text.HAL_NVIC_SetPriorityGrouping  stm32f4xx_hal_cortex.o
    0x08001424   0x08001424   0x00000164   Code   RO          813    .text.HAL_RCC_ClockConfig  stm32f4xx_hal_rcc.o
    0x08001588   0x08001588   0x00000026   Code   RO          825    .text.HAL_RCC_GetPCLK1Freq  stm32f4xx_hal_rcc.o
    0x080015ae   0x080015ae   0x00000002   PAD
    0x080015b0   0x080015b0   0x00000026   Code   RO          827    .text.HAL_RCC_GetPCLK2Freq  stm32f4xx_hal_rcc.o
    0x080015d6   0x080015d6   0x00000002   PAD
    0x080015d8   0x080015d8   0x0000006c   Code   RO          815    .text.HAL_RCC_GetSysClockFreq  stm32f4xx_hal_rcc.o
    0x08001644   0x08001644   0x000003ac   Code   RO          811    .text.HAL_RCC_OscConfig  stm32f4xx_hal_rcc.o
    0x080019f0   0x080019f0   0x0000002c   Code   RO         1064    .text.HAL_SYSTICK_Config  stm32f4xx_hal_cortex.o
    0x08001a1c   0x08001a1c   0x00000002   Code   RO          795    .text.HAL_TIMEx_BreakCallback  stm32f4xx_hal_tim_ex.o
    0x08001a1e   0x08001a1e   0x00000002   PAD
    0x08001a20   0x08001a20   0x00000002   Code   RO          791    .text.HAL_TIMEx_CommutCallback  stm32f4xx_hal_tim_ex.o
    0x08001a22   0x08001a22   0x00000002   PAD
    0x08001a24   0x08001a24   0x000000ba   Code   RO          785    .text.HAL_TIMEx_MasterConfigSynchronization  stm32f4xx_hal_tim_ex.o
    0x08001ade   0x08001ade   0x00000002   PAD
    0x08001ae0   0x08001ae0   0x0000005a   Code   RO          490    .text.HAL_TIM_Base_Init  stm32f4xx_hal_tim.o
    0x08001b3a   0x08001b3a   0x00000002   PAD
    0x08001b3c   0x08001b3c   0x00000048   Code   RO          405    .text.HAL_TIM_Base_MspInit  tim.o
    0x08001b84   0x08001b84   0x000000aa   Code   RO          504    .text.HAL_TIM_Base_Start_IT  stm32f4xx_hal_tim.o
    0x08001c2e   0x08001c2e   0x00000002   PAD
    0x08001c30   0x08001c30   0x000000b2   Code   RO          604    .text.HAL_TIM_Encoder_Init  stm32f4xx_hal_tim.o
    0x08001ce2   0x08001ce2   0x00000002   PAD
    0x08001ce4   0x08001ce4   0x000000e4   Code   RO          401    .text.HAL_TIM_Encoder_MspInit  tim.o
    0x08001dc8   0x08001dc8   0x000000bc   Code   RO          612    .text.HAL_TIM_Encoder_Start  stm32f4xx_hal_tim.o
    0x08001e84   0x08001e84   0x00000002   Code   RO          626    .text.HAL_TIM_IC_CaptureCallback  stm32f4xx_hal_tim.o
    0x08001e86   0x08001e86   0x00000002   PAD
    0x08001e88   0x08001e88   0x0000014e   Code   RO          624    .text.HAL_TIM_IRQHandler  stm32f4xx_hal_tim.o
    0x08001fd6   0x08001fd6   0x00000002   PAD
    0x08001fd8   0x08001fd8   0x00000002   Code   RO          628    .text.HAL_TIM_OC_DelayElapsedCallback  stm32f4xx_hal_tim.o
    0x08001fda   0x08001fda   0x00000002   PAD
    0x08001fdc   0x08001fdc   0x00000220   Code   RO          644    .text.HAL_TIM_PWM_ConfigChannel  stm32f4xx_hal_tim.o
    0x080021fc   0x080021fc   0x0000005a   Code   RO          544    .text.HAL_TIM_PWM_Init  stm32f4xx_hal_tim.o
    0x08002256   0x08002256   0x00000002   PAD
    0x08002258   0x08002258   0x00000048   Code   RO          403    .text.HAL_TIM_PWM_MspInit  tim.o
    0x080022a0   0x080022a0   0x00000002   Code   RO          630    .text.HAL_TIM_PWM_PulseFinishedCallback  stm32f4xx_hal_tim.o
    0x080022a2   0x080022a2   0x00000002   PAD
    0x080022a4   0x080022a4   0x0000010e   Code   RO          552    .text.HAL_TIM_PWM_Start  stm32f4xx_hal_tim.o
    0x080023b2   0x080023b2   0x00000002   PAD
    0x080023b4   0x080023b4   0x00000056   Code   RO          357    .text.HAL_TIM_PeriodElapsedCallback  main.o
    0x0800240a   0x0800240a   0x00000002   PAD
    0x0800240c   0x0800240c   0x00000002   Code   RO          634    .text.HAL_TIM_TriggerCallback  stm32f4xx_hal_tim.o
    0x0800240e   0x0800240e   0x00000002   PAD
    0x08002410   0x08002410   0x00000002   Code   RO         1280    .text.HAL_UARTEx_RxEventCallback  stm32f4xx_hal_uart.o
    0x08002412   0x08002412   0x00000002   PAD
    0x08002414   0x08002414   0x00000002   Code   RO         1278    .text.HAL_UART_ErrorCallback  stm32f4xx_hal_uart.o
    0x08002416   0x08002416   0x00000002   PAD
    0x08002418   0x08002418   0x00000594   Code   RO         1272    .text.HAL_UART_IRQHandler  stm32f4xx_hal_uart.o
    0x080029ac   0x080029ac   0x00000060   Code   RO         1194    .text.HAL_UART_Init  stm32f4xx_hal_uart.o
    0x08002a0c   0x08002a0c   0x0000016e   Code   RO          429    .text.HAL_UART_MspInit  usart.o
    0x08002b7a   0x08002b7a   0x00000002   PAD
    0x08002b7c   0x08002b7c   0x00000180   Code   RO         1228    .text.HAL_UART_Receive_DMA  stm32f4xx_hal_uart.o
    0x08002cfc   0x08002cfc   0x00000054   Code   RO         1216    .text.HAL_UART_Receive_IT  stm32f4xx_hal_uart.o
    0x08002d50   0x08002d50   0x0000002a   Code   RO          259    .text.HAL_UART_RxCpltCallback  serial.o
    0x08002d7a   0x08002d7a   0x00000002   PAD
    0x08002d7c   0x08002d7c   0x00000002   Code   RO         1288    .text.HAL_UART_RxHalfCpltCallback  stm32f4xx_hal_uart.o
    0x08002d7e   0x08002d7e   0x00000002   PAD
    0x08002d80   0x08002d80   0x00000192   Code   RO         1210    .text.HAL_UART_Transmit  stm32f4xx_hal_uart.o
    0x08002f12   0x08002f12   0x00000002   PAD
    0x08002f14   0x08002f14   0x00000002   Code   RO          261    .text.HAL_UART_TxCpltCallback  serial.o
    0x08002f16   0x08002f16   0x00000002   PAD
    0x08002f18   0x08002f18   0x00000002   Code   RO          447    .text.HardFault_Handler  stm32f4xx_it.o
    0x08002f1a   0x08002f1a   0x00000002   PAD
    0x08002f1c   0x08002f1c   0x00000002   Code   RO          339    .text.Key_Init      key.o
    0x08002f1e   0x08002f1e   0x00000002   PAD
    0x08002f20   0x08002f20   0x00000048   Code   RO          382    .text.MX_DMA_Init   dma.o
    0x08002f68   0x08002f68   0x0000011e   Code   RO          373    .text.MX_GPIO_Init  gpio.o
    0x08003086   0x08003086   0x00000002   PAD
    0x08003088   0x08003088   0x00000064   Code   RO          391    .text.MX_TIM2_Init  tim.o
    0x080030ec   0x080030ec   0x000000e0   Code   RO          393    .text.MX_TIM3_Init  tim.o
    0x080031cc   0x080031cc   0x00000068   Code   RO          397    .text.MX_TIM4_Init  tim.o
    0x08003234   0x08003234   0x00000050   Code   RO          399    .text.MX_TIM6_Init  tim.o
    0x08003284   0x08003284   0x0000003c   Code   RO          425    .text.MX_USART1_UART_Init  usart.o
    0x080032c0   0x080032c0   0x0000003c   Code   RO          427    .text.MX_USART3_UART_Init  usart.o
    0x080032fc   0x080032fc   0x00000002   Code   RO          449    .text.MemManage_Handler  stm32f4xx_it.o
    0x080032fe   0x080032fe   0x00000002   PAD
    0x08003300   0x08003300   0x0000003a   Code   RO          272    .text.Motor_Init    motor.o
    0x0800333a   0x0800333a   0x00000002   PAD
    0x0800333c   0x0800333c   0x00000058   Code   RO          276    .text.Motor_SetSpeed_Left  motor.o
    0x08003394   0x08003394   0x0000005e   Code   RO          274    .text.Motor_SetSpeed_Right  motor.o
    0x080033f2   0x080033f2   0x00000002   PAD
    0x080033f4   0x080033f4   0x00000002   Code   RO          445    .text.NMI_Handler   stm32f4xx_it.o
    0x080033f6   0x080033f6   0x00000002   PAD
    0x080033f8   0x080033f8   0x00000020   Code   RO          286    .text.PID_Init      pid.o
    0x08003418   0x08003418   0x0000008c   Code   RO          290    .text.PID_Update    pid.o
    0x080034a4   0x080034a4   0x00000002   Code   RO          459    .text.PendSV_Handler  stm32f4xx_it.o
    0x080034a6   0x080034a6   0x00000002   PAD
    0x080034a8   0x080034a8   0x00000002   Code   RO          455    .text.SVC_Handler   stm32f4xx_it.o
    0x080034aa   0x080034aa   0x00000002   PAD
    0x080034ac   0x080034ac   0x00000016   Code   RO          241    .text.Serial_Init   serial.o
    0x080034c2   0x080034c2   0x00000002   PAD
    0x080034c4   0x080034c4   0x00000004   Code   RO          461    .text.SysTick_Handler  stm32f4xx_it.o
    0x080034c8   0x080034c8   0x000000ac   Code   RO          353    .text.SystemClock_Config  main.o
    0x08003574   0x08003574   0x00000012   Code   RO         1316    .text.SystemInit    system_stm32f4xx.o
    0x08003586   0x08003586   0x00000002   PAD
    0x08003588   0x08003588   0x0000000c   Code   RO          467    .text.TIM3_IRQHandler  stm32f4xx_it.o
    0x08003594   0x08003594   0x0000000c   Code   RO          473    .text.TIM6_DAC_IRQHandler  stm32f4xx_it.o
    0x080035a0   0x080035a0   0x0000013a   Code   RO          494    .text.TIM_Base_SetConfig  stm32f4xx_hal_tim.o
    0x080036da   0x080036da   0x00000002   PAD
    0x080036dc   0x080036dc   0x0000000a   Code   RO         1276    .text.UART_DMAAbortOnError  stm32f4xx_hal_uart.o
    0x080036e6   0x080036e6   0x00000002   PAD
    0x080036e8   0x080036e8   0x0000017c   Code   RO         1226    .text.UART_DMAError  stm32f4xx_hal_uart.o
    0x08003864   0x08003864   0x0000015e   Code   RO         1304    .text.UART_DMAReceiveCplt  stm32f4xx_hal_uart.o
    0x080039c2   0x080039c2   0x00000002   PAD
    0x080039c4   0x080039c4   0x00000018   Code   RO         1306    .text.UART_DMARxHalfCplt  stm32f4xx_hal_uart.o
    0x080039dc   0x080039dc   0x000000fe   Code   RO         1274    .text.UART_Receive_IT  stm32f4xx_hal_uart.o
    0x08003ada   0x08003ada   0x00000002   PAD
    0x08003adc   0x08003adc   0x000000e6   Code   RO         1198    .text.UART_SetConfig  stm32f4xx_hal_uart.o
    0x08003bc2   0x08003bc2   0x00000002   PAD
    0x08003bc4   0x08003bc4   0x0000000c   Code   RO          469    .text.USART1_IRQHandler  stm32f4xx_it.o
    0x08003bd0   0x08003bd0   0x00000038   Code   RO          471    .text.USART3_IRQHandler  stm32f4xx_it.o
    0x08003c08   0x08003c08   0x00000002   Code   RO          453    .text.UsageFault_Handler  stm32f4xx_it.o
    0x08003c0a   0x08003c0a   0x00000002   PAD
    0x08003c0c   0x08003c0c   0x00000030   Code   RO           47    .text._Z10cmd_vel_cbRKN13geometry_msgs5TwistE  mainpp.o
    0x08003c3c   0x08003c3c   0x00000026   Code   RO          142    .text._ZN13geometry_msgs10Quaternion11deserializeEPh  mainpp.o
    0x08003c62   0x08003c62   0x00000002   PAD
    0x08003c64   0x08003c64   0x00000028   Code   RO          146    .text._ZN13geometry_msgs10Quaternion6getMD5Ev  mainpp.o
    0x08003c8c   0x08003c8c   0x00000020   Code   RO          144    .text._ZN13geometry_msgs10Quaternion7getTypeEv  mainpp.o
    0x08003cac   0x08003cac   0x0000009c   Code   RO          174    .text._ZN13geometry_msgs16TransformStamped11deserializeEPh  mainpp.o
    0x08003d48   0x08003d48   0x00000028   Code   RO          178    .text._ZN13geometry_msgs16TransformStamped6getMD5Ev  mainpp.o
    0x08003d70   0x08003d70   0x00000024   Code   RO          176    .text._ZN13geometry_msgs16TransformStamped7getTypeEv  mainpp.o
    0x08003d94   0x08003d94   0x00000076   Code   RO          118    .text._ZN13geometry_msgs18PoseWithCovariance11deserializeEPh  mainpp.o
    0x08003e0a   0x08003e0a   0x00000002   PAD
    0x08003e0c   0x08003e0c   0x00000028   Code   RO          122    .text._ZN13geometry_msgs18PoseWithCovariance6getMD5Ev  mainpp.o
    0x08003e34   0x08003e34   0x00000028   Code   RO          120    .text._ZN13geometry_msgs18PoseWithCovariance7getTypeEv  mainpp.o
    0x08003e5c   0x08003e5c   0x0000007c   Code   RO          150    .text._ZN13geometry_msgs19TwistWithCovariance11deserializeEPh  mainpp.o
    0x08003ed8   0x08003ed8   0x00000028   Code   RO          154    .text._ZN13geometry_msgs19TwistWithCovariance6getMD5Ev  mainpp.o
    0x08003f00   0x08003f00   0x00000028   Code   RO          152    .text._ZN13geometry_msgs19TwistWithCovariance7getTypeEv  mainpp.o
    0x08003f28   0x08003f28   0x0000003e   Code   RO          126    .text._ZN13geometry_msgs4Pose11deserializeEPh  mainpp.o
    0x08003f66   0x08003f66   0x00000002   PAD
    0x08003f68   0x08003f68   0x00000028   Code   RO          130    .text._ZN13geometry_msgs4Pose6getMD5Ev  mainpp.o
    0x08003f90   0x08003f90   0x00000018   Code   RO          128    .text._ZN13geometry_msgs4Pose7getTypeEv  mainpp.o
    0x08003fa8   0x08003fa8   0x0000001e   Code   RO          134    .text._ZN13geometry_msgs5Point11deserializeEPh  mainpp.o
    0x08003fc6   0x08003fc6   0x00000002   PAD
    0x08003fc8   0x08003fc8   0x0000000a   Code   RO          138    .text._ZN13geometry_msgs5Point6getMD5Ev  mainpp.o
    0x08003fd2   0x08003fd2   0x00000002   PAD
    0x08003fd4   0x08003fd4   0x00000018   Code   RO          136    .text._ZN13geometry_msgs5Point7getTypeEv  mainpp.o
    0x08003fec   0x08003fec   0x00000036   Code   RO          158    .text._ZN13geometry_msgs5Twist11deserializeEPh  mainpp.o
    0x08004022   0x08004022   0x00000002   PAD
    0x08004024   0x08004024   0x0000000a   Code   RO          162    .text._ZN13geometry_msgs5Twist6getMD5Ev  mainpp.o
    0x0800402e   0x0800402e   0x00000002   PAD
    0x08004030   0x08004030   0x0000000a   Code   RO          160    .text._ZN13geometry_msgs5Twist7getTypeEv  mainpp.o
    0x0800403a   0x0800403a   0x00000002   PAD
    0x0800403c   0x0800403c   0x0000001e   Code   RO          166    .text._ZN13geometry_msgs7Vector311deserializeEPh  mainpp.o
    0x0800405a   0x0800405a   0x00000002   PAD
    0x0800405c   0x0800405c   0x0000000a   Code   RO          170    .text._ZN13geometry_msgs7Vector36getMD5Ev  mainpp.o
    0x08004066   0x08004066   0x00000002   PAD
    0x08004068   0x08004068   0x0000001c   Code   RO          168    .text._ZN13geometry_msgs7Vector37getTypeEv  mainpp.o
    0x08004084   0x08004084   0x0000003e   Code   RO          182    .text._ZN13geometry_msgs9Transform11deserializeEPh  mainpp.o
    0x080040c2   0x080040c2   0x00000002   PAD
    0x080040c4   0x080040c4   0x00000028   Code   RO          186    .text._ZN13geometry_msgs9Transform6getMD5Ev  mainpp.o
    0x080040ec   0x080040ec   0x0000001c   Code   RO          184    .text._ZN13geometry_msgs9Transform7getTypeEv  mainpp.o
    0x08004108   0x08004108   0x0000017a   Code   RO           86    .text._ZN14rosserial_msgs20RequestParamResponse11deserializeEPh  mainpp.o
    0x08004282   0x08004282   0x00000002   PAD
    0x08004284   0x08004284   0x00000028   Code   RO           90    .text._ZN14rosserial_msgs20RequestParamResponse6getMD5Ev  mainpp.o
    0x080042ac   0x080042ac   0x0000000a   Code   RO           88    .text._ZN14rosserial_msgs20RequestParamResponse7getTypeEv  mainpp.o
    0x080042b6   0x080042b6   0x00000002   PAD
    0x080042b8   0x080042b8   0x00000058   Code   RO           94    .text._ZN14rosserial_msgs3Log11deserializeEPh  mainpp.o
    0x08004310   0x08004310   0x00000028   Code   RO           98    .text._ZN14rosserial_msgs3Log6getMD5Ev  mainpp.o
    0x08004338   0x08004338   0x00000018   Code   RO           96    .text._ZN14rosserial_msgs3Log7getTypeEv  mainpp.o
    0x08004350   0x08004350   0x00000182   Code   RO          216    .text._ZN14rosserial_msgs9TopicInfo11deserializeEPh  mainpp.o
    0x080044d2   0x080044d2   0x00000002   PAD
    0x080044d4   0x080044d4   0x00000028   Code   RO          220    .text._ZN14rosserial_msgs9TopicInfo6getMD5Ev  mainpp.o
    0x080044fc   0x080044fc   0x00000020   Code   RO          218    .text._ZN14rosserial_msgs9TopicInfo7getTypeEv  mainpp.o
    0x0800451c   0x0800451c   0x0000011a   Code   RO          190    .text._ZN2tf9tfMessage11deserializeEPh  mainpp.o
    0x08004636   0x08004636   0x00000002   PAD
    0x08004638   0x08004638   0x00000028   Code   RO          194    .text._ZN2tf9tfMessage6getMD5Ev  mainpp.o
    0x08004660   0x08004660   0x00000014   Code   RO          192    .text._ZN2tf9tfMessage7getTypeEv  mainpp.o
    0x08004674   0x08004674   0x0000000a   Code   RO          200    .text._ZN3ros10SubscriberIN13geometry_msgs5TwistEvE10getMsgTypeEv  mainpp.o
    0x0800467e   0x0800467e   0x00000002   PAD
    0x08004680   0x08004680   0x00000004   Code   RO          198    .text._ZN3ros10SubscriberIN13geometry_msgs5TwistEvE15getEndpointTypeEv  mainpp.o
    0x08004684   0x08004684   0x00000018   Code   RO          196    .text._ZN3ros10SubscriberIN13geometry_msgs5TwistEvE8callbackEPh  mainpp.o
    0x0800469c   0x0800469c   0x0000000a   Code   RO          202    .text._ZN3ros10SubscriberIN13geometry_msgs5TwistEvE9getMsgMD5Ev  mainpp.o
    0x080046a6   0x080046a6   0x00000002   PAD
    0x080046a8   0x080046a8   0x000000e0   Code   RO          204    .text._ZN3ros11NodeHandle_I13STM32HardwareLi25ELi25ELi1024ELi1024EE15negotiateTopicsEv  mainpp.o
    0x08004788   0x08004788   0x00000178   Code   RO           80    .text._ZN3ros11NodeHandle_I13STM32HardwareLi25ELi25ELi1024ELi1024EE7publishEiPKNS_3MsgE  mainpp.o
    0x08004900   0x08004900   0x0000035a   Code   RO           78    .text._ZN3ros11NodeHandle_I13STM32HardwareLi25ELi25ELi1024ELi1024EE8spinOnceEv  mainpp.o
    0x08004c5a   0x08004c5a   0x00000002   PAD
    0x08004c5c   0x08004c5c   0x00000140   Code   RO           76    .text._ZN3ros11NodeHandle_I13STM32HardwareLi25ELi25ELi1024ELi1024EE9advertiseERNS_9PublisherE  mainpp.o
    0x08004d9c   0x08004d9c   0x00000006   Code   RO           82    .text._ZN3ros11NodeHandle_I13STM32HardwareLi25ELi25ELi1024ELi1024EE9connectedEv  mainpp.o
    0x08004da2   0x08004da2   0x00000002   PAD
    0x08004da4   0x08004da4   0x00000140   Code   RO           74    .text._ZN3ros11NodeHandle_I13STM32HardwareLi25ELi25ELi1024ELi1024EE9subscribeERNS_11Subscriber_E  mainpp.o
    0x08004ee4   0x08004ee4   0x00000030   Code   RO           27    .text._ZN3ros16normalizeSecNSecERjS0_  time.o
    0x08004f14   0x08004f14   0x00000174   Code   RO          102    .text._ZN8nav_msgs8Odometry11deserializeEPh  mainpp.o
    0x08005088   0x08005088   0x00000028   Code   RO          106    .text._ZN8nav_msgs8Odometry6getMD5Ev  mainpp.o
    0x080050b0   0x080050b0   0x00000018   Code   RO          104    .text._ZN8nav_msgs8Odometry7getTypeEv  mainpp.o
    0x080050c8   0x080050c8   0x0000003e   Code   RO          208    .text._ZN8std_msgs4Time11deserializeEPh  mainpp.o
    0x08005106   0x08005106   0x00000002   PAD
    0x08005108   0x08005108   0x00000028   Code   RO          212    .text._ZN8std_msgs4Time6getMD5Ev  mainpp.o
    0x08005130   0x08005130   0x00000014   Code   RO          210    .text._ZN8std_msgs4Time7getTypeEv  mainpp.o
    0x08005144   0x08005144   0x000000ac   Code   RO          110    .text._ZN8std_msgs6Header11deserializeEPh  mainpp.o
    0x080051f0   0x080051f0   0x00000028   Code   RO          114    .text._ZN8std_msgs6Header6getMD5Ev  mainpp.o
    0x08005218   0x08005218   0x00000014   Code   RO          112    .text._ZN8std_msgs6Header7getTypeEv  mainpp.o
    0x0800522c   0x0800522c   0x000000a4   Code   RO          140    .text._ZNK13geometry_msgs10Quaternion9serializeEPh  mainpp.o
    0x080052d0   0x080052d0   0x0000007e   Code   RO          172    .text._ZNK13geometry_msgs16TransformStamped9serializeEPh  mainpp.o
    0x0800534e   0x0800534e   0x00000002   PAD
    0x08005350   0x08005350   0x00000118   Code   RO          116    .text._ZNK13geometry_msgs18PoseWithCovariance9serializeEPh  mainpp.o
    0x08005468   0x08005468   0x00000118   Code   RO          148    .text._ZNK13geometry_msgs19TwistWithCovariance9serializeEPh  mainpp.o
    0x08005580   0x08005580   0x00000142   Code   RO          124    .text._ZNK13geometry_msgs4Pose9serializeEPh  mainpp.o
    0x080056c2   0x080056c2   0x00000002   PAD
    0x080056c4   0x080056c4   0x0000007c   Code   RO          132    .text._ZNK13geometry_msgs5Point9serializeEPh  mainpp.o
    0x08005740   0x08005740   0x0000010e   Code   RO          156    .text._ZNK13geometry_msgs5Twist9serializeEPh  mainpp.o
    0x0800584e   0x0800584e   0x00000002   PAD
    0x08005850   0x08005850   0x0000007c   Code   RO          164    .text._ZNK13geometry_msgs7Vector39serializeEPh  mainpp.o
    0x080058cc   0x080058cc   0x00000142   Code   RO          180    .text._ZNK13geometry_msgs9Transform9serializeEPh  mainpp.o
    0x08005a0e   0x08005a0e   0x00000002   PAD
    0x08005a10   0x08005a10   0x000000e2   Code   RO           84    .text._ZNK14rosserial_msgs20RequestParamResponse9serializeEPh  mainpp.o
    0x08005af2   0x08005af2   0x00000002   PAD
    0x08005af4   0x08005af4   0x00000024   Code   RO           92    .text._ZNK14rosserial_msgs3Log9serializeEPh  mainpp.o
    0x08005b18   0x08005b18   0x00000064   Code   RO          214    .text._ZNK14rosserial_msgs9TopicInfo9serializeEPh  mainpp.o
    0x08005b7c   0x08005b7c   0x00000050   Code   RO          188    .text._ZNK2tf9tfMessage9serializeEPh  mainpp.o
    0x08005bcc   0x08005bcc   0x00000276   Code   RO          100    .text._ZNK8nav_msgs8Odometry9serializeEPh  mainpp.o
    0x08005e42   0x08005e42   0x00000002   PAD
    0x08005e44   0x08005e44   0x00000028   Code   RO          206    .text._ZNK8std_msgs4Time9serializeEPh  mainpp.o
    0x08005e6c   0x08005e6c   0x00000058   Code   RO          108    .text._ZNK8std_msgs6Header9serializeEPh  mainpp.o
    0x08005ec4   0x08005ec4   0x00000004   PAD
    0x08005ec8   0x08005ec8   0x00000228   Code   RO           55    .text.loop          mainpp.o
    0x080060f0   0x080060f0   0x0000004a   Code   RO          351    .text.main          main.o
    0x0800613a   0x0800613a   0x00000002   PAD
    0x0800613c   0x0800613c   0x00000002   Code   RO           45    .text.rosserial_idle_cb  mainpp.o
    0x0800613e   0x0800613e   0x00000002   PAD
    0x08006140   0x08006140   0x0000006c   Code   RO           53    .text.setup         mainpp.o
    0x080061ac   0x080061ac   0x00000030   Code   RO         1738    i.__ARM_fpclassify  m_wm.l(fpclassify.o)
    0x080061dc   0x080061dc   0x00000004   PAD
    0x080061e0   0x080061e0   0x000000c8   Code   RO         1432    i.__hardfp_cos      m_wm.l(cos.o)
    0x080062a8   0x080062a8   0x000000c8   Code   RO         1438    i.__hardfp_sin      m_wm.l(sin.o)
    0x08006370   0x08006370   0x00000438   Code   RO         1613    i.__ieee754_rem_pio2  m_wm.l(rred.o)
    0x080067a8   0x080067a8   0x00000170   Code   RO         1596    i.__kernel_cos      m_wm.l(cos_i.o)
    0x08006918   0x08006918   0x000000f8   Code   RO         1740    i.__kernel_poly     m_wm.l(poly.o)
    0x08006a10   0x08006a10   0x00000130   Code   RO         1618    i.__kernel_sin      m_wm.l(sin_i.o)
    0x08006b40   0x08006b40   0x00000014   Code   RO         1600    i.__mathlib_dbl_infnan  m_wm.l(dunder.o)
    0x08006b54   0x08006b54   0x00000004   PAD
    0x08006b58   0x08006b58   0x00000020   Code   RO         1602    i.__mathlib_dbl_invalid  m_wm.l(dunder.o)
    0x08006b78   0x08006b78   0x00000020   Code   RO         1605    i.__mathlib_dbl_underflow  m_wm.l(dunder.o)
    0x08006b98   0x08006b98   0x00000018   Code   RO         1734    i.fabs              m_wm.l(fabs.o)
    0x08006bb0   0x08006bb0   0x00000018   Code   RO         1577    x$fpl$basic         fz_wm.l(basic.o)
    0x08006bc8   0x08006bc8   0x00000062   Code   RO         1406    x$fpl$d2f           fz_wm.l(d2f.o)
    0x08006c2a   0x08006c2a   0x00000002   PAD
    0x08006c2c   0x08006c2c   0x00000150   Code   RO         1408    x$fpl$dadd          fz_wm.l(daddsub_clz.o)
    0x08006d7c   0x08006d7c   0x000002b8   Code   RO         1415    x$fpl$ddiv          fz_wm.l(ddiv.o)
    0x08007034   0x08007034   0x0000005e   Code   RO         1418    x$fpl$dfix          fz_wm.l(dfix.o)
    0x08007092   0x08007092   0x0000002e   Code   RO         1423    x$fpl$dflt          fz_wm.l(dflt_clz.o)
    0x080070c0   0x080070c0   0x00000026   Code   RO         1422    x$fpl$dfltu         fz_wm.l(dflt_clz.o)
    0x080070e6   0x080070e6   0x00000002   PAD
    0x080070e8   0x080070e8   0x00000154   Code   RO         1428    x$fpl$dmul          fz_wm.l(dmul.o)
    0x0800723c   0x0800723c   0x0000009c   Code   RO         1579    x$fpl$dnaninf       fz_wm.l(dnaninf.o)
    0x080072d8   0x080072d8   0x0000000c   Code   RO         1581    x$fpl$dretinf       fz_wm.l(dretinf.o)
    0x080072e4   0x080072e4   0x00000016   Code   RO         1409    x$fpl$drsb          fz_wm.l(daddsub_clz.o)
    0x080072fa   0x080072fa   0x00000002   PAD
    0x080072fc   0x080072fc   0x000001dc   Code   RO         1410    x$fpl$dsub          fz_wm.l(daddsub_clz.o)
    0x080074d8   0x080074d8   0x00000056   Code   RO         1430    x$fpl$f2d           fz_wm.l(f2d.o)
    0x0800752e   0x0800752e   0x0000008c   Code   RO         1583    x$fpl$fnaninf       fz_wm.l(fnaninf.o)
    0x080075ba   0x080075ba   0x0000001a   Code   RO         1811    x$fpl$fpinit        fz_wm.l(fpinit.o)
    0x080075d4   0x080075d4   0x0000000a   Code   RO         1585    x$fpl$fretinf       fz_wm.l(fretinf.o)
    0x080075de   0x080075de   0x00000000   Code   RO         1595    x$fpl$usenofp       fz_wm.l(usenofp.o)
    0x080075de   0x080075de   0x00000002   PAD
    0x080075e0   0x080075e0   0x00000030   Data   RO         1597    .constdata          m_wm.l(cos_i.o)
    0x08007610   0x08007610   0x000000cc   Data   RO         1615    .constdata          m_wm.l(rred.o)
    0x080076dc   0x080076dc   0x00000004   PAD
    0x080076e0   0x080076e0   0x00000028   Data   RO         1619    .constdata          m_wm.l(sin_i.o)
    0x08007708   0x08007708   0x00000010   Data   RO         1321    .rodata.AHBPrescTable  system_stm32f4xx.o
    0x08007718   0x08007718   0x00000008   Data   RO         1322    .rodata.APBPrescTable  system_stm32f4xx.o
    0x08007720   0x08007720   0x0000001c   Data   RO           64    .rodata._ZN14rosserial_msgsL12REQUESTPARAME  mainpp.o
    0x0800773c   0x0800773c   0x00000018   Data   RO          230    .rodata._ZTVN13geometry_msgs10QuaternionE  mainpp.o
    0x08007754   0x08007754   0x00000018   Data   RO          234    .rodata._ZTVN13geometry_msgs16TransformStampedE  mainpp.o
    0x0800776c   0x0800776c   0x00000018   Data   RO          227    .rodata._ZTVN13geometry_msgs18PoseWithCovarianceE  mainpp.o
    0x08007784   0x08007784   0x00000018   Data   RO          231    .rodata._ZTVN13geometry_msgs19TwistWithCovarianceE  mainpp.o
    0x0800779c   0x0800779c   0x00000018   Data   RO          228    .rodata._ZTVN13geometry_msgs4PoseE  mainpp.o
    0x080077b4   0x080077b4   0x00000018   Data   RO          229    .rodata._ZTVN13geometry_msgs5PointE  mainpp.o
    0x080077cc   0x080077cc   0x00000018   Data   RO          232    .rodata._ZTVN13geometry_msgs5TwistE  mainpp.o
    0x080077e4   0x080077e4   0x00000018   Data   RO          233    .rodata._ZTVN13geometry_msgs7Vector3E  mainpp.o
    0x080077fc   0x080077fc   0x00000018   Data   RO          235    .rodata._ZTVN13geometry_msgs9TransformE  mainpp.o
    0x08007814   0x08007814   0x00000018   Data   RO          223    .rodata._ZTVN14rosserial_msgs20RequestParamResponseE  mainpp.o
    0x0800782c   0x0800782c   0x00000018   Data   RO          224    .rodata._ZTVN14rosserial_msgs3LogE  mainpp.o
    0x08007844   0x08007844   0x00000018   Data   RO          239    .rodata._ZTVN14rosserial_msgs9TopicInfoE  mainpp.o
    0x0800785c   0x0800785c   0x00000018   Data   RO          236    .rodata._ZTVN2tf9tfMessageE  mainpp.o
    0x08007874   0x08007874   0x00000018   Data   RO          237    .rodata._ZTVN3ros10SubscriberIN13geometry_msgs5TwistEvEE  mainpp.o
    0x0800788c   0x0800788c   0x00000014   Data   RO          222    .rodata._ZTVN3ros11NodeHandle_I13STM32HardwareLi25ELi25ELi1024ELi1024EEE  mainpp.o
    0x080078a0   0x080078a0   0x00000018   Data   RO          225    .rodata._ZTVN8nav_msgs8OdometryE  mainpp.o
    0x080078b8   0x080078b8   0x00000018   Data   RO          238    .rodata._ZTVN8std_msgs4TimeE  mainpp.o
    0x080078d0   0x080078d0   0x00000018   Data   RO          226    .rodata._ZTVN8std_msgs6HeaderE  mainpp.o
    0x080078e8   0x080078e8   0x00000008   Data   RO          981    .rodata.cst8        stm32f4xx_hal_dma.o
    0x080078f0   0x080078f0   0x00000068   Data   RO           60    .rodata.str1.1      mainpp.o
    0x08007958   0x08007958   0x00000020   Data   RO         1894    Region$$Table       anon$$obj.o


    Execution Region RW_IRAM1 (Exec base: 0x20000000, Load base: 0x08007978, Size: 0x00002930, Max: 0x0001c000, ABSOLUTE, COMPRESSED[0x000000e0])

    Exec Addr    Load Addr    Size         Type   Attr      Idx    E Section Name        Object

    0x20000000   COMPRESSED   0x00000028   Data   RW           65    .data..L_MergedGlobals  mainpp.o
    0x20000028   COMPRESSED   0x00000008   Data   RW         1159    .data..L_MergedGlobals  stm32f4xx_hal.o
    0x20000030   COMPRESSED   0x00000004   Data   RW         1320    .data.SystemCoreClock  system_stm32f4xx.o
    0x20000034   COMPRESSED   0x00000004   PAD
    0x20000038   COMPRESSED   0x00000098   Data   RW           63    .data.broadcaster   mainpp.o
    0x200000d0   COMPRESSED   0x00000d34   Data   RW           58    .data.nh            mainpp.o
    0x20000e04   COMPRESSED   0x00000004   PAD
    0x20000e08   COMPRESSED   0x00000308   Data   RW           61    .data.odom_msg      mainpp.o
    0x20001110   COMPRESSED   0x00000070   Data   RW           62    .data.odom_trans    mainpp.o
    0x20001180   COMPRESSED   0x00000060   Data   RW           59    .data.sub_cmd_vel   mainpp.o
    0x200011e0        -       0x00000060   Zero   RW         1622    .bss                c_w.l(libspace.o)
    0x20001240        -       0x00000002   Zero   RW          263    .bss..L_MergedGlobals  serial.o
    0x20001242   COMPRESSED   0x00000002   PAD
    0x20001244        -       0x0000006c   Zero   RW          330    .bss..L_MergedGlobals  control.o
    0x200012b0        -       0x00000008   Zero   RW           66    .bss..L_MergedGlobals.40  mainpp.o
    0x200012b8        -       0x00000002   Zero   RW          361    .bss.HAL_TIM_PeriodElapsedCallback.task_scheduler_counter  main.o
    0x200012ba   COMPRESSED   0x00000002   PAD
    0x200012bc        -       0x00000060   Zero   RW          435    .bss.hdma_usart3_rx  usart.o
    0x2000131c        -       0x00000060   Zero   RW          436    .bss.hdma_usart3_tx  usart.o
    0x2000137c        -       0x00000048   Zero   RW          413    .bss.htim2          tim.o
    0x200013c4        -       0x00000048   Zero   RW          414    .bss.htim3          tim.o
    0x2000140c        -       0x00000048   Zero   RW          415    .bss.htim4          tim.o
    0x20001454        -       0x00000048   Zero   RW          416    .bss.htim6          tim.o
    0x2000149c        -       0x00000048   Zero   RW          433    .bss.huart1         usart.o
    0x200014e4        -       0x00000048   Zero   RW          434    .bss.huart3         usart.o
    0x2000152c        -       0x00000004   Zero   RW         1158    .bss.uwTick         stm32f4xx_hal.o
    0x20001530        -       0x00000400   Zero   RW            2    HEAP                startup_stm32f407xx.o
    0x20001930        -       0x00001000   Zero   RW            1    STACK               startup_stm32f407xx.o


    Execution Region RW_IRAM2 (Exec base: 0x2001c000, Load base: 0x08007a58, Size: 0x00000000, Max: 0x00004000, ABSOLUTE)

    **** No section assigned to this execution region ****


==============================================================================

Image component sizes


      Code (inc. data)   RO Data    RW Data    ZI Data      Debug   Object Name

       608         48          0          0        108       3741   control.o
        72          0          0          0          0       3476   dma.o
        38          0          0          0          0        714   encoder.o
       286          0          0          0          0       2266   gpio.o
         2          0          0          0          0       1346   key.o
       338          0          0          0          2       7028   main.o
      9450        902        560       4556          8      77435   mainpp.o
       240          0          0          0          0       4508   motor.o
       172          4          0          0          0       1330   pid.o
        66          0          0          0          2       6515   serial.o
        64         26        392          0       5120        856   startup_stm32f407xx.o
       164          0          0          8          4       7309   stm32f4xx_hal.o
       196          0          0          0          0      10726   stm32f4xx_hal_cortex.o
      1146          6          8          0          0      10538   stm32f4xx_hal_dma.o
       424          0          0          0          0       5356   stm32f4xx_hal_gpio.o
        56          0          0          0          0       1464   stm32f4xx_hal_msp.o
      1480          0          0          0          0       7480   stm32f4xx_hal_rcc.o
      2186          6          0          0          0      57434   stm32f4xx_hal_tim.o
       190          0          0          0          0      21491   stm32f4xx_hal_tim_ex.o
      3648          0          0          0          0      32249   stm32f4xx_hal_uart.o
       136          0          0          0          0       6313   stm32f4xx_it.o
        18          0         24          4          0       2593   system_stm32f4xx.o
       880          0          0          0        288      11287   tim.o
        48          0          0          0          0      14457   time.o
       486          0          0          0        336       7450   usart.o

    ----------------------------------------------------------------------
     22560        992       1016       4576       5872     305362   Object Totals
         0          0         32          0          0          0   (incl. Generated)
       166          0          0          8          4          0   (incl. Padding)

    ----------------------------------------------------------------------

      Code (inc. data)   RO Data    RW Data    ZI Data      Debug   Library Member Name

        90          0          0          0          0          0   __dczerorl2.o
         8          0          0          0          0         68   __main.o
         0          0          0          0          0          0   __rtentry.o
        12          0          0          0          0          0   __rtentry2.o
         6          0          0          0          0          0   __rtentry4.o
        94          8          0          0          0          0   __scatter.o
        28          0          0          0          0          0   __scatter_zi.o
        22          0          0          0          0        100   _rserrno.o
        10          0          0          0          0         68   defsig_exit.o
        50          0          0          0          0         88   defsig_general.o
        80         58          0          0          0         76   defsig_rtmem_inner.o
        14          0          0          0          0         80   defsig_rtmem_outer.o
        18          0          0          0          0         80   exit.o
        94          0          0          0          0         80   h1_alloc.o
        52          0          0          0          0         68   h1_extend.o
        78          0          0          0          0         80   h1_free.o
        12          0          0          0          0         84   h1_init.o
       196          0          0          0          0         92   h1_realloc.o
         6          0          0          0          0        152   heapauxi.o
         4          0          0          0          0        136   hguard.o
         0          0          0          0          0          0   indicate_semi.o
       138          0          0          0          0        168   init_alloc.o
         2          0          0          0          0          0   libinit.o
        14          0          0          0          0          0   libinit2.o
         2          0          0          0          0          0   libshutdown.o
         2          0          0          0          0          0   libshutdown2.o
         8          4          0          0         96         68   libspace.o
       240          0          0          0          0        100   lludivv7m.o
         0          0          0          0          0          0   maybetermalloc1.o
         8          4          0          0          0         68   rt_errno_addr_intlibspace.o
         8          4          0          0          0         68   rt_heap_descriptor_intlibspace.o
        78          0          0          0          0         80   rt_memclr_w.o
       138          0          0          0          0         68   rt_memcpy_v6.o
       100          0          0          0          0         80   rt_memcpy_w.o
       132          0          0          0          0         68   rt_memmove_v6.o
       122          0          0          0          0         80   rt_memmove_w.o
         2          0          0          0          0          0   rtexit.o
        10          0          0          0          0          0   rtexit2.o
        62          0          0          0          0         76   strlen.o
        12          4          0          0          0         68   sys_exit.o
        74          0          0          0          0         80   sys_stackheap_outer.o
        14          0          0          0          0         76   sys_wrch.o
         2          0          0          0          0         68   use_no_semi.o
        24          0          0          0          0        164   basic.o
        98          4          0          0          0        140   d2f.o
       834         16          0          0          0        516   daddsub_clz.o
       696        140          0          0          0        264   ddiv.o
        94          4          0          0          0        140   dfix.o
        84          0          0          0          0        232   dflt_clz.o
       340         12          0          0          0        152   dmul.o
       156          4          0          0          0        140   dnaninf.o
        12          0          0          0          0        116   dretinf.o
        86          4          0          0          0        132   f2d.o
       140          4          0          0          0        132   fnaninf.o
        26          0          0          0          0        116   fpinit.o
        10          0          0          0          0        116   fretinf.o
         0          0          0          0          0          0   usenofp.o
       200         20          0          0          0        164   cos.o
       368         46         48          0          0        200   cos_i.o
        84         16          0          0          0        372   dunder.o
        24          0          0          0          0        124   fabs.o
        48          0          0          0          0        124   fpclassify.o
       248          0          0          0          0        152   poly.o
      1080        142        204          0          0        188   rred.o
       200         20          0          0          0        164   sin.o
       304         24         40          0          0        208   sin_i.o

    ----------------------------------------------------------------------
      7224        538        296          0         96       6524   Library Totals
        26          0          4          0          0          0   (incl. Padding)

    ----------------------------------------------------------------------

      Code (inc. data)   RO Data    RW Data    ZI Data      Debug   Library Name

      2042         82          0          0         96       2468   c_w.l
      2600        188          0          0          0       2360   fz_wm.l
      2556        268        292          0          0       1696   m_wm.l

    ----------------------------------------------------------------------
      7224        538        296          0         96       6524   Library Totals

    ----------------------------------------------------------------------

==============================================================================


      Code (inc. data)   RO Data    RW Data    ZI Data      Debug   

     29784       1530       1312       4576       5968     307642   Grand Totals
     29784       1530       1312        224       5968     307642   ELF Image Totals (compressed)
     29784       1530       1312        224          0          0   ROM Totals

==============================================================================

    Total RO  Size (Code + RO Data)                31096 (  30.37kB)
    Total RW  Size (RW Data + ZI Data)             10544 (  10.30kB)
    Total ROM Size (Code + RO Data + RW Data)      31320 (  30.59kB)

==============================================================================

